--- Starting Legate Application ---
[1756906220.875483] [eos0117:3273435:0]           debug.c:1158 UCX  DEBUG using signal stack 0x7ffff7b4d000 size 141824
[1756906220.877623] [eos0117:3273435:0]             cpu.c:339  UCX  DEBUG measured tsc frequency 1992.269 MHz after 0.10 ms
[1756906220.877637] [eos0117:3273435:0]            init.c:121  UCX  DEBUG /opt/nvidia/hpc_sdk/Linux_x86_64/25.3/comm_libs/12.8/hpcx/hpcx-2.22.1/ucx/lib/libucs.so.0 loaded at 0x7ffff7e30000
[1756906220.877645] [eos0117:3273435:0]            init.c:122  UCX  DEBUG cmd line: bash /root/miniconda3/envs/legate/share/legate/libexec/legate-bind.sh --launcher auto -- python /project/coreai_devtech_all/shixunw/cupynumeric.internal/test_fancy_indexing.py 
[1756906220.877651] [eos0117:3273435:0]          module.c:72   UCX  DEBUG ucs library path: /opt/nvidia/hpc_sdk/Linux_x86_64/25.3/comm_libs/12.8/hpcx/hpcx-2.22.1/ucx/lib/libucs.so.0
[1756906220.877652] [eos0117:3273435:0]          module.c:280  UCX  DEBUG loading modules for ucs
[1756906220.877654] [eos0117:3273435:0]          module.c:242  UCX  DEBUG loading module 'fuse' with mode 0x101
[1756906220.877712] [eos0117:3273435:0]          module.c:183  UCX  DEBUG loaded /opt/nvidia/hpc_sdk/Linux_x86_64/25.3/comm_libs/12.8/hpcx/hpcx-2.22.1/ucx/lib/ucx/libucs_fuse.so.0.0.0 [0x5555556b9580]
[eos0117.eos.clusters.nvidia.com:3273435] mca: base: components_register: registering framework btl components
[eos0117.eos.clusters.nvidia.com:3273435] mca: base: components_register: found loaded component vader
[eos0117.eos.clusters.nvidia.com:3273435] mca: base: components_register: component vader register function successful
[eos0117.eos.clusters.nvidia.com:3273435] mca: base: components_register: found loaded component tcp
[eos0117.eos.clusters.nvidia.com:3273435] mca: base: components_register: component tcp register function successful
[eos0117.eos.clusters.nvidia.com:3273435] mca: base: components_register: found loaded component smcuda
[eos0117.eos.clusters.nvidia.com:3273435] mca: base: components_register: component smcuda register function successful
[eos0117.eos.clusters.nvidia.com:3273435] mca: base: components_register: found loaded component sm
[eos0117.eos.clusters.nvidia.com:3273435] mca: base: components_register: found loaded component self
[eos0117.eos.clusters.nvidia.com:3273435] mca: base: components_register: component self register function successful
[eos0117.eos.clusters.nvidia.com:3273435] mca: base: components_open: opening btl components
[eos0117.eos.clusters.nvidia.com:3273435] mca: base: components_open: found loaded component vader
[eos0117.eos.clusters.nvidia.com:3273435] mca: base: components_open: component vader open function successful
[eos0117.eos.clusters.nvidia.com:3273435] mca: base: components_open: found loaded component tcp
[eos0117.eos.clusters.nvidia.com:3273435] mca: base: components_open: component tcp open function successful
[eos0117.eos.clusters.nvidia.com:3273435] mca: base: components_open: found loaded component smcuda
[eos0117.eos.clusters.nvidia.com:3273435] btl: smcuda: cuda_max_send_size=131072, max_send_size=32768, max_frag_size=131072
[eos0117.eos.clusters.nvidia.com:3273435] mca: base: components_open: component smcuda open function successful
[eos0117.eos.clusters.nvidia.com:3273435] mca: base: components_open: found loaded component self
[eos0117.eos.clusters.nvidia.com:3273435] mca: base: components_open: component self open function successful
[eos0117.eos.clusters.nvidia.com:3273435] select: initializing btl component vader
[eos0117.eos.clusters.nvidia.com:3273435] select: init of component vader returned success
[eos0117.eos.clusters.nvidia.com:3273435] select: initializing btl component tcp
[eos0117.eos.clusters.nvidia.com:3273435] btl: tcp: Using interface: eth3 
[eos0117.eos.clusters.nvidia.com:3273435] btl:tcp: Attempting to bind to AF_INET port 1024
[eos0117.eos.clusters.nvidia.com:3273435] btl:tcp: Attempting to bind to AF_INET port 1025
[eos0117.eos.clusters.nvidia.com:3273435] btl:tcp: Attempting to bind to AF_INET port 1026
[eos0117.eos.clusters.nvidia.com:3273435] btl:tcp: Attempting to bind to AF_INET port 1027
[eos0117.eos.clusters.nvidia.com:3273435] btl:tcp: Successfully bound to AF_INET port 1027
[eos0117.eos.clusters.nvidia.com:3273435] btl:tcp: my listening v4 socket is 0.0.0.0:1027
[eos0117.eos.clusters.nvidia.com:3273435] btl:tcp: examining interface eth3
[eos0117.eos.clusters.nvidia.com:3273435] btl:tcp: using ipv6 interface eth3
[eos0117.eos.clusters.nvidia.com:3273435] select: init of component tcp returned success
[eos0117.eos.clusters.nvidia.com:3273435] select: initializing btl component smcuda
[eos0117.eos.clusters.nvidia.com:3273435] select: init of component smcuda returned success
[eos0117.eos.clusters.nvidia.com:3273435] select: initializing btl component self
[eos0117.eos.clusters.nvidia.com:3273435] select: init of component self returned success
[1756906220.921838] [eos0117:3273435:0]           debug.c:1158 UCX  DEBUG using signal stack 0x7ffff7b92000 size 141824
[1756906220.924792] [eos0117:3273435:0]             cpu.c:339  UCX  DEBUG measured tsc frequency 1984.849 MHz after 0.07 ms
[1756906220.924807] [eos0117:3273435:0]            init.c:121  UCX  DEBUG /opt/nvidia/hpc_sdk/Linux_x86_64/25.3/comm_libs/12.8/hpcx/hpcx-2.22.1/ucx/lib/libucs.so.0 loaded at 0x7ffff7e30000
[1756906220.924814] [eos0117:3273435:0]            init.c:122  UCX  DEBUG cmd line: python /project/coreai_devtech_all/shixunw/cupynumeric.internal/test_fancy_indexing.py 
[1756906220.924821] [eos0117:3273435:0]          module.c:72   UCX  DEBUG ucs library path: /opt/nvidia/hpc_sdk/Linux_x86_64/25.3/comm_libs/12.8/hpcx/hpcx-2.22.1/ucx/lib/libucs.so.0
[1756906220.924822] [eos0117:3273435:0]          module.c:280  UCX  DEBUG loading modules for ucs
[1756906220.924824] [eos0117:3273435:0]          module.c:242  UCX  DEBUG loading module 'fuse' with mode 0x101
[1756906220.924884] [eos0117:3273435:0]          module.c:183  UCX  DEBUG loaded /opt/nvidia/hpc_sdk/Linux_x86_64/25.3/comm_libs/12.8/hpcx/hpcx-2.22.1/ucx/lib/ucx/libucs_fuse.so.0.0.0 [0x555555b33500]
[1756906221.420873] [eos0117:3273435:0]            time.c:22   UCX  DEBUG arch clock frequency: 1984849315.07 Hz
[1756906221.420916] [eos0117:3273435:0]     ucp_context.c:2257 UCX  INFO  Version 1.18.0 (loaded from /opt/nvidia/hpc_sdk/Linux_x86_64/25.3/comm_libs/12.8/hpcx/hpcx-2.22.1/ucx/lib/libucp.so.0)
[1756906221.420921] [eos0117:3273435:0]     ucp_context.c:2016 UCX  DEBUG estimated number of endpoints is 16
[1756906221.420922] [eos0117:3273435:0]     ucp_context.c:2023 UCX  DEBUG estimated number of endpoints per node is 8
[1756906221.420923] [eos0117:3273435:0]     ucp_context.c:2033 UCX  DEBUG estimated bcopy bandwidth is 7340032000.000000
[1756906221.420928] [eos0117:3273435:0]     ucp_context.c:2092 UCX  DEBUG allocation method[0] is md 'sysv'
[1756906221.420929] [eos0117:3273435:0]     ucp_context.c:2092 UCX  DEBUG allocation method[1] is md 'posix'
[1756906221.420933] [eos0117:3273435:0]     ucp_context.c:2104 UCX  DEBUG allocation method[2] is 'thp'
[1756906221.420934] [eos0117:3273435:0]     ucp_context.c:2092 UCX  DEBUG allocation method[3] is md '*'
[1756906221.420934] [eos0117:3273435:0]     ucp_context.c:2104 UCX  DEBUG allocation method[4] is 'mmap'
[1756906221.420935] [eos0117:3273435:0]     ucp_context.c:2104 UCX  DEBUG allocation method[5] is 'heap'
[1756906221.420943] [eos0117:3273435:0]          module.c:280  UCX  DEBUG loading modules for uct
[1756906221.420944] [eos0117:3273435:0]          module.c:242  UCX  DEBUG loading module 'cuda' with mode 0x1
[1756906226.443530] [eos0117:3273435:0]          module.c:183  UCX  DEBUG loaded /opt/nvidia/hpc_sdk/Linux_x86_64/25.3/comm_libs/12.8/hpcx/hpcx-2.22.1/ucx/lib/ucx/libuct_cuda.so.0.0.0 [0x5555563db430]
[1756906226.443548] [eos0117:3273435:0]          module.c:192  UCX  DEBUG calling 'ucs_module_global_init' in '/opt/nvidia/hpc_sdk/Linux_x86_64/25.3/comm_libs/12.8/hpcx/hpcx-2.22.1/ucx/lib/ucx/libuct_cuda.so.0.0.0': [0x7fffcaa6b470]
[1756906226.443553] [eos0117:3273435:0]          module.c:280  UCX  DEBUG loading modules for uct_cuda
[1756906226.443555] [eos0117:3273435:0]          module.c:242  UCX  DEBUG loading module 'gdrcopy' with mode 0x1
[1756906226.443735] [eos0117:3273435:0]          module.c:183  UCX  DEBUG loaded /opt/nvidia/hpc_sdk/Linux_x86_64/25.3/comm_libs/12.8/hpcx/hpcx-2.22.1/ucx/lib/ucx/libuct_cuda_gdrcopy.so.0.0.0 [0x55555638b9a0]
[1756906226.443739] [eos0117:3273435:0]          module.c:165  UCX  DEBUG ignoring 'ucs_module_global_init' (0x7fffcaa6b470) from libuct_cuda.so.0 (0x7fffcaa63000), expected in libuct_cuda_gdrcopy.so.0 (7fffcaa0a000)
[1756906226.443741] [eos0117:3273435:0]          module.c:242  UCX  DEBUG loading module 'ib' with mode 0x1
[1756906226.443947] [eos0117:3273435:0]          module.c:280  UCX  DEBUG loading modules for uct_ib
[1756906226.443949] [eos0117:3273435:0]          module.c:242  UCX  DEBUG loading module 'mlx5' with mode 0x1
[1756906226.444221] [eos0117:3273435:0]          module.c:183  UCX  DEBUG loaded /opt/nvidia/hpc_sdk/Linux_x86_64/25.3/comm_libs/12.8/hpcx/hpcx-2.22.1/ucx/lib/ucx/libuct_ib_mlx5.so.0.0.0 [0x55555638d6b0]
[1756906226.444230] [eos0117:3273435:0]          module.c:183  UCX  DEBUG loaded /opt/nvidia/hpc_sdk/Linux_x86_64/25.3/comm_libs/12.8/hpcx/hpcx-2.22.1/ucx/lib/ucx/libuct_ib.so.0.0.0 [0x55555638c6a0]
[1756906226.444232] [eos0117:3273435:0]          module.c:242  UCX  DEBUG loading module 'rdmacm' with mode 0x1
[1756906226.444400] [eos0117:3273435:0]          module.c:183  UCX  DEBUG loaded /opt/nvidia/hpc_sdk/Linux_x86_64/25.3/comm_libs/12.8/hpcx/hpcx-2.22.1/ucx/lib/ucx/libuct_rdmacm.so.0.0.0 [0x55555638e8b0]
[1756906226.444401] [eos0117:3273435:0]          module.c:242  UCX  DEBUG loading module 'cma' with mode 0x1
[1756906226.444454] [eos0117:3273435:0]          module.c:183  UCX  DEBUG loaded /opt/nvidia/hpc_sdk/Linux_x86_64/25.3/comm_libs/12.8/hpcx/hpcx-2.22.1/ucx/lib/ucx/libuct_cma.so.0.0.0 [0x55555638f8d0]
[1756906226.444506] [eos0117:3273435:0]            topo.c:298  UCX  DEBUG added sys_dev 0 for bus id 1b:00.0
[1756906226.444523] [eos0117:3273435:0]            topo.c:298  UCX  DEBUG added sys_dev 1 for bus id 43:00.0
[1756906226.444537] [eos0117:3273435:0]            topo.c:298  UCX  DEBUG added sys_dev 2 for bus id 52:00.0
[1756906226.444553] [eos0117:3273435:0]            topo.c:298  UCX  DEBUG added sys_dev 3 for bus id 61:00.0
[1756906226.444567] [eos0117:3273435:0]            topo.c:298  UCX  DEBUG added sys_dev 4 for bus id 9d:00.0
[1756906226.444581] [eos0117:3273435:0]            topo.c:298  UCX  DEBUG added sys_dev 5 for bus id c3:00.0
[1756906226.444596] [eos0117:3273435:0]            topo.c:298  UCX  DEBUG added sys_dev 6 for bus id d1:00.0
[1756906226.444609] [eos0117:3273435:0]            topo.c:298  UCX  DEBUG added sys_dev 7 for bus id df:00.0
[1756906226.445771] [eos0117:3273435:0]            topo.c:895  UCX  DEBUG /sys/class/net/bmc-redfish0/lower_enx0a24f5048325: sysfs path undetected
[1756906226.445774] [eos0117:3273435:0]            topo.c:556  UCX  DEBUG bmc-redfish0: system device unknown
[1756906226.450422] [eos0117:3273435:0]            topo.c:899  UCX  DEBUG /sys/class/net/eth3: PF sysfs path is '/sys/devices/pci0000:80/0000:80:05.0/0000:82:00.1'
[1756906226.450439] [eos0117:3273435:0]            topo.c:298  UCX  DEBUG added sys_dev 8 for bus id 82:00.1
[1756906226.450441] [eos0117:3273435:0]            topo.c:552  UCX  DEBUG eth3: bdf_name 0000:82:00.1 sys_dev 8
[1756906226.450898] [eos0117:3273435:0]            topo.c:899  UCX  DEBUG /sys/class/net/ibp154s0: PF sysfs path is '/sys/devices/pci0000:97/0000:97:01.0/0000:98:00.0/0000:99:00.0/0000:9a:00.0'
[1756906226.450912] [eos0117:3273435:0]            topo.c:298  UCX  DEBUG added sys_dev 9 for bus id 9a:00.0
[1756906226.450913] [eos0117:3273435:0]            topo.c:552  UCX  DEBUG ibp154s0: bdf_name 0000:9a:00.0 sys_dev 9
[1756906226.451370] [eos0117:3273435:0]            topo.c:899  UCX  DEBUG /sys/class/net/ibp170s0f0: PF sysfs path is '/sys/devices/pci0000:a5/0000:a5:01.0/0000:a6:00.0/0000:a7:00.0/0000:a8:00.0/0000:a9:00.0/0000:aa:00.0'
[1756906226.451385] [eos0117:3273435:0]            topo.c:298  UCX  DEBUG added sys_dev 10 for bus id aa:00.0
[1756906226.451387] [eos0117:3273435:0]            topo.c:552  UCX  DEBUG ibp170s0f0: bdf_name 0000:aa:00.0 sys_dev 10
[1756906226.451841] [eos0117:3273435:0]            topo.c:899  UCX  DEBUG /sys/class/net/ibp192s0: PF sysfs path is '/sys/devices/pci0000:bd/0000:bd:01.0/0000:be:00.0/0000:bf:00.0/0000:c0:00.0'
[1756906226.451854] [eos0117:3273435:0]            topo.c:298  UCX  DEBUG added sys_dev 11 for bus id c0:00.0
[1756906226.451855] [eos0117:3273435:0]            topo.c:552  UCX  DEBUG ibp192s0: bdf_name 0000:c0:00.0 sys_dev 11
[1756906226.452311] [eos0117:3273435:0]            topo.c:899  UCX  DEBUG /sys/class/net/ibp206s0: PF sysfs path is '/sys/devices/pci0000:cb/0000:cb:01.0/0000:cc:00.0/0000:cd:00.0/0000:ce:00.0'
[1756906226.452325] [eos0117:3273435:0]            topo.c:298  UCX  DEBUG added sys_dev 12 for bus id ce:00.0
[1756906226.452338] [eos0117:3273435:0]            topo.c:552  UCX  DEBUG ibp206s0: bdf_name 0000:ce:00.0 sys_dev 12
[1756906226.452791] [eos0117:3273435:0]            topo.c:899  UCX  DEBUG /sys/class/net/ibp220s0: PF sysfs path is '/sys/devices/pci0000:d9/0000:d9:01.0/0000:da:00.0/0000:db:00.0/0000:dc:00.0'
[1756906226.452804] [eos0117:3273435:0]            topo.c:298  UCX  DEBUG added sys_dev 13 for bus id dc:00.0
[1756906226.452805] [eos0117:3273435:0]            topo.c:552  UCX  DEBUG ibp220s0: bdf_name 0000:dc:00.0 sys_dev 13
[1756906226.453250] [eos0117:3273435:0]            topo.c:899  UCX  DEBUG /sys/class/net/ibp24s0: PF sysfs path is '/sys/devices/pci0000:15/0000:15:01.0/0000:16:00.0/0000:17:00.0/0000:18:00.0'
[1756906226.453262] [eos0117:3273435:0]            topo.c:298  UCX  DEBUG added sys_dev 14 for bus id 18:00.0
[1756906226.453263] [eos0117:3273435:0]            topo.c:552  UCX  DEBUG ibp24s0: bdf_name 0000:18:00.0 sys_dev 14
[1756906226.453714] [eos0117:3273435:0]            topo.c:899  UCX  DEBUG /sys/class/net/ibp41s0f0: PF sysfs path is '/sys/devices/pci0000:24/0000:24:01.0/0000:25:00.0/0000:26:00.0/0000:27:00.0/0000:28:00.0/0000:29:00.0'
[1756906226.453728] [eos0117:3273435:0]            topo.c:298  UCX  DEBUG added sys_dev 15 for bus id 29:00.0
[1756906226.453729] [eos0117:3273435:0]            topo.c:552  UCX  DEBUG ibp41s0f0: bdf_name 0000:29:00.0 sys_dev 15
[1756906226.454173] [eos0117:3273435:0]            topo.c:899  UCX  DEBUG /sys/class/net/ibp64s0: PF sysfs path is '/sys/devices/pci0000:3d/0000:3d:01.0/0000:3e:00.0/0000:3f:00.0/0000:40:00.0'
[1756906226.454185] [eos0117:3273435:0]            topo.c:298  UCX  DEBUG added sys_dev 16 for bus id 40:00.0
[1756906226.454186] [eos0117:3273435:0]            topo.c:552  UCX  DEBUG ibp64s0: bdf_name 0000:40:00.0 sys_dev 16
[1756906226.454628] [eos0117:3273435:0]            topo.c:899  UCX  DEBUG /sys/class/net/ibp79s0: PF sysfs path is '/sys/devices/pci0000:4c/0000:4c:01.0/0000:4d:00.0/0000:4e:00.0/0000:4f:00.0'
[1756906226.454642] [eos0117:3273435:0]            topo.c:298  UCX  DEBUG added sys_dev 17 for bus id 4f:00.0
[1756906226.454642] [eos0117:3273435:0]            topo.c:552  UCX  DEBUG ibp79s0: bdf_name 0000:4f:00.0 sys_dev 17
[1756906226.455090] [eos0117:3273435:0]            topo.c:899  UCX  DEBUG /sys/class/net/ibp94s0: PF sysfs path is '/sys/devices/pci0000:5b/0000:5b:01.0/0000:5c:00.0/0000:5d:00.0/0000:5e:00.0'
[1756906226.455102] [eos0117:3273435:0]            topo.c:298  UCX  DEBUG added sys_dev 18 for bus id 5e:00.0
[1756906226.455103] [eos0117:3273435:0]            topo.c:552  UCX  DEBUG ibp94s0: bdf_name 0000:5e:00.0 sys_dev 18
[1756906226.455540] [eos0117:3273435:0]            topo.c:895  UCX  DEBUG /sys/class/net/lo: sysfs path undetected
[1756906226.455541] [eos0117:3273435:0]            topo.c:556  UCX  DEBUG lo: system device unknown
[1756906226.455619] [eos0117:3273435:0]    cuda_copy_md.c:104  UCX  DEBUG dmabuf is supported on cuda device 0
[1756906226.455638] [eos0117:3273435:0]      cuda_iface.c:52   UCX  DEBUG set cuda sys_device to `unknown` as no context is currently active
[1756906226.858118] [eos0117:3273435:0]     cuda_ipc_md.c:449  UCX  DEBUG fabric_info: state=3 status=0 uuid=00000000:00000000:00000000:00000000
[1756906226.865599] [eos0117:3273435:0]      cuda_iface.c:52   UCX  DEBUG set cuda sys_device to `unknown` as no context is currently active
[1756906226.865646] [eos0117:3273435:0]           mpool.c:138  UCX  DEBUG mpool rcache_mp: align 8, maxelems 4294967295, elemsize 144
[1756906226.870380] [eos0117:3273435:0]           async.c:248  UCX  DEBUG added async handler 0x5555566b1ee0 [id=48 ref 1] ucs_rcache_invalidate_handler() to hash
[1756906226.870462] [eos0117:3273435:0]           async.c:522  UCX  DEBUG listening to async event fd 48 events 0x1 mode thread_spinlock
[1756906226.870496] [eos0117:3273435:0]          module.c:280  UCX  DEBUG loading modules for ucm
[1756906226.870498] [eos0117:3273435:0]          module.c:242  UCX  DEBUG loading module 'cuda' with mode 0x1001
[1756906226.870630] [eos0117:3273435:0]          module.c:183  UCX  DEBUG loaded /opt/nvidia/hpc_sdk/Linux_x86_64/25.3/comm_libs/12.8/hpcx/hpcx-2.22.1/ucx/lib/ucx/libucm_cuda.so.0.0.0 [0x555556878e20]
[1756906226.935781] [eos0117:3273435:0]      cuda_iface.c:52   UCX  DEBUG set cuda sys_device to `unknown` as no context is currently active
[1756906226.941114] [eos0117:3273435:0]            topo.c:899  UCX  DEBUG /sys/class/infiniband/mlx5_0: PF sysfs path is '/sys/devices/pci0000:15/0000:15:01.0/0000:16:00.0/0000:17:00.0/0000:18:00.0'
[1756906226.941121] [eos0117:3273435:0]            topo.c:552  UCX  DEBUG mlx5_0: bdf_name 0000:18:00.0 sys_dev 14
[1756906226.941136] [eos0117:3273435:0]       ib_device.c:498  UCX  DEBUG mlx5_0: vendor_id 0x15b3 device_id 4129
[1756906226.941638] [eos0117:3273435:0]    ib_mlx5dv_md.c:1875 UCX  DEBUG mlx5_0: cross gvmi alias mkey is supported
[1756906226.941639] [eos0117:3273435:0]    ib_mlx5dv_md.c:1925 UCX  DEBUG mlx5_0: mkey_by_name_reserve is not supported
[1756906226.941640] [eos0117:3273435:0]    ib_mlx5dv_md.c:1910 UCX  DEBUG mlx5_0: dp_ordering support: force=1 ooo_rw_rc=1 ooo_rw_dc=1
[1756906226.941770] [eos0117:3273435:0]    ib_mlx5dv_md.c:1705 UCX  DEBUG mlx5_0: ODP is disabled because version 1 is not supported for DevX QP
[1756906226.946540] [eos0117:3273435:0]           async.c:248  UCX  DEBUG added async handler 0x5555566cde90 [id=54 ref 1] uct_ib_async_event_handler() to hash
[1756906226.946548] [eos0117:3273435:0]           async.c:522  UCX  DEBUG listening to async event fd 54 events 0x1 mode thread_spinlock
[1756906226.946554] [eos0117:3273435:0]       ib_device.c:597  UCX  DEBUG initialized device 'mlx5_0' (InfiniBand channel adapter) with 1 ports
[1756906226.946562] [eos0117:3273435:0]           ib_md.c:1177 UCX  DEBUG mlx5_0: cuda GPUDirect RDMA is detected by checking /sys/kernel/mm/memory_peers/nv_mem/version
[1756906226.946566] [eos0117:3273435:0]           ib_md.c:1177 UCX  DEBUG mlx5_0: rocm GPUDirect RDMA is not detected by checking /dev/kfd
[1756906226.946576] [eos0117:3273435:0]           ib_md.c:1202 UCX  DEBUG mlx5_0: dmabuf is supported
[1756906226.946580] [eos0117:3273435:0]           mpool.c:138  UCX  DEBUG mpool devx dbrec: align 64, maxelems 4294967295, elemsize 40
[1756906226.946759] [eos0117:3273435:0]    ib_mlx5dv_md.c:2423 UCX  DEBUG mlx5_0: opened DEVX md log_max_qp=17
[1756906226.947188] [eos0117:3273435:0]    ib_mlx5dv_md.c:126  UCX  DEBUG mlx5_0: KSM dm memory registration status "Success" range 0x7fffcaa05000..0x7fffcaa05020 iova 0x0 mkey_index 0x0
[1756906226.947530] [eos0117:3273435:0]    ib_mlx5dv_md.c:96   UCX  DEBUG mlx5_0: mlx5dv_devx_obj_create(CREATE_MKEY, mode=KSM, start_addr=0x7fffcaa05000 length=32) failed, syndrome 0x45d3a4: Remote I/O error
[1756906226.947532] [eos0117:3273435:0]    ib_mlx5dv_md.c:126  UCX  DEBUG mlx5_0: KSM atomic-key memory registration status "Unsupported operation" range (nil)..0x20 iova 0x7fffcaa05000 atomic mkey_index 0x0
[1756906226.947917] [eos0117:3273435:0]           ib_md.c:1161 UCX  DEBUG mlx5_0: relaxed order memory access is disabled
[1756906226.948143] [eos0117:3273435:0]    ib_mlx5dv_md.c:126  UCX  DEBUG mlx5_0: KSM flush-mr memory registration status "Success" range 0x555556719000..0x555556719008 iova 0x0 mkey_index 0x0
[1756906226.948144] [eos0117:3273435:0]           ib_md.c:1031 UCX  DEBUG mlx5_0: md open by 'uct_ib_mlx5_devx_md_ops' is successful
[1756906226.972173] [eos0117:3273435:0]            topo.c:899  UCX  DEBUG /sys/class/infiniband/mlx5_3: PF sysfs path is '/sys/devices/pci0000:3d/0000:3d:01.0/0000:3e:00.0/0000:3f:00.0/0000:40:00.0'
[1756906226.972176] [eos0117:3273435:0]            topo.c:552  UCX  DEBUG mlx5_3: bdf_name 0000:40:00.0 sys_dev 16
[1756906226.972184] [eos0117:3273435:0]       ib_device.c:498  UCX  DEBUG mlx5_3: vendor_id 0x15b3 device_id 4129
[1756906226.972665] [eos0117:3273435:0]    ib_mlx5dv_md.c:1875 UCX  DEBUG mlx5_3: cross gvmi alias mkey is supported
[1756906226.972666] [eos0117:3273435:0]    ib_mlx5dv_md.c:1925 UCX  DEBUG mlx5_3: mkey_by_name_reserve is not supported
[1756906226.972676] [eos0117:3273435:0]    ib_mlx5dv_md.c:1910 UCX  DEBUG mlx5_3: dp_ordering support: force=1 ooo_rw_rc=1 ooo_rw_dc=1
[1756906226.972786] [eos0117:3273435:0]    ib_mlx5dv_md.c:1705 UCX  DEBUG mlx5_3: ODP is disabled because version 1 is not supported for DevX QP
[1756906226.972904] [eos0117:3273435:0]           async.c:248  UCX  DEBUG added async handler 0x5555568c77b0 [id=56 ref 1] uct_ib_async_event_handler() to hash
[1756906226.972908] [eos0117:3273435:0]           async.c:522  UCX  DEBUG listening to async event fd 56 events 0x1 mode thread_spinlock
[1756906226.972909] [eos0117:3273435:0]       ib_device.c:597  UCX  DEBUG initialized device 'mlx5_3' (InfiniBand channel adapter) with 1 ports
[1756906226.972912] [eos0117:3273435:0]           ib_md.c:1177 UCX  DEBUG mlx5_3: cuda GPUDirect RDMA is detected by checking /sys/kernel/mm/memory_peers/nv_mem/version
[1756906226.972914] [eos0117:3273435:0]           ib_md.c:1177 UCX  DEBUG mlx5_3: rocm GPUDirect RDMA is not detected by checking /dev/kfd
[1756906226.972917] [eos0117:3273435:0]           ib_md.c:1202 UCX  DEBUG mlx5_3: dmabuf is supported
[1756906226.972918] [eos0117:3273435:0]           mpool.c:138  UCX  DEBUG mpool devx dbrec: align 64, maxelems 4294967295, elemsize 40
[1756906226.973091] [eos0117:3273435:0]    ib_mlx5dv_md.c:2423 UCX  DEBUG mlx5_3: opened DEVX md log_max_qp=17
[1756906226.973473] [eos0117:3273435:0]    ib_mlx5dv_md.c:126  UCX  DEBUG mlx5_3: KSM dm memory registration status "Success" range 0x7fffca630000..0x7fffca630020 iova 0x0 mkey_index 0x0
[1756906226.973749] [eos0117:3273435:0]    ib_mlx5dv_md.c:96   UCX  DEBUG mlx5_3: mlx5dv_devx_obj_create(CREATE_MKEY, mode=KSM, start_addr=0x7fffca630000 length=32) failed, syndrome 0x45d3a4: Remote I/O error
[1756906226.973750] [eos0117:3273435:0]    ib_mlx5dv_md.c:126  UCX  DEBUG mlx5_3: KSM atomic-key memory registration status "Unsupported operation" range (nil)..0x20 iova 0x7fffca630000 atomic mkey_index 0x0
[1756906226.974100] [eos0117:3273435:0]           ib_md.c:1161 UCX  DEBUG mlx5_3: relaxed order memory access is disabled
[1756906226.974320] [eos0117:3273435:0]    ib_mlx5dv_md.c:126  UCX  DEBUG mlx5_3: KSM flush-mr memory registration status "Success" range 0x555556895000..0x555556895008 iova 0x0 mkey_index 0x0
[1756906226.974321] [eos0117:3273435:0]           ib_md.c:1031 UCX  DEBUG mlx5_3: md open by 'uct_ib_mlx5_devx_md_ops' is successful
[1756906226.979601] [eos0117:3273435:0]            topo.c:899  UCX  DEBUG /sys/class/infiniband/mlx5_4: PF sysfs path is '/sys/devices/pci0000:4c/0000:4c:01.0/0000:4d:00.0/0000:4e:00.0/0000:4f:00.0'
[1756906226.979603] [eos0117:3273435:0]            topo.c:552  UCX  DEBUG mlx5_4: bdf_name 0000:4f:00.0 sys_dev 17
[1756906226.979611] [eos0117:3273435:0]       ib_device.c:498  UCX  DEBUG mlx5_4: vendor_id 0x15b3 device_id 4129
[1756906226.980093] [eos0117:3273435:0]    ib_mlx5dv_md.c:1875 UCX  DEBUG mlx5_4: cross gvmi alias mkey is supported
[1756906226.980094] [eos0117:3273435:0]    ib_mlx5dv_md.c:1925 UCX  DEBUG mlx5_4: mkey_by_name_reserve is not supported
[1756906226.980095] [eos0117:3273435:0]    ib_mlx5dv_md.c:1910 UCX  DEBUG mlx5_4: dp_ordering support: force=1 ooo_rw_rc=1 ooo_rw_dc=1
[1756906226.980204] [eos0117:3273435:0]    ib_mlx5dv_md.c:1705 UCX  DEBUG mlx5_4: ODP is disabled because version 1 is not supported for DevX QP
[1756906226.980334] [eos0117:3273435:0]           async.c:248  UCX  DEBUG added async handler 0x55555687a730 [id=58 ref 1] uct_ib_async_event_handler() to hash
[1756906226.980341] [eos0117:3273435:0]           async.c:522  UCX  DEBUG listening to async event fd 58 events 0x1 mode thread_spinlock
[1756906226.980342] [eos0117:3273435:0]       ib_device.c:597  UCX  DEBUG initialized device 'mlx5_4' (InfiniBand channel adapter) with 1 ports
[1756906226.980347] [eos0117:3273435:0]           ib_md.c:1177 UCX  DEBUG mlx5_4: cuda GPUDirect RDMA is detected by checking /sys/kernel/mm/memory_peers/nv_mem/version
[1756906226.980350] [eos0117:3273435:0]           ib_md.c:1177 UCX  DEBUG mlx5_4: rocm GPUDirect RDMA is not detected by checking /dev/kfd
[1756906226.980356] [eos0117:3273435:0]           ib_md.c:1202 UCX  DEBUG mlx5_4: dmabuf is supported
[1756906226.980358] [eos0117:3273435:0]           mpool.c:138  UCX  DEBUG mpool devx dbrec: align 64, maxelems 4294967295, elemsize 40
[1756906226.980527] [eos0117:3273435:0]    ib_mlx5dv_md.c:2423 UCX  DEBUG mlx5_4: opened DEVX md log_max_qp=17
[1756906226.980919] [eos0117:3273435:0]    ib_mlx5dv_md.c:126  UCX  DEBUG mlx5_4: KSM dm memory registration status "Success" range 0x7fffca62b000..0x7fffca62b020 iova 0x0 mkey_index 0x0
[1756906226.981193] [eos0117:3273435:0]    ib_mlx5dv_md.c:96   UCX  DEBUG mlx5_4: mlx5dv_devx_obj_create(CREATE_MKEY, mode=KSM, start_addr=0x7fffca62b000 length=32) failed, syndrome 0x45d3a4: Remote I/O error
[1756906226.981195] [eos0117:3273435:0]    ib_mlx5dv_md.c:126  UCX  DEBUG mlx5_4: KSM atomic-key memory registration status "Unsupported operation" range (nil)..0x20 iova 0x7fffca62b000 atomic mkey_index 0x0
[1756906226.981540] [eos0117:3273435:0]           ib_md.c:1161 UCX  DEBUG mlx5_4: relaxed order memory access is disabled
[1756906226.981756] [eos0117:3273435:0]    ib_mlx5dv_md.c:126  UCX  DEBUG mlx5_4: KSM flush-mr memory registration status "Success" range 0x555556710000..0x555556710008 iova 0x0 mkey_index 0x0
[1756906226.981757] [eos0117:3273435:0]           ib_md.c:1031 UCX  DEBUG mlx5_4: md open by 'uct_ib_mlx5_devx_md_ops' is successful
[1756906226.987143] [eos0117:3273435:0]            topo.c:899  UCX  DEBUG /sys/class/infiniband/mlx5_5: PF sysfs path is '/sys/devices/pci0000:5b/0000:5b:01.0/0000:5c:00.0/0000:5d:00.0/0000:5e:00.0'
[1756906226.987146] [eos0117:3273435:0]            topo.c:552  UCX  DEBUG mlx5_5: bdf_name 0000:5e:00.0 sys_dev 18
[1756906226.987154] [eos0117:3273435:0]       ib_device.c:498  UCX  DEBUG mlx5_5: vendor_id 0x15b3 device_id 4129
[1756906226.987624] [eos0117:3273435:0]    ib_mlx5dv_md.c:1875 UCX  DEBUG mlx5_5: cross gvmi alias mkey is supported
[1756906226.987625] [eos0117:3273435:0]    ib_mlx5dv_md.c:1925 UCX  DEBUG mlx5_5: mkey_by_name_reserve is not supported
[1756906226.987626] [eos0117:3273435:0]    ib_mlx5dv_md.c:1910 UCX  DEBUG mlx5_5: dp_ordering support: force=1 ooo_rw_rc=1 ooo_rw_dc=1
[1756906226.987734] [eos0117:3273435:0]    ib_mlx5dv_md.c:1705 UCX  DEBUG mlx5_5: ODP is disabled because version 1 is not supported for DevX QP
[1756906226.987853] [eos0117:3273435:0]           async.c:248  UCX  DEBUG added async handler 0x5555565fafe0 [id=60 ref 1] uct_ib_async_event_handler() to hash
[1756906226.987857] [eos0117:3273435:0]           async.c:522  UCX  DEBUG listening to async event fd 60 events 0x1 mode thread_spinlock
[1756906226.987858] [eos0117:3273435:0]       ib_device.c:597  UCX  DEBUG initialized device 'mlx5_5' (InfiniBand channel adapter) with 1 ports
[1756906226.987861] [eos0117:3273435:0]           ib_md.c:1177 UCX  DEBUG mlx5_5: cuda GPUDirect RDMA is detected by checking /sys/kernel/mm/memory_peers/nv_mem/version
[1756906226.987864] [eos0117:3273435:0]           ib_md.c:1177 UCX  DEBUG mlx5_5: rocm GPUDirect RDMA is not detected by checking /dev/kfd
[1756906226.987867] [eos0117:3273435:0]           ib_md.c:1202 UCX  DEBUG mlx5_5: dmabuf is supported
[1756906226.987868] [eos0117:3273435:0]           mpool.c:138  UCX  DEBUG mpool devx dbrec: align 64, maxelems 4294967295, elemsize 40
[1756906226.988040] [eos0117:3273435:0]    ib_mlx5dv_md.c:2423 UCX  DEBUG mlx5_5: opened DEVX md log_max_qp=17
[1756906226.988439] [eos0117:3273435:0]    ib_mlx5dv_md.c:126  UCX  DEBUG mlx5_5: KSM dm memory registration status "Success" range 0x7fffca626000..0x7fffca626020 iova 0x0 mkey_index 0x0
[1756906226.988714] [eos0117:3273435:0]    ib_mlx5dv_md.c:96   UCX  DEBUG mlx5_5: mlx5dv_devx_obj_create(CREATE_MKEY, mode=KSM, start_addr=0x7fffca626000 length=32) failed, syndrome 0x45d3a4: Remote I/O error
[1756906226.988715] [eos0117:3273435:0]    ib_mlx5dv_md.c:126  UCX  DEBUG mlx5_5: KSM atomic-key memory registration status "Unsupported operation" range (nil)..0x20 iova 0x7fffca626000 atomic mkey_index 0x0
[1756906226.989060] [eos0117:3273435:0]           ib_md.c:1161 UCX  DEBUG mlx5_5: relaxed order memory access is disabled
[1756906226.989287] [eos0117:3273435:0]    ib_mlx5dv_md.c:126  UCX  DEBUG mlx5_5: KSM flush-mr memory registration status "Success" range 0x555556712000..0x555556712008 iova 0x0 mkey_index 0x0
[1756906226.989288] [eos0117:3273435:0]           ib_md.c:1031 UCX  DEBUG mlx5_5: md open by 'uct_ib_mlx5_devx_md_ops' is successful
[1756906226.994938] [eos0117:3273435:0]            topo.c:899  UCX  DEBUG /sys/class/infiniband/mlx5_6: PF sysfs path is '/sys/devices/pci0000:97/0000:97:01.0/0000:98:00.0/0000:99:00.0/0000:9a:00.0'
[1756906226.994940] [eos0117:3273435:0]            topo.c:552  UCX  DEBUG mlx5_6: bdf_name 0000:9a:00.0 sys_dev 9
[1756906226.994948] [eos0117:3273435:0]       ib_device.c:498  UCX  DEBUG mlx5_6: vendor_id 0x15b3 device_id 4129
[1756906226.995432] [eos0117:3273435:0]    ib_mlx5dv_md.c:1875 UCX  DEBUG mlx5_6: cross gvmi alias mkey is supported
[1756906226.995433] [eos0117:3273435:0]    ib_mlx5dv_md.c:1925 UCX  DEBUG mlx5_6: mkey_by_name_reserve is not supported
[1756906226.995434] [eos0117:3273435:0]    ib_mlx5dv_md.c:1910 UCX  DEBUG mlx5_6: dp_ordering support: force=1 ooo_rw_rc=1 ooo_rw_dc=1
[1756906226.995546] [eos0117:3273435:0]    ib_mlx5dv_md.c:1705 UCX  DEBUG mlx5_6: ODP is disabled because version 1 is not supported for DevX QP
[1756906226.995667] [eos0117:3273435:0]           async.c:248  UCX  DEBUG added async handler 0x55555670f810 [id=62 ref 1] uct_ib_async_event_handler() to hash
[1756906226.995671] [eos0117:3273435:0]           async.c:522  UCX  DEBUG listening to async event fd 62 events 0x1 mode thread_spinlock
[1756906226.995672] [eos0117:3273435:0]       ib_device.c:597  UCX  DEBUG initialized device 'mlx5_6' (InfiniBand channel adapter) with 1 ports
[1756906226.995676] [eos0117:3273435:0]           ib_md.c:1177 UCX  DEBUG mlx5_6: cuda GPUDirect RDMA is detected by checking /sys/kernel/mm/memory_peers/nv_mem/version
[1756906226.995679] [eos0117:3273435:0]           ib_md.c:1177 UCX  DEBUG mlx5_6: rocm GPUDirect RDMA is not detected by checking /dev/kfd
[1756906226.995682] [eos0117:3273435:0]           ib_md.c:1202 UCX  DEBUG mlx5_6: dmabuf is supported
[1756906226.995683] [eos0117:3273435:0]           mpool.c:138  UCX  DEBUG mpool devx dbrec: align 64, maxelems 4294967295, elemsize 40
[1756906226.995857] [eos0117:3273435:0]    ib_mlx5dv_md.c:2423 UCX  DEBUG mlx5_6: opened DEVX md log_max_qp=17
[1756906226.996251] [eos0117:3273435:0]    ib_mlx5dv_md.c:126  UCX  DEBUG mlx5_6: KSM dm memory registration status "Success" range 0x7fffca621000..0x7fffca621020 iova 0x0 mkey_index 0x0
[1756906226.996526] [eos0117:3273435:0]    ib_mlx5dv_md.c:96   UCX  DEBUG mlx5_6: mlx5dv_devx_obj_create(CREATE_MKEY, mode=KSM, start_addr=0x7fffca621000 length=32) failed, syndrome 0x45d3a4: Remote I/O error
[1756906226.996527] [eos0117:3273435:0]    ib_mlx5dv_md.c:126  UCX  DEBUG mlx5_6: KSM atomic-key memory registration status "Unsupported operation" range (nil)..0x20 iova 0x7fffca621000 atomic mkey_index 0x0
[1756906226.996876] [eos0117:3273435:0]           ib_md.c:1161 UCX  DEBUG mlx5_6: relaxed order memory access is disabled
[1756906226.997094] [eos0117:3273435:0]    ib_mlx5dv_md.c:126  UCX  DEBUG mlx5_6: KSM flush-mr memory registration status "Success" range 0x5555567b8000..0x5555567b8008 iova 0x0 mkey_index 0x0
[1756906226.997095] [eos0117:3273435:0]           ib_md.c:1031 UCX  DEBUG mlx5_6: md open by 'uct_ib_mlx5_devx_md_ops' is successful
[1756906227.002512] [eos0117:3273435:0]            topo.c:899  UCX  DEBUG /sys/class/infiniband/mlx5_9: PF sysfs path is '/sys/devices/pci0000:bd/0000:bd:01.0/0000:be:00.0/0000:bf:00.0/0000:c0:00.0'
[1756906227.002515] [eos0117:3273435:0]            topo.c:552  UCX  DEBUG mlx5_9: bdf_name 0000:c0:00.0 sys_dev 11
[1756906227.002522] [eos0117:3273435:0]       ib_device.c:498  UCX  DEBUG mlx5_9: vendor_id 0x15b3 device_id 4129
[1756906227.002998] [eos0117:3273435:0]    ib_mlx5dv_md.c:1875 UCX  DEBUG mlx5_9: cross gvmi alias mkey is supported
[1756906227.002999] [eos0117:3273435:0]    ib_mlx5dv_md.c:1925 UCX  DEBUG mlx5_9: mkey_by_name_reserve is not supported
[1756906227.003000] [eos0117:3273435:0]    ib_mlx5dv_md.c:1910 UCX  DEBUG mlx5_9: dp_ordering support: force=1 ooo_rw_rc=1 ooo_rw_dc=1
[1756906227.003110] [eos0117:3273435:0]    ib_mlx5dv_md.c:1705 UCX  DEBUG mlx5_9: ODP is disabled because version 1 is not supported for DevX QP
[1756906227.003233] [eos0117:3273435:0]           async.c:248  UCX  DEBUG added async handler 0x555556715670 [id=64 ref 1] uct_ib_async_event_handler() to hash
[1756906227.003237] [eos0117:3273435:0]           async.c:522  UCX  DEBUG listening to async event fd 64 events 0x1 mode thread_spinlock
[1756906227.003238] [eos0117:3273435:0]       ib_device.c:597  UCX  DEBUG initialized device 'mlx5_9' (InfiniBand channel adapter) with 1 ports
[1756906227.003241] [eos0117:3273435:0]           ib_md.c:1177 UCX  DEBUG mlx5_9: cuda GPUDirect RDMA is detected by checking /sys/kernel/mm/memory_peers/nv_mem/version
[1756906227.003243] [eos0117:3273435:0]           ib_md.c:1177 UCX  DEBUG mlx5_9: rocm GPUDirect RDMA is not detected by checking /dev/kfd
[1756906227.003245] [eos0117:3273435:0]           ib_md.c:1202 UCX  DEBUG mlx5_9: dmabuf is supported
[1756906227.003247] [eos0117:3273435:0]           mpool.c:138  UCX  DEBUG mpool devx dbrec: align 64, maxelems 4294967295, elemsize 40
[1756906227.003422] [eos0117:3273435:0]    ib_mlx5dv_md.c:2423 UCX  DEBUG mlx5_9: opened DEVX md log_max_qp=17
[1756906227.003820] [eos0117:3273435:0]    ib_mlx5dv_md.c:126  UCX  DEBUG mlx5_9: KSM dm memory registration status "Success" range 0x7fffca61c000..0x7fffca61c020 iova 0x0 mkey_index 0x0
[1756906227.004098] [eos0117:3273435:0]    ib_mlx5dv_md.c:96   UCX  DEBUG mlx5_9: mlx5dv_devx_obj_create(CREATE_MKEY, mode=KSM, start_addr=0x7fffca61c000 length=32) failed, syndrome 0x45d3a4: Remote I/O error
[1756906227.004100] [eos0117:3273435:0]    ib_mlx5dv_md.c:126  UCX  DEBUG mlx5_9: KSM atomic-key memory registration status "Unsupported operation" range (nil)..0x20 iova 0x7fffca61c000 atomic mkey_index 0x0
[1756906227.004457] [eos0117:3273435:0]           ib_md.c:1161 UCX  DEBUG mlx5_9: relaxed order memory access is disabled
[1756906227.004680] [eos0117:3273435:0]    ib_mlx5dv_md.c:126  UCX  DEBUG mlx5_9: KSM flush-mr memory registration status "Success" range 0x555556995000..0x555556995008 iova 0x0 mkey_index 0x0
[1756906227.004682] [eos0117:3273435:0]           ib_md.c:1031 UCX  DEBUG mlx5_9: md open by 'uct_ib_mlx5_devx_md_ops' is successful
[1756906227.010049] [eos0117:3273435:0]            topo.c:899  UCX  DEBUG /sys/class/infiniband/mlx5_10: PF sysfs path is '/sys/devices/pci0000:cb/0000:cb:01.0/0000:cc:00.0/0000:cd:00.0/0000:ce:00.0'
[1756906227.010052] [eos0117:3273435:0]            topo.c:552  UCX  DEBUG mlx5_10: bdf_name 0000:ce:00.0 sys_dev 12
[1756906227.010060] [eos0117:3273435:0]       ib_device.c:498  UCX  DEBUG mlx5_10: vendor_id 0x15b3 device_id 4129
[1756906227.010544] [eos0117:3273435:0]    ib_mlx5dv_md.c:1875 UCX  DEBUG mlx5_10: cross gvmi alias mkey is supported
[1756906227.010544] [eos0117:3273435:0]    ib_mlx5dv_md.c:1925 UCX  DEBUG mlx5_10: mkey_by_name_reserve is not supported
[1756906227.010545] [eos0117:3273435:0]    ib_mlx5dv_md.c:1910 UCX  DEBUG mlx5_10: dp_ordering support: force=1 ooo_rw_rc=1 ooo_rw_dc=1
[1756906227.010657] [eos0117:3273435:0]    ib_mlx5dv_md.c:1705 UCX  DEBUG mlx5_10: ODP is disabled because version 1 is not supported for DevX QP
[1756906227.010779] [eos0117:3273435:0]           async.c:248  UCX  DEBUG added async handler 0x555556700260 [id=66 ref 1] uct_ib_async_event_handler() to hash
[1756906227.010784] [eos0117:3273435:0]           async.c:522  UCX  DEBUG listening to async event fd 66 events 0x1 mode thread_spinlock
[1756906227.010784] [eos0117:3273435:0]       ib_device.c:597  UCX  DEBUG initialized device 'mlx5_10' (InfiniBand channel adapter) with 1 ports
[1756906227.010789] [eos0117:3273435:0]           ib_md.c:1177 UCX  DEBUG mlx5_10: cuda GPUDirect RDMA is detected by checking /sys/kernel/mm/memory_peers/nv_mem/version
[1756906227.010795] [eos0117:3273435:0]           ib_md.c:1177 UCX  DEBUG mlx5_10: rocm GPUDirect RDMA is not detected by checking /dev/kfd
[1756906227.010808] [eos0117:3273435:0]           ib_md.c:1202 UCX  DEBUG mlx5_10: dmabuf is supported
[1756906227.010810] [eos0117:3273435:0]           mpool.c:138  UCX  DEBUG mpool devx dbrec: align 64, maxelems 4294967295, elemsize 40
[1756906227.010982] [eos0117:3273435:0]    ib_mlx5dv_md.c:2423 UCX  DEBUG mlx5_10: opened DEVX md log_max_qp=17
[1756906227.011385] [eos0117:3273435:0]    ib_mlx5dv_md.c:126  UCX  DEBUG mlx5_10: KSM dm memory registration status "Success" range 0x7fffca617000..0x7fffca617020 iova 0x0 mkey_index 0x0
[1756906227.011674] [eos0117:3273435:0]    ib_mlx5dv_md.c:96   UCX  DEBUG mlx5_10: mlx5dv_devx_obj_create(CREATE_MKEY, mode=KSM, start_addr=0x7fffca617000 length=32) failed, syndrome 0x45d3a4: Remote I/O error
[1756906227.011676] [eos0117:3273435:0]    ib_mlx5dv_md.c:126  UCX  DEBUG mlx5_10: KSM atomic-key memory registration status "Unsupported operation" range (nil)..0x20 iova 0x7fffca617000 atomic mkey_index 0x0
[1756906227.012032] [eos0117:3273435:0]           ib_md.c:1161 UCX  DEBUG mlx5_10: relaxed order memory access is disabled
[1756906227.012257] [eos0117:3273435:0]    ib_mlx5dv_md.c:126  UCX  DEBUG mlx5_10: KSM flush-mr memory registration status "Success" range 0x555556997000..0x555556997008 iova 0x0 mkey_index 0x0
[1756906227.012258] [eos0117:3273435:0]           ib_md.c:1031 UCX  DEBUG mlx5_10: md open by 'uct_ib_mlx5_devx_md_ops' is successful
[1756906227.017678] [eos0117:3273435:0]            topo.c:899  UCX  DEBUG /sys/class/infiniband/mlx5_11: PF sysfs path is '/sys/devices/pci0000:d9/0000:d9:01.0/0000:da:00.0/0000:db:00.0/0000:dc:00.0'
[1756906227.017680] [eos0117:3273435:0]            topo.c:552  UCX  DEBUG mlx5_11: bdf_name 0000:dc:00.0 sys_dev 13
[1756906227.017688] [eos0117:3273435:0]       ib_device.c:498  UCX  DEBUG mlx5_11: vendor_id 0x15b3 device_id 4129
[1756906227.018184] [eos0117:3273435:0]    ib_mlx5dv_md.c:1875 UCX  DEBUG mlx5_11: cross gvmi alias mkey is supported
[1756906227.018185] [eos0117:3273435:0]    ib_mlx5dv_md.c:1925 UCX  DEBUG mlx5_11: mkey_by_name_reserve is not supported
[1756906227.018186] [eos0117:3273435:0]    ib_mlx5dv_md.c:1910 UCX  DEBUG mlx5_11: dp_ordering support: force=1 ooo_rw_rc=1 ooo_rw_dc=1
[1756906227.018303] [eos0117:3273435:0]    ib_mlx5dv_md.c:1705 UCX  DEBUG mlx5_11: ODP is disabled because version 1 is not supported for DevX QP
[1756906227.018423] [eos0117:3273435:0]           async.c:248  UCX  DEBUG added async handler 0x55555699a010 [id=68 ref 1] uct_ib_async_event_handler() to hash
[1756906227.018426] [eos0117:3273435:0]           async.c:522  UCX  DEBUG listening to async event fd 68 events 0x1 mode thread_spinlock
[1756906227.018427] [eos0117:3273435:0]       ib_device.c:597  UCX  DEBUG initialized device 'mlx5_11' (InfiniBand channel adapter) with 1 ports
[1756906227.018431] [eos0117:3273435:0]           ib_md.c:1177 UCX  DEBUG mlx5_11: cuda GPUDirect RDMA is detected by checking /sys/kernel/mm/memory_peers/nv_mem/version
[1756906227.018433] [eos0117:3273435:0]           ib_md.c:1177 UCX  DEBUG mlx5_11: rocm GPUDirect RDMA is not detected by checking /dev/kfd
[1756906227.018436] [eos0117:3273435:0]           ib_md.c:1202 UCX  DEBUG mlx5_11: dmabuf is supported
[1756906227.018438] [eos0117:3273435:0]           mpool.c:138  UCX  DEBUG mpool devx dbrec: align 64, maxelems 4294967295, elemsize 40
[1756906227.018614] [eos0117:3273435:0]    ib_mlx5dv_md.c:2423 UCX  DEBUG mlx5_11: opened DEVX md log_max_qp=17
[1756906227.019021] [eos0117:3273435:0]    ib_mlx5dv_md.c:126  UCX  DEBUG mlx5_11: KSM dm memory registration status "Success" range 0x7fffca612000..0x7fffca612020 iova 0x0 mkey_index 0x0
[1756906227.019302] [eos0117:3273435:0]    ib_mlx5dv_md.c:96   UCX  DEBUG mlx5_11: mlx5dv_devx_obj_create(CREATE_MKEY, mode=KSM, start_addr=0x7fffca612000 length=32) failed, syndrome 0x45d3a4: Remote I/O error
[1756906227.019304] [eos0117:3273435:0]    ib_mlx5dv_md.c:126  UCX  DEBUG mlx5_11: KSM atomic-key memory registration status "Unsupported operation" range (nil)..0x20 iova 0x7fffca612000 atomic mkey_index 0x0
[1756906227.019669] [eos0117:3273435:0]           ib_md.c:1161 UCX  DEBUG mlx5_11: relaxed order memory access is disabled
[1756906227.019906] [eos0117:3273435:0]    ib_mlx5dv_md.c:126  UCX  DEBUG mlx5_11: KSM flush-mr memory registration status "Success" range 0x555556709000..0x555556709008 iova 0x0 mkey_index 0x0
[1756906227.019907] [eos0117:3273435:0]           ib_md.c:1031 UCX  DEBUG mlx5_11: md open by 'uct_ib_mlx5_devx_md_ops' is successful
[1756906227.025691] [eos0117:3273435:0]            topo.c:899  UCX  DEBUG /sys/class/infiniband/mlx5_0: PF sysfs path is '/sys/devices/pci0000:15/0000:15:01.0/0000:16:00.0/0000:17:00.0/0000:18:00.0'
[1756906227.025693] [eos0117:3273435:0]            topo.c:552  UCX  DEBUG mlx5_0: bdf_name 0000:18:00.0 sys_dev 14
[1756906227.025702] [eos0117:3273435:0]       ib_device.c:498  UCX  DEBUG mlx5_0: vendor_id 0x15b3 device_id 4129
[1756906227.026187] [eos0117:3273435:0]    ib_mlx5dv_md.c:1875 UCX  DEBUG mlx5_0: cross gvmi alias mkey is supported
[1756906227.026187] [eos0117:3273435:0]    ib_mlx5dv_md.c:1925 UCX  DEBUG mlx5_0: mkey_by_name_reserve is not supported
[1756906227.026188] [eos0117:3273435:0]    ib_mlx5dv_md.c:1910 UCX  DEBUG mlx5_0: dp_ordering support: force=1 ooo_rw_rc=1 ooo_rw_dc=1
[1756906227.026302] [eos0117:3273435:0]    ib_mlx5dv_md.c:1705 UCX  DEBUG mlx5_0: ODP is disabled because version 1 is not supported for DevX QP
[1756906227.026421] [eos0117:3273435:0]           async.c:248  UCX  DEBUG added async handler 0x555556708af0 [id=70 ref 1] uct_ib_async_event_handler() to hash
[1756906227.026425] [eos0117:3273435:0]           async.c:522  UCX  DEBUG listening to async event fd 70 events 0x1 mode thread_spinlock
[1756906227.026426] [eos0117:3273435:0]       ib_device.c:597  UCX  DEBUG initialized device 'mlx5_0' (InfiniBand channel adapter) with 1 ports
[1756906227.026431] [eos0117:3273435:0]           ib_md.c:1177 UCX  DEBUG mlx5_0: cuda GPUDirect RDMA is detected by checking /sys/kernel/mm/memory_peers/nv_mem/version
[1756906227.026434] [eos0117:3273435:0]           ib_md.c:1177 UCX  DEBUG mlx5_0: rocm GPUDirect RDMA is not detected by checking /dev/kfd
[1756906227.026437] [eos0117:3273435:0]           ib_md.c:1202 UCX  DEBUG mlx5_0: dmabuf is supported
[1756906227.026438] [eos0117:3273435:0]           mpool.c:138  UCX  DEBUG mpool devx dbrec: align 64, maxelems 4294967295, elemsize 40
[1756906227.026607] [eos0117:3273435:0]    ib_mlx5dv_md.c:2423 UCX  DEBUG mlx5_0: opened DEVX md log_max_qp=17
[1756906227.027006] [eos0117:3273435:0]    ib_mlx5dv_md.c:126  UCX  DEBUG mlx5_0: KSM dm memory registration status "Success" range 0x7fffca60d000..0x7fffca60d020 iova 0x0 mkey_index 0x0
[1756906227.027296] [eos0117:3273435:0]    ib_mlx5dv_md.c:96   UCX  DEBUG mlx5_0: mlx5dv_devx_obj_create(CREATE_MKEY, mode=KSM, start_addr=0x7fffca60d000 length=32) failed, syndrome 0x45d3a4: Remote I/O error
[1756906227.027297] [eos0117:3273435:0]    ib_mlx5dv_md.c:126  UCX  DEBUG mlx5_0: KSM atomic-key memory registration status "Unsupported operation" range (nil)..0x20 iova 0x7fffca60d000 atomic mkey_index 0x0
[1756906227.027643] [eos0117:3273435:0]           ib_md.c:1161 UCX  DEBUG mlx5_0: relaxed order memory access is disabled
[1756906227.027858] [eos0117:3273435:0]    ib_mlx5dv_md.c:126  UCX  DEBUG mlx5_0: KSM flush-mr memory registration status "Success" range 0x55555670b000..0x55555670b008 iova 0x0 mkey_index 0x0
[1756906227.027877] [eos0117:3273435:0]          uct_md.c:96   UCX  DEBUG failed to query gga_mlx5 resources: No such device
[1756906227.027878] [eos0117:3273435:0]     ucp_context.c:1188 UCX  DEBUG No tl resources found for md mlx5_0
[1756906227.027879] [eos0117:3273435:0]     ucp_context.c:1648 UCX  DEBUG closing md mlx5_0 because it has no selected transport resources
[1756906227.027884] [eos0117:3273435:0]    ib_mlx5dv_md.c:2496 UCX  DEBUG mlx5_0: md=0x5555567b9010 md->flags=0x3fb3f7f flush_rkey=0x200700
[1756906227.028128] [eos0117:3273435:0]           mpool.c:194  UCX  DEBUG mpool devx dbrec destroyed
[1756906227.028142] [eos0117:3273435:0]       ib_device.c:616  UCX  DEBUG destroying ib device mlx5_0
[1756906227.028145] [eos0117:3273435:0]           async.c:173  UCX  DEBUG removed async handler 0x555556708af0 [id=70 ref 1] uct_ib_async_event_handler() from hash
[1756906227.028146] [eos0117:3273435:0]           async.c:576  UCX  DEBUG removing async handler 0x555556708af0 [id=70 ref 1] uct_ib_async_event_handler()
[1756906227.028149] [eos0117:3273435:0]           async.c:188  UCX  DEBUG release async handler 0x555556708af0 [id=70 ref 0] uct_ib_async_event_handler()
[1756906227.033031] [eos0117:3273435:0]            topo.c:899  UCX  DEBUG /sys/class/infiniband/mlx5_3: PF sysfs path is '/sys/devices/pci0000:3d/0000:3d:01.0/0000:3e:00.0/0000:3f:00.0/0000:40:00.0'
[1756906227.033034] [eos0117:3273435:0]            topo.c:552  UCX  DEBUG mlx5_3: bdf_name 0000:40:00.0 sys_dev 16
[1756906227.033043] [eos0117:3273435:0]       ib_device.c:498  UCX  DEBUG mlx5_3: vendor_id 0x15b3 device_id 4129
[1756906227.033528] [eos0117:3273435:0]    ib_mlx5dv_md.c:1875 UCX  DEBUG mlx5_3: cross gvmi alias mkey is supported
[1756906227.033528] [eos0117:3273435:0]    ib_mlx5dv_md.c:1925 UCX  DEBUG mlx5_3: mkey_by_name_reserve is not supported
[1756906227.033529] [eos0117:3273435:0]    ib_mlx5dv_md.c:1910 UCX  DEBUG mlx5_3: dp_ordering support: force=1 ooo_rw_rc=1 ooo_rw_dc=1
[1756906227.033641] [eos0117:3273435:0]    ib_mlx5dv_md.c:1705 UCX  DEBUG mlx5_3: ODP is disabled because version 1 is not supported for DevX QP
[1756906227.033763] [eos0117:3273435:0]           async.c:248  UCX  DEBUG added async handler 0x55555670c010 [id=70 ref 1] uct_ib_async_event_handler() to hash
[1756906227.033766] [eos0117:3273435:0]           async.c:522  UCX  DEBUG listening to async event fd 70 events 0x1 mode thread_spinlock
[1756906227.033767] [eos0117:3273435:0]       ib_device.c:597  UCX  DEBUG initialized device 'mlx5_3' (InfiniBand channel adapter) with 1 ports
[1756906227.033771] [eos0117:3273435:0]           ib_md.c:1177 UCX  DEBUG mlx5_3: cuda GPUDirect RDMA is detected by checking /sys/kernel/mm/memory_peers/nv_mem/version
[1756906227.033774] [eos0117:3273435:0]           ib_md.c:1177 UCX  DEBUG mlx5_3: rocm GPUDirect RDMA is not detected by checking /dev/kfd
[1756906227.033777] [eos0117:3273435:0]           ib_md.c:1202 UCX  DEBUG mlx5_3: dmabuf is supported
[1756906227.033779] [eos0117:3273435:0]           mpool.c:138  UCX  DEBUG mpool devx dbrec: align 64, maxelems 4294967295, elemsize 40
[1756906227.033990] [eos0117:3273435:0]    ib_mlx5dv_md.c:2423 UCX  DEBUG mlx5_3: opened DEVX md log_max_qp=17
[1756906227.034392] [eos0117:3273435:0]    ib_mlx5dv_md.c:126  UCX  DEBUG mlx5_3: KSM dm memory registration status "Success" range 0x7fffca60d000..0x7fffca60d020 iova 0x0 mkey_index 0x0
[1756906227.034671] [eos0117:3273435:0]    ib_mlx5dv_md.c:96   UCX  DEBUG mlx5_3: mlx5dv_devx_obj_create(CREATE_MKEY, mode=KSM, start_addr=0x7fffca60d000 length=32) failed, syndrome 0x45d3a4: Remote I/O error
[1756906227.034672] [eos0117:3273435:0]    ib_mlx5dv_md.c:126  UCX  DEBUG mlx5_3: KSM atomic-key memory registration status "Unsupported operation" range (nil)..0x20 iova 0x7fffca60d000 atomic mkey_index 0x0
[1756906227.035018] [eos0117:3273435:0]           ib_md.c:1161 UCX  DEBUG mlx5_3: relaxed order memory access is disabled
[1756906227.035235] [eos0117:3273435:0]    ib_mlx5dv_md.c:126  UCX  DEBUG mlx5_3: KSM flush-mr memory registration status "Success" range 0x55555670d000..0x55555670d008 iova 0x0 mkey_index 0x0
[1756906227.035251] [eos0117:3273435:0]          uct_md.c:96   UCX  DEBUG failed to query gga_mlx5 resources: No such device
[1756906227.035252] [eos0117:3273435:0]     ucp_context.c:1188 UCX  DEBUG No tl resources found for md mlx5_3
[1756906227.035253] [eos0117:3273435:0]     ucp_context.c:1648 UCX  DEBUG closing md mlx5_3 because it has no selected transport resources
[1756906227.035256] [eos0117:3273435:0]    ib_mlx5dv_md.c:2496 UCX  DEBUG mlx5_3: md=0x55555670ae10 md->flags=0x3fb3f7f flush_rkey=0x200700
[1756906227.035490] [eos0117:3273435:0]           mpool.c:194  UCX  DEBUG mpool devx dbrec destroyed
[1756906227.035491] [eos0117:3273435:0]       ib_device.c:616  UCX  DEBUG destroying ib device mlx5_3
[1756906227.035493] [eos0117:3273435:0]           async.c:173  UCX  DEBUG removed async handler 0x55555670c010 [id=70 ref 1] uct_ib_async_event_handler() from hash
[1756906227.035494] [eos0117:3273435:0]           async.c:576  UCX  DEBUG removing async handler 0x55555670c010 [id=70 ref 1] uct_ib_async_event_handler()
[1756906227.035496] [eos0117:3273435:0]           async.c:188  UCX  DEBUG release async handler 0x55555670c010 [id=70 ref 0] uct_ib_async_event_handler()
[1756906227.040365] [eos0117:3273435:0]            topo.c:899  UCX  DEBUG /sys/class/infiniband/mlx5_4: PF sysfs path is '/sys/devices/pci0000:4c/0000:4c:01.0/0000:4d:00.0/0000:4e:00.0/0000:4f:00.0'
[1756906227.040367] [eos0117:3273435:0]            topo.c:552  UCX  DEBUG mlx5_4: bdf_name 0000:4f:00.0 sys_dev 17
[1756906227.040376] [eos0117:3273435:0]       ib_device.c:498  UCX  DEBUG mlx5_4: vendor_id 0x15b3 device_id 4129
[1756906227.040865] [eos0117:3273435:0]    ib_mlx5dv_md.c:1875 UCX  DEBUG mlx5_4: cross gvmi alias mkey is supported
[1756906227.040866] [eos0117:3273435:0]    ib_mlx5dv_md.c:1925 UCX  DEBUG mlx5_4: mkey_by_name_reserve is not supported
[1756906227.040867] [eos0117:3273435:0]    ib_mlx5dv_md.c:1910 UCX  DEBUG mlx5_4: dp_ordering support: force=1 ooo_rw_rc=1 ooo_rw_dc=1
[1756906227.040978] [eos0117:3273435:0]    ib_mlx5dv_md.c:1705 UCX  DEBUG mlx5_4: ODP is disabled because version 1 is not supported for DevX QP
[1756906227.041102] [eos0117:3273435:0]           async.c:248  UCX  DEBUG added async handler 0x5555567b6690 [id=70 ref 1] uct_ib_async_event_handler() to hash
[1756906227.041105] [eos0117:3273435:0]           async.c:522  UCX  DEBUG listening to async event fd 70 events 0x1 mode thread_spinlock
[1756906227.041106] [eos0117:3273435:0]       ib_device.c:597  UCX  DEBUG initialized device 'mlx5_4' (InfiniBand channel adapter) with 1 ports
[1756906227.041110] [eos0117:3273435:0]           ib_md.c:1177 UCX  DEBUG mlx5_4: cuda GPUDirect RDMA is detected by checking /sys/kernel/mm/memory_peers/nv_mem/version
[1756906227.041113] [eos0117:3273435:0]           ib_md.c:1177 UCX  DEBUG mlx5_4: rocm GPUDirect RDMA is not detected by checking /dev/kfd
[1756906227.041116] [eos0117:3273435:0]           ib_md.c:1202 UCX  DEBUG mlx5_4: dmabuf is supported
[1756906227.041117] [eos0117:3273435:0]           mpool.c:138  UCX  DEBUG mpool devx dbrec: align 64, maxelems 4294967295, elemsize 40
[1756906227.041331] [eos0117:3273435:0]    ib_mlx5dv_md.c:2423 UCX  DEBUG mlx5_4: opened DEVX md log_max_qp=17
[1756906227.041733] [eos0117:3273435:0]    ib_mlx5dv_md.c:126  UCX  DEBUG mlx5_4: KSM dm memory registration status "Success" range 0x7fffca60d000..0x7fffca60d020 iova 0x0 mkey_index 0x0
[1756906227.042021] [eos0117:3273435:0]    ib_mlx5dv_md.c:96   UCX  DEBUG mlx5_4: mlx5dv_devx_obj_create(CREATE_MKEY, mode=KSM, start_addr=0x7fffca60d000 length=32) failed, syndrome 0x45d3a4: Remote I/O error
[1756906227.042022] [eos0117:3273435:0]    ib_mlx5dv_md.c:126  UCX  DEBUG mlx5_4: KSM atomic-key memory registration status "Unsupported operation" range (nil)..0x20 iova 0x7fffca60d000 atomic mkey_index 0x0
[1756906227.042371] [eos0117:3273435:0]           ib_md.c:1161 UCX  DEBUG mlx5_4: relaxed order memory access is disabled
[1756906227.042593] [eos0117:3273435:0]    ib_mlx5dv_md.c:126  UCX  DEBUG mlx5_4: KSM flush-mr memory registration status "Success" range 0x55555670c000..0x55555670c008 iova 0x0 mkey_index 0x0
[1756906227.042608] [eos0117:3273435:0]          uct_md.c:96   UCX  DEBUG failed to query gga_mlx5 resources: No such device
[1756906227.042609] [eos0117:3273435:0]     ucp_context.c:1188 UCX  DEBUG No tl resources found for md mlx5_4
[1756906227.042610] [eos0117:3273435:0]     ucp_context.c:1648 UCX  DEBUG closing md mlx5_4 because it has no selected transport resources
[1756906227.042613] [eos0117:3273435:0]    ib_mlx5dv_md.c:2496 UCX  DEBUG mlx5_4: md=0x55555670a6d0 md->flags=0x3fb3f7f flush_rkey=0x200700
[1756906227.042860] [eos0117:3273435:0]           mpool.c:194  UCX  DEBUG mpool devx dbrec destroyed
[1756906227.042861] [eos0117:3273435:0]       ib_device.c:616  UCX  DEBUG destroying ib device mlx5_4
[1756906227.042863] [eos0117:3273435:0]           async.c:173  UCX  DEBUG removed async handler 0x5555567b6690 [id=70 ref 1] uct_ib_async_event_handler() from hash
[1756906227.042863] [eos0117:3273435:0]           async.c:576  UCX  DEBUG removing async handler 0x5555567b6690 [id=70 ref 1] uct_ib_async_event_handler()
[1756906227.042865] [eos0117:3273435:0]           async.c:188  UCX  DEBUG release async handler 0x5555567b6690 [id=70 ref 0] uct_ib_async_event_handler()
[1756906227.047730] [eos0117:3273435:0]            topo.c:899  UCX  DEBUG /sys/class/infiniband/mlx5_5: PF sysfs path is '/sys/devices/pci0000:5b/0000:5b:01.0/0000:5c:00.0/0000:5d:00.0/0000:5e:00.0'
[1756906227.047732] [eos0117:3273435:0]            topo.c:552  UCX  DEBUG mlx5_5: bdf_name 0000:5e:00.0 sys_dev 18
[1756906227.047739] [eos0117:3273435:0]       ib_device.c:498  UCX  DEBUG mlx5_5: vendor_id 0x15b3 device_id 4129
[1756906227.048228] [eos0117:3273435:0]    ib_mlx5dv_md.c:1875 UCX  DEBUG mlx5_5: cross gvmi alias mkey is supported
[1756906227.048229] [eos0117:3273435:0]    ib_mlx5dv_md.c:1925 UCX  DEBUG mlx5_5: mkey_by_name_reserve is not supported
[1756906227.048230] [eos0117:3273435:0]    ib_mlx5dv_md.c:1910 UCX  DEBUG mlx5_5: dp_ordering support: force=1 ooo_rw_rc=1 ooo_rw_dc=1
[1756906227.048340] [eos0117:3273435:0]    ib_mlx5dv_md.c:1705 UCX  DEBUG mlx5_5: ODP is disabled because version 1 is not supported for DevX QP
[1756906227.048461] [eos0117:3273435:0]           async.c:248  UCX  DEBUG added async handler 0x5555566ff550 [id=70 ref 1] uct_ib_async_event_handler() to hash
[1756906227.048465] [eos0117:3273435:0]           async.c:522  UCX  DEBUG listening to async event fd 70 events 0x1 mode thread_spinlock
[1756906227.048465] [eos0117:3273435:0]       ib_device.c:597  UCX  DEBUG initialized device 'mlx5_5' (InfiniBand channel adapter) with 1 ports
[1756906227.048470] [eos0117:3273435:0]           ib_md.c:1177 UCX  DEBUG mlx5_5: cuda GPUDirect RDMA is detected by checking /sys/kernel/mm/memory_peers/nv_mem/version
[1756906227.048472] [eos0117:3273435:0]           ib_md.c:1177 UCX  DEBUG mlx5_5: rocm GPUDirect RDMA is not detected by checking /dev/kfd
[1756906227.048475] [eos0117:3273435:0]           ib_md.c:1202 UCX  DEBUG mlx5_5: dmabuf is supported
[1756906227.048476] [eos0117:3273435:0]           mpool.c:138  UCX  DEBUG mpool devx dbrec: align 64, maxelems 4294967295, elemsize 40
[1756906227.048701] [eos0117:3273435:0]    ib_mlx5dv_md.c:2423 UCX  DEBUG mlx5_5: opened DEVX md log_max_qp=17
[1756906227.049083] [eos0117:3273435:0]    ib_mlx5dv_md.c:126  UCX  DEBUG mlx5_5: KSM dm memory registration status "Success" range 0x7fffca60d000..0x7fffca60d020 iova 0x0 mkey_index 0x0
[1756906227.049364] [eos0117:3273435:0]    ib_mlx5dv_md.c:96   UCX  DEBUG mlx5_5: mlx5dv_devx_obj_create(CREATE_MKEY, mode=KSM, start_addr=0x7fffca60d000 length=32) failed, syndrome 0x45d3a4: Remote I/O error
[1756906227.049365] [eos0117:3273435:0]    ib_mlx5dv_md.c:126  UCX  DEBUG mlx5_5: KSM atomic-key memory registration status "Unsupported operation" range (nil)..0x20 iova 0x7fffca60d000 atomic mkey_index 0x0
[1756906227.049713] [eos0117:3273435:0]           ib_md.c:1161 UCX  DEBUG mlx5_5: relaxed order memory access is disabled
[1756906227.049929] [eos0117:3273435:0]    ib_mlx5dv_md.c:126  UCX  DEBUG mlx5_5: KSM flush-mr memory registration status "Success" range 0x55555670c000..0x55555670c008 iova 0x0 mkey_index 0x0
[1756906227.049944] [eos0117:3273435:0]          uct_md.c:96   UCX  DEBUG failed to query gga_mlx5 resources: No such device
[1756906227.049945] [eos0117:3273435:0]     ucp_context.c:1188 UCX  DEBUG No tl resources found for md mlx5_5
[1756906227.049946] [eos0117:3273435:0]     ucp_context.c:1648 UCX  DEBUG closing md mlx5_5 because it has no selected transport resources
[1756906227.049949] [eos0117:3273435:0]    ib_mlx5dv_md.c:2496 UCX  DEBUG mlx5_5: md=0x55555670b140 md->flags=0x3fb3f7f flush_rkey=0x200700
[1756906227.050185] [eos0117:3273435:0]           mpool.c:194  UCX  DEBUG mpool devx dbrec destroyed
[1756906227.050186] [eos0117:3273435:0]       ib_device.c:616  UCX  DEBUG destroying ib device mlx5_5
[1756906227.050187] [eos0117:3273435:0]           async.c:173  UCX  DEBUG removed async handler 0x5555566ff550 [id=70 ref 1] uct_ib_async_event_handler() from hash
[1756906227.050188] [eos0117:3273435:0]           async.c:576  UCX  DEBUG removing async handler 0x5555566ff550 [id=70 ref 1] uct_ib_async_event_handler()
[1756906227.050189] [eos0117:3273435:0]           async.c:188  UCX  DEBUG release async handler 0x5555566ff550 [id=70 ref 0] uct_ib_async_event_handler()
[1756906227.055079] [eos0117:3273435:0]            topo.c:899  UCX  DEBUG /sys/class/infiniband/mlx5_6: PF sysfs path is '/sys/devices/pci0000:97/0000:97:01.0/0000:98:00.0/0000:99:00.0/0000:9a:00.0'
[1756906227.055081] [eos0117:3273435:0]            topo.c:552  UCX  DEBUG mlx5_6: bdf_name 0000:9a:00.0 sys_dev 9
[1756906227.055089] [eos0117:3273435:0]       ib_device.c:498  UCX  DEBUG mlx5_6: vendor_id 0x15b3 device_id 4129
[1756906227.055574] [eos0117:3273435:0]    ib_mlx5dv_md.c:1875 UCX  DEBUG mlx5_6: cross gvmi alias mkey is supported
[1756906227.055575] [eos0117:3273435:0]    ib_mlx5dv_md.c:1925 UCX  DEBUG mlx5_6: mkey_by_name_reserve is not supported
[1756906227.055576] [eos0117:3273435:0]    ib_mlx5dv_md.c:1910 UCX  DEBUG mlx5_6: dp_ordering support: force=1 ooo_rw_rc=1 ooo_rw_dc=1
[1756906227.055697] [eos0117:3273435:0]    ib_mlx5dv_md.c:1705 UCX  DEBUG mlx5_6: ODP is disabled because version 1 is not supported for DevX QP
[1756906227.055820] [eos0117:3273435:0]           async.c:248  UCX  DEBUG added async handler 0x55555670ab70 [id=70 ref 1] uct_ib_async_event_handler() to hash
[1756906227.055823] [eos0117:3273435:0]           async.c:522  UCX  DEBUG listening to async event fd 70 events 0x1 mode thread_spinlock
[1756906227.055824] [eos0117:3273435:0]       ib_device.c:597  UCX  DEBUG initialized device 'mlx5_6' (InfiniBand channel adapter) with 1 ports
[1756906227.055828] [eos0117:3273435:0]           ib_md.c:1177 UCX  DEBUG mlx5_6: cuda GPUDirect RDMA is detected by checking /sys/kernel/mm/memory_peers/nv_mem/version
[1756906227.055831] [eos0117:3273435:0]           ib_md.c:1177 UCX  DEBUG mlx5_6: rocm GPUDirect RDMA is not detected by checking /dev/kfd
[1756906227.055833] [eos0117:3273435:0]           ib_md.c:1202 UCX  DEBUG mlx5_6: dmabuf is supported
[1756906227.055834] [eos0117:3273435:0]           mpool.c:138  UCX  DEBUG mpool devx dbrec: align 64, maxelems 4294967295, elemsize 40
[1756906227.056003] [eos0117:3273435:0]    ib_mlx5dv_md.c:2423 UCX  DEBUG mlx5_6: opened DEVX md log_max_qp=17
[1756906227.056405] [eos0117:3273435:0]    ib_mlx5dv_md.c:126  UCX  DEBUG mlx5_6: KSM dm memory registration status "Success" range 0x7fffca60d000..0x7fffca60d020 iova 0x0 mkey_index 0x0
[1756906227.056683] [eos0117:3273435:0]    ib_mlx5dv_md.c:96   UCX  DEBUG mlx5_6: mlx5dv_devx_obj_create(CREATE_MKEY, mode=KSM, start_addr=0x7fffca60d000 length=32) failed, syndrome 0x45d3a4: Remote I/O error
[1756906227.056684] [eos0117:3273435:0]    ib_mlx5dv_md.c:126  UCX  DEBUG mlx5_6: KSM atomic-key memory registration status "Unsupported operation" range (nil)..0x20 iova 0x7fffca60d000 atomic mkey_index 0x0
[1756906227.057031] [eos0117:3273435:0]           ib_md.c:1161 UCX  DEBUG mlx5_6: relaxed order memory access is disabled
[1756906227.057252] [eos0117:3273435:0]    ib_mlx5dv_md.c:126  UCX  DEBUG mlx5_6: KSM flush-mr memory registration status "Success" range 0x55555670c000..0x55555670c008 iova 0x0 mkey_index 0x0
[1756906227.057266] [eos0117:3273435:0]          uct_md.c:96   UCX  DEBUG failed to query gga_mlx5 resources: No such device
[1756906227.057267] [eos0117:3273435:0]     ucp_context.c:1188 UCX  DEBUG No tl resources found for md mlx5_6
[1756906227.057268] [eos0117:3273435:0]     ucp_context.c:1648 UCX  DEBUG closing md mlx5_6 because it has no selected transport resources
[1756906227.057278] [eos0117:3273435:0]    ib_mlx5dv_md.c:2496 UCX  DEBUG mlx5_6: md=0x555556998010 md->flags=0x3fb3f7f flush_rkey=0x200700
[1756906227.057520] [eos0117:3273435:0]           mpool.c:194  UCX  DEBUG mpool devx dbrec destroyed
[1756906227.057521] [eos0117:3273435:0]       ib_device.c:616  UCX  DEBUG destroying ib device mlx5_6
[1756906227.057522] [eos0117:3273435:0]           async.c:173  UCX  DEBUG removed async handler 0x55555670ab70 [id=70 ref 1] uct_ib_async_event_handler() from hash
[1756906227.057523] [eos0117:3273435:0]           async.c:576  UCX  DEBUG removing async handler 0x55555670ab70 [id=70 ref 1] uct_ib_async_event_handler()
[1756906227.057524] [eos0117:3273435:0]           async.c:188  UCX  DEBUG release async handler 0x55555670ab70 [id=70 ref 0] uct_ib_async_event_handler()
[1756906227.062392] [eos0117:3273435:0]            topo.c:899  UCX  DEBUG /sys/class/infiniband/mlx5_9: PF sysfs path is '/sys/devices/pci0000:bd/0000:bd:01.0/0000:be:00.0/0000:bf:00.0/0000:c0:00.0'
[1756906227.062395] [eos0117:3273435:0]            topo.c:552  UCX  DEBUG mlx5_9: bdf_name 0000:c0:00.0 sys_dev 11
[1756906227.062403] [eos0117:3273435:0]       ib_device.c:498  UCX  DEBUG mlx5_9: vendor_id 0x15b3 device_id 4129
[1756906227.062895] [eos0117:3273435:0]    ib_mlx5dv_md.c:1875 UCX  DEBUG mlx5_9: cross gvmi alias mkey is supported
[1756906227.062896] [eos0117:3273435:0]    ib_mlx5dv_md.c:1925 UCX  DEBUG mlx5_9: mkey_by_name_reserve is not supported
[1756906227.062897] [eos0117:3273435:0]    ib_mlx5dv_md.c:1910 UCX  DEBUG mlx5_9: dp_ordering support: force=1 ooo_rw_rc=1 ooo_rw_dc=1
[1756906227.063018] [eos0117:3273435:0]    ib_mlx5dv_md.c:1705 UCX  DEBUG mlx5_9: ODP is disabled because version 1 is not supported for DevX QP
[1756906227.063143] [eos0117:3273435:0]           async.c:248  UCX  DEBUG added async handler 0x555556715c30 [id=70 ref 1] uct_ib_async_event_handler() to hash
[1756906227.063147] [eos0117:3273435:0]           async.c:522  UCX  DEBUG listening to async event fd 70 events 0x1 mode thread_spinlock
[1756906227.063147] [eos0117:3273435:0]       ib_device.c:597  UCX  DEBUG initialized device 'mlx5_9' (InfiniBand channel adapter) with 1 ports
[1756906227.063151] [eos0117:3273435:0]           ib_md.c:1177 UCX  DEBUG mlx5_9: cuda GPUDirect RDMA is detected by checking /sys/kernel/mm/memory_peers/nv_mem/version
[1756906227.063154] [eos0117:3273435:0]           ib_md.c:1177 UCX  DEBUG mlx5_9: rocm GPUDirect RDMA is not detected by checking /dev/kfd
[1756906227.063157] [eos0117:3273435:0]           ib_md.c:1202 UCX  DEBUG mlx5_9: dmabuf is supported
[1756906227.063158] [eos0117:3273435:0]           mpool.c:138  UCX  DEBUG mpool devx dbrec: align 64, maxelems 4294967295, elemsize 40
[1756906227.063328] [eos0117:3273435:0]    ib_mlx5dv_md.c:2423 UCX  DEBUG mlx5_9: opened DEVX md log_max_qp=17
[1756906227.063733] [eos0117:3273435:0]    ib_mlx5dv_md.c:126  UCX  DEBUG mlx5_9: KSM dm memory registration status "Success" range 0x7fffca60d000..0x7fffca60d020 iova 0x0 mkey_index 0x0
[1756906227.064015] [eos0117:3273435:0]    ib_mlx5dv_md.c:96   UCX  DEBUG mlx5_9: mlx5dv_devx_obj_create(CREATE_MKEY, mode=KSM, start_addr=0x7fffca60d000 length=32) failed, syndrome 0x45d3a4: Remote I/O error
[1756906227.064016] [eos0117:3273435:0]    ib_mlx5dv_md.c:126  UCX  DEBUG mlx5_9: KSM atomic-key memory registration status "Unsupported operation" range (nil)..0x20 iova 0x7fffca60d000 atomic mkey_index 0x0
[1756906227.064364] [eos0117:3273435:0]           ib_md.c:1161 UCX  DEBUG mlx5_9: relaxed order memory access is disabled
[1756906227.064584] [eos0117:3273435:0]    ib_mlx5dv_md.c:126  UCX  DEBUG mlx5_9: KSM flush-mr memory registration status "Success" range 0x55555670c000..0x55555670c008 iova 0x0 mkey_index 0x0
[1756906227.064599] [eos0117:3273435:0]          uct_md.c:96   UCX  DEBUG failed to query gga_mlx5 resources: No such device
[1756906227.064600] [eos0117:3273435:0]     ucp_context.c:1188 UCX  DEBUG No tl resources found for md mlx5_9
[1756906227.064601] [eos0117:3273435:0]     ucp_context.c:1648 UCX  DEBUG closing md mlx5_9 because it has no selected transport resources
[1756906227.064604] [eos0117:3273435:0]    ib_mlx5dv_md.c:2496 UCX  DEBUG mlx5_9: md=0x5555567b9010 md->flags=0x3fb3f7f flush_rkey=0x200700
[1756906227.064842] [eos0117:3273435:0]           mpool.c:194  UCX  DEBUG mpool devx dbrec destroyed
[1756906227.064843] [eos0117:3273435:0]       ib_device.c:616  UCX  DEBUG destroying ib device mlx5_9
[1756906227.064844] [eos0117:3273435:0]           async.c:173  UCX  DEBUG removed async handler 0x555556715c30 [id=70 ref 1] uct_ib_async_event_handler() from hash
[1756906227.064845] [eos0117:3273435:0]           async.c:576  UCX  DEBUG removing async handler 0x555556715c30 [id=70 ref 1] uct_ib_async_event_handler()
[1756906227.064846] [eos0117:3273435:0]           async.c:188  UCX  DEBUG release async handler 0x555556715c30 [id=70 ref 0] uct_ib_async_event_handler()
[1756906227.069577] [eos0117:3273435:0]            topo.c:899  UCX  DEBUG /sys/class/infiniband/mlx5_10: PF sysfs path is '/sys/devices/pci0000:cb/0000:cb:01.0/0000:cc:00.0/0000:cd:00.0/0000:ce:00.0'
[1756906227.069579] [eos0117:3273435:0]            topo.c:552  UCX  DEBUG mlx5_10: bdf_name 0000:ce:00.0 sys_dev 12
[1756906227.069586] [eos0117:3273435:0]       ib_device.c:498  UCX  DEBUG mlx5_10: vendor_id 0x15b3 device_id 4129
[1756906227.070059] [eos0117:3273435:0]    ib_mlx5dv_md.c:1875 UCX  DEBUG mlx5_10: cross gvmi alias mkey is supported
[1756906227.070060] [eos0117:3273435:0]    ib_mlx5dv_md.c:1925 UCX  DEBUG mlx5_10: mkey_by_name_reserve is not supported
[1756906227.070061] [eos0117:3273435:0]    ib_mlx5dv_md.c:1910 UCX  DEBUG mlx5_10: dp_ordering support: force=1 ooo_rw_rc=1 ooo_rw_dc=1
[1756906227.070172] [eos0117:3273435:0]    ib_mlx5dv_md.c:1705 UCX  DEBUG mlx5_10: ODP is disabled because version 1 is not supported for DevX QP
[1756906227.070293] [eos0117:3273435:0]           async.c:248  UCX  DEBUG added async handler 0x55555670a9f0 [id=70 ref 1] uct_ib_async_event_handler() to hash
[1756906227.070296] [eos0117:3273435:0]           async.c:522  UCX  DEBUG listening to async event fd 70 events 0x1 mode thread_spinlock
[1756906227.070296] [eos0117:3273435:0]       ib_device.c:597  UCX  DEBUG initialized device 'mlx5_10' (InfiniBand channel adapter) with 1 ports
[1756906227.070299] [eos0117:3273435:0]           ib_md.c:1177 UCX  DEBUG mlx5_10: cuda GPUDirect RDMA is detected by checking /sys/kernel/mm/memory_peers/nv_mem/version
[1756906227.070301] [eos0117:3273435:0]           ib_md.c:1177 UCX  DEBUG mlx5_10: rocm GPUDirect RDMA is not detected by checking /dev/kfd
[1756906227.070304] [eos0117:3273435:0]           ib_md.c:1202 UCX  DEBUG mlx5_10: dmabuf is supported
[1756906227.070305] [eos0117:3273435:0]           mpool.c:138  UCX  DEBUG mpool devx dbrec: align 64, maxelems 4294967295, elemsize 40
[1756906227.070474] [eos0117:3273435:0]    ib_mlx5dv_md.c:2423 UCX  DEBUG mlx5_10: opened DEVX md log_max_qp=17
[1756906227.070868] [eos0117:3273435:0]    ib_mlx5dv_md.c:126  UCX  DEBUG mlx5_10: KSM dm memory registration status "Success" range 0x7fffca60d000..0x7fffca60d020 iova 0x0 mkey_index 0x0
[1756906227.071147] [eos0117:3273435:0]    ib_mlx5dv_md.c:96   UCX  DEBUG mlx5_10: mlx5dv_devx_obj_create(CREATE_MKEY, mode=KSM, start_addr=0x7fffca60d000 length=32) failed, syndrome 0x45d3a4: Remote I/O error
[1756906227.071148] [eos0117:3273435:0]    ib_mlx5dv_md.c:126  UCX  DEBUG mlx5_10: KSM atomic-key memory registration status "Unsupported operation" range (nil)..0x20 iova 0x7fffca60d000 atomic mkey_index 0x0
[1756906227.071498] [eos0117:3273435:0]           ib_md.c:1161 UCX  DEBUG mlx5_10: relaxed order memory access is disabled
[1756906227.071720] [eos0117:3273435:0]    ib_mlx5dv_md.c:126  UCX  DEBUG mlx5_10: KSM flush-mr memory registration status "Success" range 0x55555670c000..0x55555670c008 iova 0x0 mkey_index 0x0
[1756906227.071734] [eos0117:3273435:0]          uct_md.c:96   UCX  DEBUG failed to query gga_mlx5 resources: No such device
[1756906227.071735] [eos0117:3273435:0]     ucp_context.c:1188 UCX  DEBUG No tl resources found for md mlx5_10
[1756906227.071743] [eos0117:3273435:0]     ucp_context.c:1648 UCX  DEBUG closing md mlx5_10 because it has no selected transport resources
[1756906227.071746] [eos0117:3273435:0]    ib_mlx5dv_md.c:2496 UCX  DEBUG mlx5_10: md=0x5555567b96a0 md->flags=0x3fb3f7f flush_rkey=0x200700
[1756906227.071990] [eos0117:3273435:0]           mpool.c:194  UCX  DEBUG mpool devx dbrec destroyed
[1756906227.071991] [eos0117:3273435:0]       ib_device.c:616  UCX  DEBUG destroying ib device mlx5_10
[1756906227.071992] [eos0117:3273435:0]           async.c:173  UCX  DEBUG removed async handler 0x55555670a9f0 [id=70 ref 1] uct_ib_async_event_handler() from hash
[1756906227.071993] [eos0117:3273435:0]           async.c:576  UCX  DEBUG removing async handler 0x55555670a9f0 [id=70 ref 1] uct_ib_async_event_handler()
[1756906227.071994] [eos0117:3273435:0]           async.c:188  UCX  DEBUG release async handler 0x55555670a9f0 [id=70 ref 0] uct_ib_async_event_handler()
[1756906227.076762] [eos0117:3273435:0]            topo.c:899  UCX  DEBUG /sys/class/infiniband/mlx5_11: PF sysfs path is '/sys/devices/pci0000:d9/0000:d9:01.0/0000:da:00.0/0000:db:00.0/0000:dc:00.0'
[1756906227.076764] [eos0117:3273435:0]            topo.c:552  UCX  DEBUG mlx5_11: bdf_name 0000:dc:00.0 sys_dev 13
[1756906227.076771] [eos0117:3273435:0]       ib_device.c:498  UCX  DEBUG mlx5_11: vendor_id 0x15b3 device_id 4129
[1756906227.077265] [eos0117:3273435:0]    ib_mlx5dv_md.c:1875 UCX  DEBUG mlx5_11: cross gvmi alias mkey is supported
[1756906227.077266] [eos0117:3273435:0]    ib_mlx5dv_md.c:1925 UCX  DEBUG mlx5_11: mkey_by_name_reserve is not supported
[1756906227.077267] [eos0117:3273435:0]    ib_mlx5dv_md.c:1910 UCX  DEBUG mlx5_11: dp_ordering support: force=1 ooo_rw_rc=1 ooo_rw_dc=1
[1756906227.077379] [eos0117:3273435:0]    ib_mlx5dv_md.c:1705 UCX  DEBUG mlx5_11: ODP is disabled because version 1 is not supported for DevX QP
[1756906227.077502] [eos0117:3273435:0]           async.c:248  UCX  DEBUG added async handler 0x5555567b94c0 [id=70 ref 1] uct_ib_async_event_handler() to hash
[1756906227.077505] [eos0117:3273435:0]           async.c:522  UCX  DEBUG listening to async event fd 70 events 0x1 mode thread_spinlock
[1756906227.077506] [eos0117:3273435:0]       ib_device.c:597  UCX  DEBUG initialized device 'mlx5_11' (InfiniBand channel adapter) with 1 ports
[1756906227.077509] [eos0117:3273435:0]           ib_md.c:1177 UCX  DEBUG mlx5_11: cuda GPUDirect RDMA is detected by checking /sys/kernel/mm/memory_peers/nv_mem/version
[1756906227.077511] [eos0117:3273435:0]           ib_md.c:1177 UCX  DEBUG mlx5_11: rocm GPUDirect RDMA is not detected by checking /dev/kfd
[1756906227.077513] [eos0117:3273435:0]           ib_md.c:1202 UCX  DEBUG mlx5_11: dmabuf is supported
[1756906227.077515] [eos0117:3273435:0]           mpool.c:138  UCX  DEBUG mpool devx dbrec: align 64, maxelems 4294967295, elemsize 40
[1756906227.077691] [eos0117:3273435:0]    ib_mlx5dv_md.c:2423 UCX  DEBUG mlx5_11: opened DEVX md log_max_qp=17
[1756906227.078093] [eos0117:3273435:0]    ib_mlx5dv_md.c:126  UCX  DEBUG mlx5_11: KSM dm memory registration status "Success" range 0x7fffca60d000..0x7fffca60d020 iova 0x0 mkey_index 0x0
[1756906227.078373] [eos0117:3273435:0]    ib_mlx5dv_md.c:96   UCX  DEBUG mlx5_11: mlx5dv_devx_obj_create(CREATE_MKEY, mode=KSM, start_addr=0x7fffca60d000 length=32) failed, syndrome 0x45d3a4: Remote I/O error
[1756906227.078375] [eos0117:3273435:0]    ib_mlx5dv_md.c:126  UCX  DEBUG mlx5_11: KSM atomic-key memory registration status "Unsupported operation" range (nil)..0x20 iova 0x7fffca60d000 atomic mkey_index 0x0
[1756906227.078730] [eos0117:3273435:0]           ib_md.c:1161 UCX  DEBUG mlx5_11: relaxed order memory access is disabled
[1756906227.078951] [eos0117:3273435:0]    ib_mlx5dv_md.c:126  UCX  DEBUG mlx5_11: KSM flush-mr memory registration status "Success" range 0x55555670c000..0x55555670c008 iova 0x0 mkey_index 0x0
[1756906227.078987] [eos0117:3273435:0]          uct_md.c:96   UCX  DEBUG failed to query gga_mlx5 resources: No such device
[1756906227.078988] [eos0117:3273435:0]     ucp_context.c:1188 UCX  DEBUG No tl resources found for md mlx5_11
[1756906227.078989] [eos0117:3273435:0]     ucp_context.c:1648 UCX  DEBUG closing md mlx5_11 because it has no selected transport resources
[1756906227.078992] [eos0117:3273435:0]    ib_mlx5dv_md.c:2496 UCX  DEBUG mlx5_11: md=0x5555567b9500 md->flags=0x3fb3f7f flush_rkey=0x200700
[1756906227.079231] [eos0117:3273435:0]           mpool.c:194  UCX  DEBUG mpool devx dbrec destroyed
[1756906227.079232] [eos0117:3273435:0]       ib_device.c:616  UCX  DEBUG destroying ib device mlx5_11
[1756906227.079233] [eos0117:3273435:0]           async.c:173  UCX  DEBUG removed async handler 0x5555567b94c0 [id=70 ref 1] uct_ib_async_event_handler() from hash
[1756906227.079234] [eos0117:3273435:0]           async.c:576  UCX  DEBUG removing async handler 0x5555567b94c0 [id=70 ref 1] uct_ib_async_event_handler()
[1756906227.079236] [eos0117:3273435:0]           async.c:188  UCX  DEBUG release async handler 0x5555567b94c0 [id=70 ref 0] uct_ib_async_event_handler()
[1756906227.079628] [eos0117:3273435:0]     ucp_context.c:1713 UCX  DEBUG register host memory on: self, tcp, cuda_cpy, mlx5_0, mlx5_3, mlx5_4, mlx5_5, mlx5_6, mlx5_9, mlx5_10, mlx5_11, cma
[1756906227.079630] [eos0117:3273435:0]     ucp_context.c:1713 UCX  DEBUG register cuda memory on: cuda_cpy, cuda_ipc, gdr_copy, mlx5_0, mlx5_3, mlx5_4, mlx5_5, mlx5_6, mlx5_9, mlx5_10, mlx5_11
[1756906227.079631] [eos0117:3273435:0]     ucp_context.c:1713 UCX  DEBUG register cuda-managed memory on: cuda_cpy
[1756906227.079632] [eos0117:3273435:0]     ucp_context.c:1701 UCX  DEBUG no memory domain supports registering rocm memory
[1756906227.079632] [eos0117:3273435:0]     ucp_context.c:1701 UCX  DEBUG no memory domain supports registering rocm-managed memory
[1756906227.079633] [eos0117:3273435:0]     ucp_context.c:1701 UCX  DEBUG no memory domain supports registering rdma memory
[1756906227.079634] [eos0117:3273435:0]     ucp_context.c:1701 UCX  DEBUG no memory domain supports registering ze-host memory
[1756906227.079634] [eos0117:3273435:0]     ucp_context.c:1701 UCX  DEBUG no memory domain supports registering ze-device memory
[1756906227.079635] [eos0117:3273435:0]     ucp_context.c:1701 UCX  DEBUG no memory domain supports registering ze-managed memory
[1756906227.079657] [eos0117:3273435:0]           mpool.c:138  UCX  DEBUG mpool rcache_mp: align 8, maxelems 4294967295, elemsize 144
[1756906227.079718] [eos0117:3273435:0]     ucp_context.c:2332 UCX  DEBUG created ucp context ucp_context_0 0x5555563dacf0 [16 mds 60 tls] features 0x1 tl bitmap 0xfffffffffffffff 0x0
[1756906227.082407] [eos0117:3273435:0]      ucp_worker.c:2510 UCX  DIAG  multi-threaded worker is requested, but library is built without multi-thread support
[1756906227.082436] [eos0117:3273435:0]           mpool.c:138  UCX  DEBUG mpool self_msg_desc: align 64, maxelems 4294967295, elemsize 8200
[1756906227.082438] [eos0117:3273435:0]            self.c:245  UCX  DEBUG created self iface id 0xbc8b90cbc0816750 send_size 8192
[1756906227.082445] [eos0117:3273435:0]      ucp_worker.c:1436 UCX  DEBUG created interface[0]=0x555556990370 using self/memory on worker 0x55555696d900
[1756906227.082462] [eos0117:3273435:0]           mpool.c:138  UCX  DEBUG mpool uct_tcp_iface_tx_buf_mp: align 64, maxelems 4294967295, elemsize 8205
[1756906227.082462] [eos0117:3273435:0]           mpool.c:138  UCX  DEBUG mpool uct_tcp_iface_rx_buf_mp: align 64, maxelems 4294967295, elemsize 131090
[1756906227.084937] [eos0117:3273435:0]           async.c:248  UCX  DEBUG added async handler 0x5555568a0390 [id=70 ref 1] uct_tcp_iface_connect_handler() to hash
[1756906227.084946] [eos0117:3273435:0]           async.c:522  UCX  DEBUG listening to async event fd 70 events 0x5 mode thread_spinlock
[1756906227.084954] [eos0117:3273435:0]       tcp_iface.c:596  UCX  DEBUG tcp_iface 0x555556990ee0: listening for connections (fd=70) on 169.254.0.18:38273 netif bmc-redfish0
[1756906227.084973] [eos0117:3273435:0]         tcp_net.c:61   UCX  DEBUG speed of bmc-redfish0 is UNKNOWN, assuming 100 Mbps
[1756906227.085033] [eos0117:3273435:0]            topo.c:895  UCX  DEBUG /sys/class/net/bmc-redfish0/lower_enx0a24f5048325: sysfs path undetected
[1756906227.085034] [eos0117:3273435:0]            topo.c:848  UCX  DEBUG bmc-redfish0: pci bandwidth undetected, using maximal value
[1756906227.085067] [eos0117:3273435:0]      ucp_worker.c:1436 UCX  DEBUG created interface[1]=0x555556990ee0 using tcp/bmc-redfish0 on worker 0x55555696d900
[1756906227.085086] [eos0117:3273435:0]           mpool.c:138  UCX  DEBUG mpool uct_tcp_iface_tx_buf_mp: align 64, maxelems 4294967295, elemsize 8205
[1756906227.085087] [eos0117:3273435:0]           mpool.c:138  UCX  DEBUG mpool uct_tcp_iface_rx_buf_mp: align 64, maxelems 4294967295, elemsize 131090
[1756906227.085566] [eos0117:3273435:0]           async.c:248  UCX  DEBUG added async handler 0x555556b203e0 [id=72 ref 1] uct_tcp_iface_connect_handler() to hash
[1756906227.085572] [eos0117:3273435:0]           async.c:522  UCX  DEBUG listening to async event fd 72 events 0x5 mode thread_spinlock
[1756906227.085575] [eos0117:3273435:0]       tcp_iface.c:596  UCX  DEBUG tcp_iface 0x555556b1cc10: listening for connections (fd=72) on 10.52.49.70:38319 netif eth3
[1756906227.085822] [eos0117:3273435:0]            topo.c:899  UCX  DEBUG /sys/class/net/eth3: PF sysfs path is '/sys/devices/pci0000:80/0000:80:05.0/0000:82:00.1'
[1756906227.086983] [eos0117:3273435:0]      ucp_worker.c:1436 UCX  DEBUG created interface[2]=0x555556b1cc10 using tcp/eth3 on worker 0x55555696d900
[1756906227.086999] [eos0117:3273435:0]           mpool.c:138  UCX  DEBUG mpool uct_tcp_iface_tx_buf_mp: align 64, maxelems 4294967295, elemsize 8205
[1756906227.087000] [eos0117:3273435:0]           mpool.c:138  UCX  DEBUG mpool uct_tcp_iface_rx_buf_mp: align 64, maxelems 4294967295, elemsize 131090
[1756906227.087786] [eos0117:3273435:0]           async.c:248  UCX  DEBUG added async handler 0x555556b20460 [id=74 ref 1] uct_tcp_iface_connect_handler() to hash
[1756906227.087790] [eos0117:3273435:0]           async.c:522  UCX  DEBUG listening to async event fd 74 events 0x5 mode thread_spinlock
[1756906227.087792] [eos0117:3273435:0]       tcp_iface.c:596  UCX  DEBUG tcp_iface 0x5555566fccc0: listening for connections (fd=74) on 172.16.128.127:53055 netif ibp154s0
[1756906227.088058] [eos0117:3273435:0]            topo.c:899  UCX  DEBUG /sys/class/net/ibp154s0: PF sysfs path is '/sys/devices/pci0000:97/0000:97:01.0/0000:98:00.0/0000:99:00.0/0000:9a:00.0'
[1756906227.088117] [eos0117:3273435:0]      ucp_worker.c:1436 UCX  DEBUG created interface[3]=0x5555566fccc0 using tcp/ibp154s0 on worker 0x55555696d900
[1756906227.088130] [eos0117:3273435:0]           mpool.c:138  UCX  DEBUG mpool uct_tcp_iface_tx_buf_mp: align 64, maxelems 4294967295, elemsize 8205
[1756906227.088131] [eos0117:3273435:0]           mpool.c:138  UCX  DEBUG mpool uct_tcp_iface_rx_buf_mp: align 64, maxelems 4294967295, elemsize 131090
[1756906227.088610] [eos0117:3273435:0]           async.c:248  UCX  DEBUG added async handler 0x555556b20420 [id=76 ref 1] uct_tcp_iface_connect_handler() to hash
[1756906227.088615] [eos0117:3273435:0]           async.c:522  UCX  DEBUG listening to async event fd 76 events 0x5 mode thread_spinlock
[1756906227.088616] [eos0117:3273435:0]       tcp_iface.c:596  UCX  DEBUG tcp_iface 0x5555566e4f40: listening for connections (fd=76) on 172.16.16.127:59583 netif ibp170s0f0
[1756906227.088823] [eos0117:3273435:0]            topo.c:899  UCX  DEBUG /sys/class/net/ibp170s0f0: PF sysfs path is '/sys/devices/pci0000:a5/0000:a5:01.0/0000:a6:00.0/0000:a7:00.0/0000:a8:00.0/0000:a9:00.0/0000:aa:00.0'
[1756906227.088871] [eos0117:3273435:0]      ucp_worker.c:1436 UCX  DEBUG created interface[4]=0x5555566e4f40 using tcp/ibp170s0f0 on worker 0x55555696d900
[1756906227.088884] [eos0117:3273435:0]           mpool.c:138  UCX  DEBUG mpool uct_tcp_iface_tx_buf_mp: align 64, maxelems 4294967295, elemsize 8205
[1756906227.088885] [eos0117:3273435:0]           mpool.c:138  UCX  DEBUG mpool uct_tcp_iface_rx_buf_mp: align 64, maxelems 4294967295, elemsize 131090
[1756906227.089341] [eos0117:3273435:0]           async.c:248  UCX  DEBUG added async handler 0x555556b204a0 [id=78 ref 1] uct_tcp_iface_connect_handler() to hash
[1756906227.089345] [eos0117:3273435:0]           async.c:522  UCX  DEBUG listening to async event fd 78 events 0x5 mode thread_spinlock
[1756906227.089347] [eos0117:3273435:0]       tcp_iface.c:596  UCX  DEBUG tcp_iface 0x5555566e56c0: listening for connections (fd=78) on 172.16.144.127:48545 netif ibp192s0
[1756906227.089543] [eos0117:3273435:0]            topo.c:899  UCX  DEBUG /sys/class/net/ibp192s0: PF sysfs path is '/sys/devices/pci0000:bd/0000:bd:01.0/0000:be:00.0/0000:bf:00.0/0000:c0:00.0'
[1756906227.089592] [eos0117:3273435:0]      ucp_worker.c:1436 UCX  DEBUG created interface[5]=0x5555566e56c0 using tcp/ibp192s0 on worker 0x55555696d900
[1756906227.089605] [eos0117:3273435:0]           mpool.c:138  UCX  DEBUG mpool uct_tcp_iface_tx_buf_mp: align 64, maxelems 4294967295, elemsize 8205
[1756906227.089606] [eos0117:3273435:0]           mpool.c:138  UCX  DEBUG mpool uct_tcp_iface_rx_buf_mp: align 64, maxelems 4294967295, elemsize 131090
[1756906227.090070] [eos0117:3273435:0]           async.c:248  UCX  DEBUG added async handler 0x555556b204e0 [id=80 ref 1] uct_tcp_iface_connect_handler() to hash
[1756906227.090074] [eos0117:3273435:0]           async.c:522  UCX  DEBUG listening to async event fd 80 events 0x5 mode thread_spinlock
[1756906227.090076] [eos0117:3273435:0]       tcp_iface.c:596  UCX  DEBUG tcp_iface 0x555556b1afa0: listening for connections (fd=80) on 172.16.160.127:50731 netif ibp206s0
[1756906227.090179] [eos0117:3273435:0]            topo.c:899  UCX  DEBUG /sys/class/net/ibp206s0: PF sysfs path is '/sys/devices/pci0000:cb/0000:cb:01.0/0000:cc:00.0/0000:cd:00.0/0000:ce:00.0'
[1756906227.090233] [eos0117:3273435:0]      ucp_worker.c:1436 UCX  DEBUG created interface[6]=0x555556b1afa0 using tcp/ibp206s0 on worker 0x55555696d900
[1756906227.090245] [eos0117:3273435:0]           mpool.c:138  UCX  DEBUG mpool uct_tcp_iface_tx_buf_mp: align 64, maxelems 4294967295, elemsize 8205
[1756906227.090246] [eos0117:3273435:0]           mpool.c:138  UCX  DEBUG mpool uct_tcp_iface_rx_buf_mp: align 64, maxelems 4294967295, elemsize 131090
[1756906227.090979] [eos0117:3273435:0]           async.c:248  UCX  DEBUG added async handler 0x555556b220f0 [id=82 ref 1] uct_tcp_iface_connect_handler() to hash
[1756906227.090984] [eos0117:3273435:0]           async.c:522  UCX  DEBUG listening to async event fd 82 events 0x5 mode thread_spinlock
[1756906227.090985] [eos0117:3273435:0]       tcp_iface.c:596  UCX  DEBUG tcp_iface 0x555556b1b720: listening for connections (fd=82) on 172.16.176.127:47969 netif ibp220s0
[1756906227.091110] [eos0117:3273435:0]            topo.c:899  UCX  DEBUG /sys/class/net/ibp220s0: PF sysfs path is '/sys/devices/pci0000:d9/0000:d9:01.0/0000:da:00.0/0000:db:00.0/0000:dc:00.0'
[1756906227.091160] [eos0117:3273435:0]      ucp_worker.c:1436 UCX  DEBUG created interface[7]=0x555556b1b720 using tcp/ibp220s0 on worker 0x55555696d900
[1756906227.091173] [eos0117:3273435:0]           mpool.c:138  UCX  DEBUG mpool uct_tcp_iface_tx_buf_mp: align 64, maxelems 4294967295, elemsize 8205
[1756906227.091174] [eos0117:3273435:0]           mpool.c:138  UCX  DEBUG mpool uct_tcp_iface_rx_buf_mp: align 64, maxelems 4294967295, elemsize 131090
[1756906227.091912] [eos0117:3273435:0]           async.c:248  UCX  DEBUG added async handler 0x5555568cfbb0 [id=84 ref 1] uct_tcp_iface_connect_handler() to hash
[1756906227.091917] [eos0117:3273435:0]           async.c:522  UCX  DEBUG listening to async event fd 84 events 0x5 mode thread_spinlock
[1756906227.091918] [eos0117:3273435:0]       tcp_iface.c:596  UCX  DEBUG tcp_iface 0x555556b1bea0: listening for connections (fd=84) on 172.16.64.127:44913 netif ibp24s0
[1756906227.092028] [eos0117:3273435:0]            topo.c:899  UCX  DEBUG /sys/class/net/ibp24s0: PF sysfs path is '/sys/devices/pci0000:15/0000:15:01.0/0000:16:00.0/0000:17:00.0/0000:18:00.0'
[1756906227.092085] [eos0117:3273435:0]      ucp_worker.c:1436 UCX  DEBUG created interface[8]=0x555556b1bea0 using tcp/ibp24s0 on worker 0x55555696d900
[1756906227.092141] [eos0117:3273435:0]           mpool.c:138  UCX  DEBUG mpool uct_tcp_iface_tx_buf_mp: align 64, maxelems 4294967295, elemsize 8205
[1756906227.092142] [eos0117:3273435:0]           mpool.c:138  UCX  DEBUG mpool uct_tcp_iface_rx_buf_mp: align 64, maxelems 4294967295, elemsize 131090
[1756906227.092599] [eos0117:3273435:0]           async.c:248  UCX  DEBUG added async handler 0x5555568a4400 [id=86 ref 1] uct_tcp_iface_connect_handler() to hash
[1756906227.092604] [eos0117:3273435:0]           async.c:522  UCX  DEBUG listening to async event fd 86 events 0x5 mode thread_spinlock
[1756906227.092605] [eos0117:3273435:0]       tcp_iface.c:596  UCX  DEBUG tcp_iface 0x555556b20520: listening for connections (fd=86) on 172.16.0.127:38255 netif ibp41s0f0
[1756906227.092828] [eos0117:3273435:0]            topo.c:899  UCX  DEBUG /sys/class/net/ibp41s0f0: PF sysfs path is '/sys/devices/pci0000:24/0000:24:01.0/0000:25:00.0/0000:26:00.0/0000:27:00.0/0000:28:00.0/0000:29:00.0'
[1756906227.092877] [eos0117:3273435:0]      ucp_worker.c:1436 UCX  DEBUG created interface[9]=0x555556b20520 using tcp/ibp41s0f0 on worker 0x55555696d900
[1756906227.092890] [eos0117:3273435:0]           mpool.c:138  UCX  DEBUG mpool uct_tcp_iface_tx_buf_mp: align 64, maxelems 4294967295, elemsize 8205
[1756906227.092891] [eos0117:3273435:0]           mpool.c:138  UCX  DEBUG mpool uct_tcp_iface_rx_buf_mp: align 64, maxelems 4294967295, elemsize 131090
[1756906227.093818] [eos0117:3273435:0]           async.c:248  UCX  DEBUG added async handler 0x5555568a4390 [id=88 ref 1] uct_tcp_iface_connect_handler() to hash
[1756906227.093822] [eos0117:3273435:0]           async.c:522  UCX  DEBUG listening to async event fd 88 events 0x5 mode thread_spinlock
[1756906227.093824] [eos0117:3273435:0]       tcp_iface.c:596  UCX  DEBUG tcp_iface 0x555556b21180: listening for connections (fd=88) on 172.16.80.127:53591 netif ibp64s0
[1756906227.094026] [eos0117:3273435:0]            topo.c:899  UCX  DEBUG /sys/class/net/ibp64s0: PF sysfs path is '/sys/devices/pci0000:3d/0000:3d:01.0/0000:3e:00.0/0000:3f:00.0/0000:40:00.0'
[1756906227.094075] [eos0117:3273435:0]      ucp_worker.c:1436 UCX  DEBUG created interface[10]=0x555556b21180 using tcp/ibp64s0 on worker 0x55555696d900
[1756906227.094087] [eos0117:3273435:0]           mpool.c:138  UCX  DEBUG mpool uct_tcp_iface_tx_buf_mp: align 64, maxelems 4294967295, elemsize 8205
[1756906227.094088] [eos0117:3273435:0]           mpool.c:138  UCX  DEBUG mpool uct_tcp_iface_rx_buf_mp: align 64, maxelems 4294967295, elemsize 131090
[1756906227.094987] [eos0117:3273435:0]           async.c:248  UCX  DEBUG added async handler 0x5555568a5f00 [id=90 ref 1] uct_tcp_iface_connect_handler() to hash
[1756906227.094991] [eos0117:3273435:0]           async.c:522  UCX  DEBUG listening to async event fd 90 events 0x5 mode thread_spinlock
[1756906227.094992] [eos0117:3273435:0]       tcp_iface.c:596  UCX  DEBUG tcp_iface 0x555556b1d4e0: listening for connections (fd=90) on 172.16.96.127:47109 netif ibp79s0
[1756906227.095092] [eos0117:3273435:0]            topo.c:899  UCX  DEBUG /sys/class/net/ibp79s0: PF sysfs path is '/sys/devices/pci0000:4c/0000:4c:01.0/0000:4d:00.0/0000:4e:00.0/0000:4f:00.0'
[1756906227.095140] [eos0117:3273435:0]      ucp_worker.c:1436 UCX  DEBUG created interface[11]=0x555556b1d4e0 using tcp/ibp79s0 on worker 0x55555696d900
[1756906227.095152] [eos0117:3273435:0]           mpool.c:138  UCX  DEBUG mpool uct_tcp_iface_tx_buf_mp: align 64, maxelems 4294967295, elemsize 8205
[1756906227.095153] [eos0117:3273435:0]           mpool.c:138  UCX  DEBUG mpool uct_tcp_iface_rx_buf_mp: align 64, maxelems 4294967295, elemsize 131090
[1756906227.096042] [eos0117:3273435:0]           async.c:248  UCX  DEBUG added async handler 0x5555568a0470 [id=92 ref 1] uct_tcp_iface_connect_handler() to hash
[1756906227.096047] [eos0117:3273435:0]           async.c:522  UCX  DEBUG listening to async event fd 92 events 0x5 mode thread_spinlock
[1756906227.096048] [eos0117:3273435:0]       tcp_iface.c:596  UCX  DEBUG tcp_iface 0x555556b1ded0: listening for connections (fd=92) on 172.16.112.127:35159 netif ibp94s0
[1756906227.096245] [eos0117:3273435:0]            topo.c:899  UCX  DEBUG /sys/class/net/ibp94s0: PF sysfs path is '/sys/devices/pci0000:5b/0000:5b:01.0/0000:5c:00.0/0000:5d:00.0/0000:5e:00.0'
[1756906227.096293] [eos0117:3273435:0]      ucp_worker.c:1436 UCX  DEBUG created interface[12]=0x555556b1ded0 using tcp/ibp94s0 on worker 0x55555696d900
[1756906227.096305] [eos0117:3273435:0]           mpool.c:138  UCX  DEBUG mpool uct_tcp_iface_tx_buf_mp: align 64, maxelems 4294967295, elemsize 8205
[1756906227.096305] [eos0117:3273435:0]           mpool.c:138  UCX  DEBUG mpool uct_tcp_iface_rx_buf_mp: align 64, maxelems 4294967295, elemsize 131090
[1756906227.097187] [eos0117:3273435:0]           async.c:248  UCX  DEBUG added async handler 0x55555689f0e0 [id=94 ref 1] uct_tcp_iface_connect_handler() to hash
[1756906227.097191] [eos0117:3273435:0]           async.c:522  UCX  DEBUG listening to async event fd 94 events 0x5 mode thread_spinlock
[1756906227.097193] [eos0117:3273435:0]       tcp_iface.c:596  UCX  DEBUG tcp_iface 0x555556b1ead0: listening for connections (fd=94) on 127.0.0.1:52787 netif lo
[1756906227.097202] [eos0117:3273435:0]            sock.c:90   UCX  DEBUG ioctl(req=35142, ifr_name=lo) failed: Operation not supported
[1756906227.097204] [eos0117:3273435:0]         tcp_net.c:61   UCX  DEBUG speed of lo is UNKNOWN, assuming 100 Mbps
[1756906227.097229] [eos0117:3273435:0]            topo.c:895  UCX  DEBUG /sys/class/net/lo: sysfs path undetected
[1756906227.097230] [eos0117:3273435:0]            topo.c:848  UCX  DEBUG lo: pci bandwidth undetected, using maximal value
[1756906227.097251] [eos0117:3273435:0]      ucp_worker.c:1436 UCX  DEBUG created interface[13]=0x555556b1ead0 using tcp/lo on worker 0x55555696d900
[1756906227.097295] [eos0117:3273435:0]         mm_sysv.c:97   UCX  DEBUG   mm failed to allocate 33023 bytes with hugetlb
[1756906227.097323] [eos0117:3273435:0]           mpool.c:138  UCX  DEBUG mpool mm_recv_desc: align 64, maxelems 4294967295, elemsize 8368
[1756906227.097331] [eos0117:3273435:0]         mm_sysv.c:97   UCX  DEBUG   mm failed to allocate 4292720 bytes with hugetlb
[1756906227.097341] [eos0117:3273435:0]           mpool.c:282  UCX  DEBUG mpool mm_recv_desc: allocated chunk 0x7ffd96fe7018 of 4296680 bytes with 512 elements
[1756906227.098120] [eos0117:3273435:0]        mm_iface.c:730  UCX  DEBUG created mm iface 0x5555567b2fe0 FIFO id 0x29800e va 0x7fffca379000 size 36864 (128 x 256 elems)
[1756906227.098134] [eos0117:3273435:0]      ucp_worker.c:1436 UCX  DEBUG created interface[14]=0x5555567b2fe0 using sysv/memory on worker 0x55555696d900
[1756906227.098190] [eos0117:3273435:0]        mm_posix.c:572  UCX  DEBUG   allocated posix shared memory at 0x7fffca370000 length 36864
[1756906227.098197] [eos0117:3273435:0]           mpool.c:138  UCX  DEBUG mpool mm_recv_desc: align 64, maxelems 4294967295, elemsize 8368
[1756906227.099224] [eos0117:3273435:0]        mm_posix.c:338  UCX  DEBUG   shared memory mmap(addr=(nil), length=6291456, flags= HUGETLB, fd=98) failed: Invalid argument
[1756906227.099228] [eos0117:3273435:0]        mm_posix.c:572  UCX  DEBUG   allocated posix shared memory at 0x7ffd96bce000 length 4296704
[1756906227.099232] [eos0117:3273435:0]           mpool.c:282  UCX  DEBUG mpool mm_recv_desc: allocated chunk 0x7ffd96bce018 of 4296680 bytes with 512 elements
[1756906227.099593] [eos0117:3273435:0]        mm_iface.c:730  UCX  DEBUG created mm iface 0x5555567b35d0 FIFO id 0xc00000180031f2db va 0x7fffca370000 size 36864 (128 x 256 elems)
[1756906227.099598] [eos0117:3273435:0]      ucp_worker.c:1436 UCX  DEBUG created interface[15]=0x5555567b35d0 using posix/memory on worker 0x55555696d900
[1756906227.099615] [eos0117:3273435:0]           mpool.c:138  UCX  DEBUG mpool CUDA EVENT objects: align 64, maxelems 4294967295, elemsize 32
[1756906227.099619] [eos0117:3273435:0]      ucp_worker.c:1436 UCX  DEBUG creat