--- Starting Legate Application ---
───────────────────────────── Legate Configuration ─────────────────────────────

╭──────────────────────────────────────────────────────────────────────────────╮
│ Legate paths                                                                 │
╰──────────────────────────────────────────────────────────────────────────────╯
 bind_sh_path   /root/miniconda3/envs/legate/share/legate/libexec/legate-bind.… 
 legate_lib_p…  /root/miniconda3/envs/legate/lib                                

╭──────────────────────────────────────────────────────────────────────────────╮
│ Versions                                                                     │
╰──────────────────────────────────────────────────────────────────────────────╯
 legate_version  25.05.00.dev168+g86a00a17 

╭──────────────────────────────────────────────────────────────────────────────╮
│ Command                                                                      │
╰──────────────────────────────────────────────────────────────────────────────╯
 /root/miniconda3/envs/legate/share/legate/libexec/legate-bind.sh --launcher local -- python /project/coreai_devtech_all/shixunw/cupynumeric.internal/test_fancy_indexing.py

╭──────────────────────────────────────────────────────────────────────────────╮
│ Customized Environment                                                       │
╰──────────────────────────────────────────────────────────────────────────────╯
 LEGATE_CONFIG='--gpus 8 --fbmem 50000 --logdir /project/coreai_devtech_all/shixunw/result --log-to-file'
 PYTHONDONTWRITEBYTECODE=1


────────────────────────────────────────────────────────────────────────────────
[1756857249.655483] [eos0005:200823:0]           debug.c:1158 UCX  DEBUG using signal stack 0x7ffff7b4d000 size 141824
[1756857249.681371] [eos0005:200823:0]             cpu.c:339  UCX  DEBUG measured tsc frequency 1987.563 MHz after 0.09 ms
[1756857249.681393] [eos0005:200823:0]            init.c:121  UCX  DEBUG /opt/nvidia/hpc_sdk/Linux_x86_64/25.3/comm_libs/12.8/hpcx/hpcx-2.22.1/ucx/lib/libucs.so.0 loaded at 0x7ffff7e30000
[1756857249.681406] [eos0005:200823:0]            init.c:122  UCX  DEBUG cmd line: bash /root/miniconda3/envs/legate/share/legate/libexec/legate-bind.sh --launcher local -- python /project/coreai_devtech_all/shixunw/cupynumeric.internal/test_fancy_indexing.py 
[1756857249.681413] [eos0005:200823:0]          module.c:72   UCX  DEBUG ucs library path: /opt/nvidia/hpc_sdk/Linux_x86_64/25.3/comm_libs/12.8/hpcx/hpcx-2.22.1/ucx/lib/libucs.so.0
[1756857249.681415] [eos0005:200823:0]          module.c:280  UCX  DEBUG loading modules for ucs
[1756857249.681416] [eos0005:200823:0]          module.c:242  UCX  DEBUG loading module 'fuse' with mode 0x101
[1756857249.681489] [eos0005:200823:0]          module.c:183  UCX  DEBUG loaded /opt/nvidia/hpc_sdk/Linux_x86_64/25.3/comm_libs/12.8/hpcx/hpcx-2.22.1/ucx/lib/ucx/libucs_fuse.so.0.0.0 [0x5555556b9580]
[eos0005.eos.clusters.nvidia.com:200823] mca: base: components_register: registering framework btl components
[eos0005.eos.clusters.nvidia.com:200823] mca: base: components_register: found loaded component vader
[eos0005.eos.clusters.nvidia.com:200823] mca: base: components_register: component vader register function successful
[eos0005.eos.clusters.nvidia.com:200823] mca: base: components_register: found loaded component tcp
[eos0005.eos.clusters.nvidia.com:200823] mca: base: components_register: component tcp register function successful
[eos0005.eos.clusters.nvidia.com:200823] mca: base: components_register: found loaded component smcuda
[eos0005.eos.clusters.nvidia.com:200823] mca: base: components_register: component smcuda register function successful
[eos0005.eos.clusters.nvidia.com:200823] mca: base: components_register: found loaded component sm
[eos0005.eos.clusters.nvidia.com:200823] mca: base: components_register: found loaded component self
[eos0005.eos.clusters.nvidia.com:200823] mca: base: components_register: component self register function successful
[eos0005.eos.clusters.nvidia.com:200823] mca: base: components_open: opening btl components
[eos0005.eos.clusters.nvidia.com:200823] mca: base: components_open: found loaded component vader
[eos0005.eos.clusters.nvidia.com:200823] mca: base: components_open: component vader open function successful
[eos0005.eos.clusters.nvidia.com:200823] mca: base: components_open: found loaded component tcp
[eos0005.eos.clusters.nvidia.com:200823] mca: base: components_open: component tcp open function successful
[eos0005.eos.clusters.nvidia.com:200823] mca: base: components_open: found loaded component smcuda
[eos0005.eos.clusters.nvidia.com:200823] btl: smcuda: cuda_max_send_size=131072, max_send_size=32768, max_frag_size=131072
[eos0005.eos.clusters.nvidia.com:200823] mca: base: components_open: component smcuda open function successful
[eos0005.eos.clusters.nvidia.com:200823] mca: base: components_open: found loaded component self
[eos0005.eos.clusters.nvidia.com:200823] mca: base: components_open: component self open function successful
[eos0005.eos.clusters.nvidia.com:200823] select: initializing btl component vader
[eos0005.eos.clusters.nvidia.com:200823] select: init of component vader returned success
[eos0005.eos.clusters.nvidia.com:200823] select: initializing btl component tcp
[eos0005.eos.clusters.nvidia.com:200823] btl: tcp: Using interface: eth3 
[eos0005.eos.clusters.nvidia.com:200823] btl:tcp: Attempting to bind to AF_INET port 1024
[eos0005.eos.clusters.nvidia.com:200823] btl:tcp: Attempting to bind to AF_INET port 1025
[eos0005.eos.clusters.nvidia.com:200823] btl:tcp: Attempting to bind to AF_INET port 1026
[eos0005.eos.clusters.nvidia.com:200823] btl:tcp: Attempting to bind to AF_INET port 1027
[eos0005.eos.clusters.nvidia.com:200823] btl:tcp: Attempting to bind to AF_INET port 1028
[eos0005.eos.clusters.nvidia.com:200823] btl:tcp: Successfully bound to AF_INET port 1028
[eos0005.eos.clusters.nvidia.com:200823] btl:tcp: my listening v4 socket is 0.0.0.0:1028
[eos0005.eos.clusters.nvidia.com:200823] btl:tcp: examining interface eth3
[eos0005.eos.clusters.nvidia.com:200823] btl:tcp: using ipv6 interface eth3
[eos0005.eos.clusters.nvidia.com:200823] select: init of component tcp returned success
[eos0005.eos.clusters.nvidia.com:200823] select: initializing btl component smcuda
[eos0005.eos.clusters.nvidia.com:200823] select: init of component smcuda returned success
[eos0005.eos.clusters.nvidia.com:200823] select: initializing btl component self
[eos0005.eos.clusters.nvidia.com:200823] select: init of component self returned success
[1756857249.727132] [eos0005:200823:0]           debug.c:1158 UCX  DEBUG using signal stack 0x7ffff7b92000 size 141824
[1756857249.731073] [eos0005:200823:0]             cpu.c:339  UCX  DEBUG measured tsc frequency 1998.459 MHz after 0.47 ms
[1756857249.731091] [eos0005:200823:0]            init.c:121  UCX  DEBUG /opt/nvidia/hpc_sdk/Linux_x86_64/25.3/comm_libs/12.8/hpcx/hpcx-2.22.1/ucx/lib/libucs.so.0 loaded at 0x7ffff7e30000
[1756857249.731101] [eos0005:200823:0]            init.c:122  UCX  DEBUG cmd line: python /project/coreai_devtech_all/shixunw/cupynumeric.internal/test_fancy_indexing.py 
[1756857249.731108] [eos0005:200823:0]          module.c:72   UCX  DEBUG ucs library path: /opt/nvidia/hpc_sdk/Linux_x86_64/25.3/comm_libs/12.8/hpcx/hpcx-2.22.1/ucx/lib/libucs.so.0
[1756857249.731110] [eos0005:200823:0]          module.c:280  UCX  DEBUG loading modules for ucs
[1756857249.731111] [eos0005:200823:0]          module.c:242  UCX  DEBUG loading module 'fuse' with mode 0x101
[1756857249.731195] [eos0005:200823:0]          module.c:183  UCX  DEBUG loaded /opt/nvidia/hpc_sdk/Linux_x86_64/25.3/comm_libs/12.8/hpcx/hpcx-2.22.1/ucx/lib/ucx/libucs_fuse.so.0.0.0 [0x555555b33500]
[1756857249.988101] [eos0005:200823:0]            time.c:22   UCX  DEBUG arch clock frequency: 1998458947.37 Hz
[1756857249.988144] [eos0005:200823:0]     ucp_context.c:2257 UCX  INFO  Version 1.18.0 (loaded from /opt/nvidia/hpc_sdk/Linux_x86_64/25.3/comm_libs/12.8/hpcx/hpcx-2.22.1/ucx/lib/libucp.so.0)
[1756857249.988148] [eos0005:200823:0]     ucp_context.c:2016 UCX  DEBUG estimated number of endpoints is 16
[1756857249.988149] [eos0005:200823:0]     ucp_context.c:2023 UCX  DEBUG estimated number of endpoints per node is 8
[1756857249.988150] [eos0005:200823:0]     ucp_context.c:2033 UCX  DEBUG estimated bcopy bandwidth is 7340032000.000000
[1756857249.988155] [eos0005:200823:0]     ucp_context.c:2092 UCX  DEBUG allocation method[0] is md 'sysv'
[1756857249.988156] [eos0005:200823:0]     ucp_context.c:2092 UCX  DEBUG allocation method[1] is md 'posix'
[1756857249.988160] [eos0005:200823:0]     ucp_context.c:2104 UCX  DEBUG allocation method[2] is 'thp'
[1756857249.988161] [eos0005:200823:0]     ucp_context.c:2092 UCX  DEBUG allocation method[3] is md '*'
[1756857249.988161] [eos0005:200823:0]     ucp_context.c:2104 UCX  DEBUG allocation method[4] is 'mmap'
[1756857249.988162] [eos0005:200823:0]     ucp_context.c:2104 UCX  DEBUG allocation method[5] is 'heap'
[1756857249.988169] [eos0005:200823:0]          module.c:280  UCX  DEBUG loading modules for uct
[1756857249.988171] [eos0005:200823:0]          module.c:242  UCX  DEBUG loading module 'cuda' with mode 0x1
[1756857254.699745] [eos0005:200823:0]          module.c:183  UCX  DEBUG loaded /opt/nvidia/hpc_sdk/Linux_x86_64/25.3/comm_libs/12.8/hpcx/hpcx-2.22.1/ucx/lib/ucx/libuct_cuda.so.0.0.0 [0x5555563db1c0]
[1756857254.699769] [eos0005:200823:0]          module.c:192  UCX  DEBUG calling 'ucs_module_global_init' in '/opt/nvidia/hpc_sdk/Linux_x86_64/25.3/comm_libs/12.8/hpcx/hpcx-2.22.1/ucx/lib/ucx/libuct_cuda.so.0.0.0': [0x7fffcaa6b470]
[1756857254.699775] [eos0005:200823:0]          module.c:280  UCX  DEBUG loading modules for uct_cuda
[1756857254.699778] [eos0005:200823:0]          module.c:242  UCX  DEBUG loading module 'gdrcopy' with mode 0x1
[1756857254.699964] [eos0005:200823:0]          module.c:183  UCX  DEBUG loaded /opt/nvidia/hpc_sdk/Linux_x86_64/25.3/comm_libs/12.8/hpcx/hpcx-2.22.1/ucx/lib/ucx/libuct_cuda_gdrcopy.so.0.0.0 [0x55555638b4d0]
[1756857254.699968] [eos0005:200823:0]          module.c:165  UCX  DEBUG ignoring 'ucs_module_global_init' (0x7fffcaa6b470) from libuct_cuda.so.0 (0x7fffcaa63000), expected in libuct_cuda_gdrcopy.so.0 (7fffcaa0a000)
[1756857254.699969] [eos0005:200823:0]          module.c:242  UCX  DEBUG loading module 'ib' with mode 0x1
[1756857254.700190] [eos0005:200823:0]          module.c:280  UCX  DEBUG loading modules for uct_ib
[1756857254.700192] [eos0005:200823:0]          module.c:242  UCX  DEBUG loading module 'mlx5' with mode 0x1
[1756857254.700465] [eos0005:200823:0]          module.c:183  UCX  DEBUG loaded /opt/nvidia/hpc_sdk/Linux_x86_64/25.3/comm_libs/12.8/hpcx/hpcx-2.22.1/ucx/lib/ucx/libuct_ib_mlx5.so.0.0.0 [0x55555638d1e0]
[1756857254.700474] [eos0005:200823:0]          module.c:183  UCX  DEBUG loaded /opt/nvidia/hpc_sdk/Linux_x86_64/25.3/comm_libs/12.8/hpcx/hpcx-2.22.1/ucx/lib/ucx/libuct_ib.so.0.0.0 [0x55555638c1d0]
[1756857254.700475] [eos0005:200823:0]          module.c:242  UCX  DEBUG loading module 'rdmacm' with mode 0x1
[1756857254.700653] [eos0005:200823:0]          module.c:183  UCX  DEBUG loaded /opt/nvidia/hpc_sdk/Linux_x86_64/25.3/comm_libs/12.8/hpcx/hpcx-2.22.1/ucx/lib/ucx/libuct_rdmacm.so.0.0.0 [0x55555638e3e0]
[1756857254.700654] [eos0005:200823:0]          module.c:242  UCX  DEBUG loading module 'cma' with mode 0x1
[1756857254.700709] [eos0005:200823:0]          module.c:183  UCX  DEBUG loaded /opt/nvidia/hpc_sdk/Linux_x86_64/25.3/comm_libs/12.8/hpcx/hpcx-2.22.1/ucx/lib/ucx/libuct_cma.so.0.0.0 [0x55555638f400]
[1756857254.700768] [eos0005:200823:0]            topo.c:298  UCX  DEBUG added sys_dev 0 for bus id 1b:00.0
[1756857254.700784] [eos0005:200823:0]            topo.c:298  UCX  DEBUG added sys_dev 1 for bus id 43:00.0
[1756857254.700799] [eos0005:200823:0]            topo.c:298  UCX  DEBUG added sys_dev 2 for bus id 52:00.0
[1756857254.700815] [eos0005:200823:0]            topo.c:298  UCX  DEBUG added sys_dev 3 for bus id 61:00.0
[1756857254.700830] [eos0005:200823:0]            topo.c:298  UCX  DEBUG added sys_dev 4 for bus id 9d:00.0
[1756857254.700844] [eos0005:200823:0]            topo.c:298  UCX  DEBUG added sys_dev 5 for bus id c3:00.0
[1756857254.700858] [eos0005:200823:0]            topo.c:298  UCX  DEBUG added sys_dev 6 for bus id d1:00.0
[1756857254.700872] [eos0005:200823:0]            topo.c:298  UCX  DEBUG added sys_dev 7 for bus id df:00.0
[1756857254.702676] [eos0005:200823:0]            topo.c:895  UCX  DEBUG /sys/class/net/bmc-redfish0/lower_enx1a5307973073: sysfs path undetected
[1756857254.702679] [eos0005:200823:0]            topo.c:556  UCX  DEBUG bmc-redfish0: system device unknown
[1756857254.711955] [eos0005:200823:0]            topo.c:899  UCX  DEBUG /sys/class/net/eth3: PF sysfs path is '/sys/devices/pci0000:80/0000:80:05.0/0000:82:00.1'
[1756857254.711972] [eos0005:200823:0]            topo.c:298  UCX  DEBUG added sys_dev 8 for bus id 82:00.1
[1756857254.711974] [eos0005:200823:0]            topo.c:552  UCX  DEBUG eth3: bdf_name 0000:82:00.1 sys_dev 8
[1756857254.712445] [eos0005:200823:0]            topo.c:899  UCX  DEBUG /sys/class/net/ibp154s0: PF sysfs path is '/sys/devices/pci0000:97/0000:97:01.0/0000:98:00.0/0000:99:00.0/0000:9a:00.0'
[1756857254.712459] [eos0005:200823:0]            topo.c:298  UCX  DEBUG added sys_dev 9 for bus id 9a:00.0
[1756857254.712460] [eos0005:200823:0]            topo.c:552  UCX  DEBUG ibp154s0: bdf_name 0000:9a:00.0 sys_dev 9
[1756857254.712930] [eos0005:200823:0]            topo.c:899  UCX  DEBUG /sys/class/net/ibp170s0f0: PF sysfs path is '/sys/devices/pci0000:a5/0000:a5:01.0/0000:a6:00.0/0000:a7:00.0/0000:a8:00.0/0000:a9:00.0/0000:aa:00.0'
[1756857254.712945] [eos0005:200823:0]            topo.c:298  UCX  DEBUG added sys_dev 10 for bus id aa:00.0
[1756857254.712946] [eos0005:200823:0]            topo.c:552  UCX  DEBUG ibp170s0f0: bdf_name 0000:aa:00.0 sys_dev 10
[1756857254.713409] [eos0005:200823:0]            topo.c:899  UCX  DEBUG /sys/class/net/ibp192s0: PF sysfs path is '/sys/devices/pci0000:bd/0000:bd:01.0/0000:be:00.0/0000:bf:00.0/0000:c0:00.0'
[1756857254.713422] [eos0005:200823:0]            topo.c:298  UCX  DEBUG added sys_dev 11 for bus id c0:00.0
[1756857254.713423] [eos0005:200823:0]            topo.c:552  UCX  DEBUG ibp192s0: bdf_name 0000:c0:00.0 sys_dev 11
[1756857254.713888] [eos0005:200823:0]            topo.c:899  UCX  DEBUG /sys/class/net/ibp206s0: PF sysfs path is '/sys/devices/pci0000:cb/0000:cb:01.0/0000:cc:00.0/0000:cd:00.0/0000:ce:00.0'
[1756857254.713902] [eos0005:200823:0]            topo.c:298  UCX  DEBUG added sys_dev 12 for bus id ce:00.0
[1756857254.713903] [eos0005:200823:0]            topo.c:552  UCX  DEBUG ibp206s0: bdf_name 0000:ce:00.0 sys_dev 12
[1756857254.714384] [eos0005:200823:0]            topo.c:899  UCX  DEBUG /sys/class/net/ibp220s0: PF sysfs path is '/sys/devices/pci0000:d9/0000:d9:01.0/0000:da:00.0/0000:db:00.0/0000:dc:00.0'
[1756857254.714397] [eos0005:200823:0]            topo.c:298  UCX  DEBUG added sys_dev 13 for bus id dc:00.0
[1756857254.714398] [eos0005:200823:0]            topo.c:552  UCX  DEBUG ibp220s0: bdf_name 0000:dc:00.0 sys_dev 13
[1756857254.714862] [eos0005:200823:0]            topo.c:899  UCX  DEBUG /sys/class/net/ibp24s0: PF sysfs path is '/sys/devices/pci0000:15/0000:15:01.0/0000:16:00.0/0000:17:00.0/0000:18:00.0'
[1756857254.714875] [eos0005:200823:0]            topo.c:298  UCX  DEBUG added sys_dev 14 for bus id 18:00.0
[1756857254.714876] [eos0005:200823:0]            topo.c:552  UCX  DEBUG ibp24s0: bdf_name 0000:18:00.0 sys_dev 14
[1756857254.715343] [eos0005:200823:0]            topo.c:899  UCX  DEBUG /sys/class/net/ibp41s0f0: PF sysfs path is '/sys/devices/pci0000:24/0000:24:01.0/0000:25:00.0/0000:26:00.0/0000:27:00.0/0000:28:00.0/0000:29:00.0'
[1756857254.715358] [eos0005:200823:0]            topo.c:298  UCX  DEBUG added sys_dev 15 for bus id 29:00.0
[1756857254.715359] [eos0005:200823:0]            topo.c:552  UCX  DEBUG ibp41s0f0: bdf_name 0000:29:00.0 sys_dev 15
[1756857254.715822] [eos0005:200823:0]            topo.c:899  UCX  DEBUG /sys/class/net/ibp64s0: PF sysfs path is '/sys/devices/pci0000:3d/0000:3d:01.0/0000:3e:00.0/0000:3f:00.0/0000:40:00.0'
[1756857254.715835] [eos0005:200823:0]            topo.c:298  UCX  DEBUG added sys_dev 16 for bus id 40:00.0
[1756857254.715836] [eos0005:200823:0]            topo.c:552  UCX  DEBUG ibp64s0: bdf_name 0000:40:00.0 sys_dev 16
[1756857254.716294] [eos0005:200823:0]            topo.c:899  UCX  DEBUG /sys/class/net/ibp79s0: PF sysfs path is '/sys/devices/pci0000:4c/0000:4c:01.0/0000:4d:00.0/0000:4e:00.0/0000:4f:00.0'
[1756857254.716306] [eos0005:200823:0]            topo.c:298  UCX  DEBUG added sys_dev 17 for bus id 4f:00.0
[1756857254.716308] [eos0005:200823:0]            topo.c:552  UCX  DEBUG ibp79s0: bdf_name 0000:4f:00.0 sys_dev 17
[1756857254.716766] [eos0005:200823:0]            topo.c:899  UCX  DEBUG /sys/class/net/ibp94s0: PF sysfs path is '/sys/devices/pci0000:5b/0000:5b:01.0/0000:5c:00.0/0000:5d:00.0/0000:5e:00.0'
[1756857254.716780] [eos0005:200823:0]            topo.c:298  UCX  DEBUG added sys_dev 18 for bus id 5e:00.0
[1756857254.716780] [eos0005:200823:0]            topo.c:552  UCX  DEBUG ibp94s0: bdf_name 0000:5e:00.0 sys_dev 18
[1756857254.717246] [eos0005:200823:0]            topo.c:895  UCX  DEBUG /sys/class/net/lo: sysfs path undetected
[1756857254.717248] [eos0005:200823:0]            topo.c:556  UCX  DEBUG lo: system device unknown
[1756857254.717326] [eos0005:200823:0]    cuda_copy_md.c:104  UCX  DEBUG dmabuf is supported on cuda device 0
[1756857254.717341] [eos0005:200823:0]      cuda_iface.c:52   UCX  DEBUG set cuda sys_device to `unknown` as no context is currently active
[1756857255.115286] [eos0005:200823:0]     cuda_ipc_md.c:449  UCX  DEBUG fabric_info: state=3 status=0 uuid=00000000:00000000:00000000:00000000
[1756857255.135728] [eos0005:200823:0]      cuda_iface.c:52   UCX  DEBUG set cuda sys_device to `unknown` as no context is currently active
[1756857255.135772] [eos0005:200823:0]           mpool.c:138  UCX  DEBUG mpool rcache_mp: align 8, maxelems 4294967295, elemsize 144
[1756857255.140326] [eos0005:200823:0]           async.c:248  UCX  DEBUG added async handler 0x5555566b1ce0 [id=48 ref 1] ucs_rcache_invalidate_handler() to hash
[1756857255.140410] [eos0005:200823:0]           async.c:522  UCX  DEBUG listening to async event fd 48 events 0x1 mode thread_spinlock
[1756857255.140442] [eos0005:200823:0]          module.c:280  UCX  DEBUG loading modules for ucm
[1756857255.140443] [eos0005:200823:0]          module.c:242  UCX  DEBUG loading module 'cuda' with mode 0x1001
[1756857255.140580] [eos0005:200823:0]          module.c:183  UCX  DEBUG loaded /opt/nvidia/hpc_sdk/Linux_x86_64/25.3/comm_libs/12.8/hpcx/hpcx-2.22.1/ucx/lib/ucx/libucm_cuda.so.0.0.0 [0x555556878bc0]
[1756857255.205730] [eos0005:200823:0]      cuda_iface.c:52   UCX  DEBUG set cuda sys_device to `unknown` as no context is currently active
[1756857255.210575] [eos0005:200823:0]            topo.c:899  UCX  DEBUG /sys/class/infiniband/mlx5_0: PF sysfs path is '/sys/devices/pci0000:15/0000:15:01.0/0000:16:00.0/0000:17:00.0/0000:18:00.0'
[1756857255.210580] [eos0005:200823:0]            topo.c:552  UCX  DEBUG mlx5_0: bdf_name 0000:18:00.0 sys_dev 14
[1756857255.210595] [eos0005:200823:0]       ib_device.c:498  UCX  DEBUG mlx5_0: vendor_id 0x15b3 device_id 4129
[1756857255.211085] [eos0005:200823:0]    ib_mlx5dv_md.c:1875 UCX  DEBUG mlx5_0: cross gvmi alias mkey is supported
[1756857255.211086] [eos0005:200823:0]    ib_mlx5dv_md.c:1925 UCX  DEBUG mlx5_0: mkey_by_name_reserve is not supported
[1756857255.211087] [eos0005:200823:0]    ib_mlx5dv_md.c:1910 UCX  DEBUG mlx5_0: dp_ordering support: force=1 ooo_rw_rc=1 ooo_rw_dc=1
[1756857255.211200] [eos0005:200823:0]    ib_mlx5dv_md.c:1705 UCX  DEBUG mlx5_0: ODP is disabled because version 1 is not supported for DevX QP
[1756857255.214423] [eos0005:200823:0]           async.c:248  UCX  DEBUG added async handler 0x5555566cdc30 [id=54 ref 1] uct_ib_async_event_handler() to hash
[1756857255.214432] [eos0005:200823:0]           async.c:522  UCX  DEBUG listening to async event fd 54 events 0x1 mode thread_spinlock
[1756857255.214437] [eos0005:200823:0]       ib_device.c:597  UCX  DEBUG initialized device 'mlx5_0' (InfiniBand channel adapter) with 1 ports
[1756857255.214445] [eos0005:200823:0]           ib_md.c:1177 UCX  DEBUG mlx5_0: cuda GPUDirect RDMA is detected by checking /sys/kernel/mm/memory_peers/nv_mem/version
[1756857255.214449] [eos0005:200823:0]           ib_md.c:1177 UCX  DEBUG mlx5_0: rocm GPUDirect RDMA is not detected by checking /dev/kfd
[1756857255.214458] [eos0005:200823:0]           ib_md.c:1202 UCX  DEBUG mlx5_0: dmabuf is supported
[1756857255.214462] [eos0005:200823:0]           mpool.c:138  UCX  DEBUG mpool devx dbrec: align 64, maxelems 4294967295, elemsize 40
[1756857255.214645] [eos0005:200823:0]    ib_mlx5dv_md.c:2423 UCX  DEBUG mlx5_0: opened DEVX md log_max_qp=17
[1756857255.215080] [eos0005:200823:0]    ib_mlx5dv_md.c:126  UCX  DEBUG mlx5_0: KSM dm memory registration status "Success" range 0x7fffcaa05000..0x7fffcaa05020 iova 0x0 mkey_index 0x0
[1756857255.215378] [eos0005:200823:0]    ib_mlx5dv_md.c:96   UCX  DEBUG mlx5_0: mlx5dv_devx_obj_create(CREATE_MKEY, mode=KSM, start_addr=0x7fffcaa05000 length=32) failed, syndrome 0x45d3a4: Remote I/O error
[1756857255.215380] [eos0005:200823:0]    ib_mlx5dv_md.c:126  UCX  DEBUG mlx5_0: KSM atomic-key memory registration status "Unsupported operation" range (nil)..0x20 iova 0x7fffcaa05000 atomic mkey_index 0x0
[1756857255.215741] [eos0005:200823:0]           ib_md.c:1161 UCX  DEBUG mlx5_0: relaxed order memory access is disabled
[1756857255.215966] [eos0005:200823:0]    ib_mlx5dv_md.c:126  UCX  DEBUG mlx5_0: KSM flush-mr memory registration status "Success" range 0x555556719000..0x555556719008 iova 0x0 mkey_index 0x0
[1756857255.215968] [eos0005:200823:0]           ib_md.c:1031 UCX  DEBUG mlx5_0: md open by 'uct_ib_mlx5_devx_md_ops' is successful
[1756857255.221505] [eos0005:200823:0]            topo.c:899  UCX  DEBUG /sys/class/infiniband/mlx5_3: PF sysfs path is '/sys/devices/pci0000:3d/0000:3d:01.0/0000:3e:00.0/0000:3f:00.0/0000:40:00.0'
[1756857255.221509] [eos0005:200823:0]            topo.c:552  UCX  DEBUG mlx5_3: bdf_name 0000:40:00.0 sys_dev 16
[1756857255.221517] [eos0005:200823:0]       ib_device.c:498  UCX  DEBUG mlx5_3: vendor_id 0x15b3 device_id 4129
[1756857255.222004] [eos0005:200823:0]    ib_mlx5dv_md.c:1875 UCX  DEBUG mlx5_3: cross gvmi alias mkey is supported
[1756857255.222005] [eos0005:200823:0]    ib_mlx5dv_md.c:1925 UCX  DEBUG mlx5_3: mkey_by_name_reserve is not supported
[1756857255.222006] [eos0005:200823:0]    ib_mlx5dv_md.c:1910 UCX  DEBUG mlx5_3: dp_ordering support: force=1 ooo_rw_rc=1 ooo_rw_dc=1
[1756857255.222129] [eos0005:200823:0]    ib_mlx5dv_md.c:1705 UCX  DEBUG mlx5_3: ODP is disabled because version 1 is not supported for DevX QP
[1756857255.222255] [eos0005:200823:0]           async.c:248  UCX  DEBUG added async handler 0x5555565fac20 [id=56 ref 1] uct_ib_async_event_handler() to hash
[1756857255.222260] [eos0005:200823:0]           async.c:522  UCX  DEBUG listening to async event fd 56 events 0x1 mode thread_spinlock
[1756857255.222261] [eos0005:200823:0]       ib_device.c:597  UCX  DEBUG initialized device 'mlx5_3' (InfiniBand channel adapter) with 1 ports
[1756857255.222266] [eos0005:200823:0]           ib_md.c:1177 UCX  DEBUG mlx5_3: cuda GPUDirect RDMA is detected by checking /sys/kernel/mm/memory_peers/nv_mem/version
[1756857255.222268] [eos0005:200823:0]           ib_md.c:1177 UCX  DEBUG mlx5_3: rocm GPUDirect RDMA is not detected by checking /dev/kfd
[1756857255.222272] [eos0005:200823:0]           ib_md.c:1202 UCX  DEBUG mlx5_3: dmabuf is supported
[1756857255.222273] [eos0005:200823:0]           mpool.c:138  UCX  DEBUG mpool devx dbrec: align 64, maxelems 4294967295, elemsize 40
[1756857255.222447] [eos0005:200823:0]    ib_mlx5dv_md.c:2423 UCX  DEBUG mlx5_3: opened DEVX md log_max_qp=17
[1756857255.222842] [eos0005:200823:0]    ib_mlx5dv_md.c:126  UCX  DEBUG mlx5_3: KSM dm memory registration status "Success" range 0x7fffca630000..0x7fffca630020 iova 0x0 mkey_index 0x0
[1756857255.223141] [eos0005:200823:0]    ib_mlx5dv_md.c:96   UCX  DEBUG mlx5_3: mlx5dv_devx_obj_create(CREATE_MKEY, mode=KSM, start_addr=0x7fffca630000 length=32) failed, syndrome 0x45d3a4: Remote I/O error
[1756857255.223143] [eos0005:200823:0]    ib_mlx5dv_md.c:126  UCX  DEBUG mlx5_3: KSM atomic-key memory registration status "Unsupported operation" range (nil)..0x20 iova 0x7fffca630000 atomic mkey_index 0x0
[1756857255.223499] [eos0005:200823:0]           ib_md.c:1161 UCX  DEBUG mlx5_3: relaxed order memory access is disabled
[1756857255.223716] [eos0005:200823:0]    ib_mlx5dv_md.c:126  UCX  DEBUG mlx5_3: KSM flush-mr memory registration status "Success" range 0x5555567b7000..0x5555567b7008 iova 0x0 mkey_index 0x0
[1756857255.223717] [eos0005:200823:0]           ib_md.c:1031 UCX  DEBUG mlx5_3: md open by 'uct_ib_mlx5_devx_md_ops' is successful
[1756857255.229033] [eos0005:200823:0]            topo.c:899  UCX  DEBUG /sys/class/infiniband/mlx5_4: PF sysfs path is '/sys/devices/pci0000:4c/0000:4c:01.0/0000:4d:00.0/0000:4e:00.0/0000:4f:00.0'
[1756857255.229036] [eos0005:200823:0]            topo.c:552  UCX  DEBUG mlx5_4: bdf_name 0000:4f:00.0 sys_dev 17
[1756857255.229044] [eos0005:200823:0]       ib_device.c:498  UCX  DEBUG mlx5_4: vendor_id 0x15b3 device_id 4129
[1756857255.229553] [eos0005:200823:0]    ib_mlx5dv_md.c:1875 UCX  DEBUG mlx5_4: cross gvmi alias mkey is supported
[1756857255.229554] [eos0005:200823:0]    ib_mlx5dv_md.c:1925 UCX  DEBUG mlx5_4: mkey_by_name_reserve is not supported
[1756857255.229555] [eos0005:200823:0]    ib_mlx5dv_md.c:1910 UCX  DEBUG mlx5_4: dp_ordering support: force=1 ooo_rw_rc=1 ooo_rw_dc=1
[1756857255.229682] [eos0005:200823:0]    ib_mlx5dv_md.c:1705 UCX  DEBUG mlx5_4: ODP is disabled because version 1 is not supported for DevX QP
[1756857255.229813] [eos0005:200823:0]           async.c:248  UCX  DEBUG added async handler 0x5555565fad00 [id=58 ref 1] uct_ib_async_event_handler() to hash
[1756857255.229817] [eos0005:200823:0]           async.c:522  UCX  DEBUG listening to async event fd 58 events 0x1 mode thread_spinlock
[1756857255.229818] [eos0005:200823:0]       ib_device.c:597  UCX  DEBUG initialized device 'mlx5_4' (InfiniBand channel adapter) with 1 ports
[1756857255.229821] [eos0005:200823:0]           ib_md.c:1177 UCX  DEBUG mlx5_4: cuda GPUDirect RDMA is detected by checking /sys/kernel/mm/memory_peers/nv_mem/version
[1756857255.229823] [eos0005:200823:0]           ib_md.c:1177 UCX  DEBUG mlx5_4: rocm GPUDirect RDMA is not detected by checking /dev/kfd
[1756857255.229826] [eos0005:200823:0]           ib_md.c:1202 UCX  DEBUG mlx5_4: dmabuf is supported
[1756857255.229828] [eos0005:200823:0]           mpool.c:138  UCX  DEBUG mpool devx dbrec: align 64, maxelems 4294967295, elemsize 40
[1756857255.230004] [eos0005:200823:0]    ib_mlx5dv_md.c:2423 UCX  DEBUG mlx5_4: opened DEVX md log_max_qp=17
[1756857255.230411] [eos0005:200823:0]    ib_mlx5dv_md.c:126  UCX  DEBUG mlx5_4: KSM dm memory registration status "Success" range 0x7fffca62b000..0x7fffca62b020 iova 0x0 mkey_index 0x0
[1756857255.230701] [eos0005:200823:0]    ib_mlx5dv_md.c:96   UCX  DEBUG mlx5_4: mlx5dv_devx_obj_create(CREATE_MKEY, mode=KSM, start_addr=0x7fffca62b000 length=32) failed, syndrome 0x45d3a4: Remote I/O error
[1756857255.230702] [eos0005:200823:0]    ib_mlx5dv_md.c:126  UCX  DEBUG mlx5_4: KSM atomic-key memory registration status "Unsupported operation" range (nil)..0x20 iova 0x7fffca62b000 atomic mkey_index 0x0
[1756857255.231066] [eos0005:200823:0]           ib_md.c:1161 UCX  DEBUG mlx5_4: relaxed order memory access is disabled
[1756857255.231292] [eos0005:200823:0]    ib_mlx5dv_md.c:126  UCX  DEBUG mlx5_4: KSM flush-mr memory registration status "Success" range 0x5555567b9000..0x5555567b9008 iova 0x0 mkey_index 0x0
[1756857255.231293] [eos0005:200823:0]           ib_md.c:1031 UCX  DEBUG mlx5_4: md open by 'uct_ib_mlx5_devx_md_ops' is successful
[1756857255.236681] [eos0005:200823:0]            topo.c:899  UCX  DEBUG /sys/class/infiniband/mlx5_5: PF sysfs path is '/sys/devices/pci0000:5b/0000:5b:01.0/0000:5c:00.0/0000:5d:00.0/0000:5e:00.0'
[1756857255.236684] [eos0005:200823:0]            topo.c:552  UCX  DEBUG mlx5_5: bdf_name 0000:5e:00.0 sys_dev 18
[1756857255.236692] [eos0005:200823:0]       ib_device.c:498  UCX  DEBUG mlx5_5: vendor_id 0x15b3 device_id 4129
[1756857255.237177] [eos0005:200823:0]    ib_mlx5dv_md.c:1875 UCX  DEBUG mlx5_5: cross gvmi alias mkey is supported
[1756857255.237178] [eos0005:200823:0]    ib_mlx5dv_md.c:1925 UCX  DEBUG mlx5_5: mkey_by_name_reserve is not supported
[1756857255.237179] [eos0005:200823:0]    ib_mlx5dv_md.c:1910 UCX  DEBUG mlx5_5: dp_ordering support: force=1 ooo_rw_rc=1 ooo_rw_dc=1
[1756857255.237298] [eos0005:200823:0]    ib_mlx5dv_md.c:1705 UCX  DEBUG mlx5_5: ODP is disabled because version 1 is not supported for DevX QP
[1756857255.237421] [eos0005:200823:0]           async.c:248  UCX  DEBUG added async handler 0x55555687a1f0 [id=60 ref 1] uct_ib_async_event_handler() to hash
[1756857255.237425] [eos0005:200823:0]           async.c:522  UCX  DEBUG listening to async event fd 60 events 0x1 mode thread_spinlock
[1756857255.237426] [eos0005:200823:0]       ib_device.c:597  UCX  DEBUG initialized device 'mlx5_5' (InfiniBand channel adapter) with 1 ports
[1756857255.237429] [eos0005:200823:0]           ib_md.c:1177 UCX  DEBUG mlx5_5: cuda GPUDirect RDMA is detected by checking /sys/kernel/mm/memory_peers/nv_mem/version
[1756857255.237432] [eos0005:200823:0]           ib_md.c:1177 UCX  DEBUG mlx5_5: rocm GPUDirect RDMA is not detected by checking /dev/kfd
[1756857255.237435] [eos0005:200823:0]           ib_md.c:1202 UCX  DEBUG mlx5_5: dmabuf is supported
[1756857255.237436] [eos0005:200823:0]           mpool.c:138  UCX  DEBUG mpool devx dbrec: align 64, maxelems 4294967295, elemsize 40
[1756857255.237611] [eos0005:200823:0]    ib_mlx5dv_md.c:2423 UCX  DEBUG mlx5_5: opened DEVX md log_max_qp=17
[1756857255.238020] [eos0005:200823:0]    ib_mlx5dv_md.c:126  UCX  DEBUG mlx5_5: KSM dm memory registration status "Success" range 0x7fffca626000..0x7fffca626020 iova 0x0 mkey_index 0x0
[1756857255.238304] [eos0005:200823:0]    ib_mlx5dv_md.c:96   UCX  DEBUG mlx5_5: mlx5dv_devx_obj_create(CREATE_MKEY, mode=KSM, start_addr=0x7fffca626000 length=32) failed, syndrome 0x45d3a4: Remote I/O error
[1756857255.238306] [eos0005:200823:0]    ib_mlx5dv_md.c:126  UCX  DEBUG mlx5_5: KSM atomic-key memory registration status "Unsupported operation" range (nil)..0x20 iova 0x7fffca626000 atomic mkey_index 0x0
[1756857255.238659] [eos0005:200823:0]           ib_md.c:1161 UCX  DEBUG mlx5_5: relaxed order memory access is disabled
[1756857255.238882] [eos0005:200823:0]    ib_mlx5dv_md.c:126  UCX  DEBUG mlx5_5: KSM flush-mr memory registration status "Success" range 0x555556710000..0x555556710008 iova 0x0 mkey_index 0x0
[1756857255.238892] [eos0005:200823:0]           ib_md.c:1031 UCX  DEBUG mlx5_5: md open by 'uct_ib_mlx5_devx_md_ops' is successful
[1756857255.244201] [eos0005:200823:0]            topo.c:899  UCX  DEBUG /sys/class/infiniband/mlx5_6: PF sysfs path is '/sys/devices/pci0000:97/0000:97:01.0/0000:98:00.0/0000:99:00.0/0000:9a:00.0'
[1756857255.244203] [eos0005:200823:0]            topo.c:552  UCX  DEBUG mlx5_6: bdf_name 0000:9a:00.0 sys_dev 9
[1756857255.244210] [eos0005:200823:0]       ib_device.c:498  UCX  DEBUG mlx5_6: vendor_id 0x15b3 device_id 4129
[1756857255.244688] [eos0005:200823:0]    ib_mlx5dv_md.c:1875 UCX  DEBUG mlx5_6: cross gvmi alias mkey is supported
[1756857255.244689] [eos0005:200823:0]    ib_mlx5dv_md.c:1925 UCX  DEBUG mlx5_6: mkey_by_name_reserve is not supported
[1756857255.244689] [eos0005:200823:0]    ib_mlx5dv_md.c:1910 UCX  DEBUG mlx5_6: dp_ordering support: force=1 ooo_rw_rc=1 ooo_rw_dc=1
[1756857255.244800] [eos0005:200823:0]    ib_mlx5dv_md.c:1705 UCX  DEBUG mlx5_6: ODP is disabled because version 1 is not supported for DevX QP
[1756857255.244917] [eos0005:200823:0]           async.c:248  UCX  DEBUG added async handler 0x5555569bd6e0 [id=62 ref 1] uct_ib_async_event_handler() to hash
[1756857255.244921] [eos0005:200823:0]           async.c:522  UCX  DEBUG listening to async event fd 62 events 0x1 mode thread_spinlock
[1756857255.244922] [eos0005:200823:0]       ib_device.c:597  UCX  DEBUG initialized device 'mlx5_6' (InfiniBand channel adapter) with 1 ports
[1756857255.244925] [eos0005:200823:0]           ib_md.c:1177 UCX  DEBUG mlx5_6: cuda GPUDirect RDMA is detected by checking /sys/kernel/mm/memory_peers/nv_mem/version
[1756857255.244927] [eos0005:200823:0]           ib_md.c:1177 UCX  DEBUG mlx5_6: rocm GPUDirect RDMA is not detected by checking /dev/kfd
[1756857255.244930] [eos0005:200823:0]           ib_md.c:1202 UCX  DEBUG mlx5_6: dmabuf is supported
[1756857255.244931] [eos0005:200823:0]           mpool.c:138  UCX  DEBUG mpool devx dbrec: align 64, maxelems 4294967295, elemsize 40
[1756857255.245104] [eos0005:200823:0]    ib_mlx5dv_md.c:2423 UCX  DEBUG mlx5_6: opened DEVX md log_max_qp=17
[1756857255.245496] [eos0005:200823:0]    ib_mlx5dv_md.c:126  UCX  DEBUG mlx5_6: KSM dm memory registration status "Success" range 0x7fffca621000..0x7fffca621020 iova 0x0 mkey_index 0x0
[1756857255.245775] [eos0005:200823:0]    ib_mlx5dv_md.c:96   UCX  DEBUG mlx5_6: mlx5dv_devx_obj_create(CREATE_MKEY, mode=KSM, start_addr=0x7fffca621000 length=32) failed, syndrome 0x45d3a4: Remote I/O error
[1756857255.245777] [eos0005:200823:0]    ib_mlx5dv_md.c:126  UCX  DEBUG mlx5_6: KSM atomic-key memory registration status "Unsupported operation" range (nil)..0x20 iova 0x7fffca621000 atomic mkey_index 0x0
[1756857255.246130] [eos0005:200823:0]           ib_md.c:1161 UCX  DEBUG mlx5_6: relaxed order memory access is disabled
[1756857255.246347] [eos0005:200823:0]    ib_mlx5dv_md.c:126  UCX  DEBUG mlx5_6: KSM flush-mr memory registration status "Success" range 0x555556714000..0x555556714008 iova 0x0 mkey_index 0x0
[1756857255.246347] [eos0005:200823:0]           ib_md.c:1031 UCX  DEBUG mlx5_6: md open by 'uct_ib_mlx5_devx_md_ops' is successful
[1756857255.251591] [eos0005:200823:0]            topo.c:899  UCX  DEBUG /sys/class/infiniband/mlx5_9: PF sysfs path is '/sys/devices/pci0000:bd/0000:bd:01.0/0000:be:00.0/0000:bf:00.0/0000:c0:00.0'
[1756857255.251593] [eos0005:200823:0]            topo.c:552  UCX  DEBUG mlx5_9: bdf_name 0000:c0:00.0 sys_dev 11
[1756857255.251600] [eos0005:200823:0]       ib_device.c:498  UCX  DEBUG mlx5_9: vendor_id 0x15b3 device_id 4129
[1756857255.252073] [eos0005:200823:0]    ib_mlx5dv_md.c:1875 UCX  DEBUG mlx5_9: cross gvmi alias mkey is supported
[1756857255.252074] [eos0005:200823:0]    ib_mlx5dv_md.c:1925 UCX  DEBUG mlx5_9: mkey_by_name_reserve is not supported
[1756857255.252074] [eos0005:200823:0]    ib_mlx5dv_md.c:1910 UCX  DEBUG mlx5_9: dp_ordering support: force=1 ooo_rw_rc=1 ooo_rw_dc=1
[1756857255.252183] [eos0005:200823:0]    ib_mlx5dv_md.c:1705 UCX  DEBUG mlx5_9: ODP is disabled because version 1 is not supported for DevX QP
[1756857255.252297] [eos0005:200823:0]           async.c:248  UCX  DEBUG added async handler 0x5555563916f0 [id=64 ref 1] uct_ib_async_event_handler() to hash
[1756857255.252301] [eos0005:200823:0]           async.c:522  UCX  DEBUG listening to async event fd 64 events 0x1 mode thread_spinlock
[1756857255.252302] [eos0005:200823:0]       ib_device.c:597  UCX  DEBUG initialized device 'mlx5_9' (InfiniBand channel adapter) with 1 ports
[1756857255.252305] [eos0005:200823:0]           ib_md.c:1177 UCX  DEBUG mlx5_9: cuda GPUDirect RDMA is detected by checking /sys/kernel/mm/memory_peers/nv_mem/version
[1756857255.252307] [eos0005:200823:0]           ib_md.c:1177 UCX  DEBUG mlx5_9: rocm GPUDirect RDMA is not detected by checking /dev/kfd
[1756857255.252310] [eos0005:200823:0]           ib_md.c:1202 UCX  DEBUG mlx5_9: dmabuf is supported
[1756857255.252312] [eos0005:200823:0]           mpool.c:138  UCX  DEBUG mpool devx dbrec: align 64, maxelems 4294967295, elemsize 40
[1756857255.252480] [eos0005:200823:0]    ib_mlx5dv_md.c:2423 UCX  DEBUG mlx5_9: opened DEVX md log_max_qp=17
[1756857255.252859] [eos0005:200823:0]    ib_mlx5dv_md.c:126  UCX  DEBUG mlx5_9: KSM dm memory registration status "Success" range 0x7fffca61c000..0x7fffca61c020 iova 0x0 mkey_index 0x0
[1756857255.253133] [eos0005:200823:0]    ib_mlx5dv_md.c:96   UCX  DEBUG mlx5_9: mlx5dv_devx_obj_create(CREATE_MKEY, mode=KSM, start_addr=0x7fffca61c000 length=32) failed, syndrome 0x45d3a4: Remote I/O error
[1756857255.253134] [eos0005:200823:0]    ib_mlx5dv_md.c:126  UCX  DEBUG mlx5_9: KSM atomic-key memory registration status "Unsupported operation" range (nil)..0x20 iova 0x7fffca61c000 atomic mkey_index 0x0
[1756857255.253480] [eos0005:200823:0]           ib_md.c:1161 UCX  DEBUG mlx5_9: relaxed order memory access is disabled
[1756857255.253698] [eos0005:200823:0]    ib_mlx5dv_md.c:126  UCX  DEBUG mlx5_9: KSM flush-mr memory registration status "Success" range 0x555556995000..0x555556995008 iova 0x0 mkey_index 0x0
[1756857255.253699] [eos0005:200823:0]           ib_md.c:1031 UCX  DEBUG mlx5_9: md open by 'uct_ib_mlx5_devx_md_ops' is successful
[1756857255.259146] [eos0005:200823:0]            topo.c:899  UCX  DEBUG /sys/class/infiniband/mlx5_10: PF sysfs path is '/sys/devices/pci0000:cb/0000:cb:01.0/0000:cc:00.0/0000:cd:00.0/0000:ce:00.0'
[1756857255.259149] [eos0005:200823:0]            topo.c:552  UCX  DEBUG mlx5_10: bdf_name 0000:ce:00.0 sys_dev 12
[1756857255.259157] [eos0005:200823:0]       ib_device.c:498  UCX  DEBUG mlx5_10: vendor_id 0x15b3 device_id 4129
[1756857255.259628] [eos0005:200823:0]    ib_mlx5dv_md.c:1875 UCX  DEBUG mlx5_10: cross gvmi alias mkey is supported
[1756857255.259629] [eos0005:200823:0]    ib_mlx5dv_md.c:1925 UCX  DEBUG mlx5_10: mkey_by_name_reserve is not supported
[1756857255.259630] [eos0005:200823:0]    ib_mlx5dv_md.c:1910 UCX  DEBUG mlx5_10: dp_ordering support: force=1 ooo_rw_rc=1 ooo_rw_dc=1
[1756857255.259739] [eos0005:200823:0]    ib_mlx5dv_md.c:1705 UCX  DEBUG mlx5_10: ODP is disabled because version 1 is not supported for DevX QP
[1756857255.259856] [eos0005:200823:0]           async.c:248  UCX  DEBUG added async handler 0x555556998010 [id=66 ref 1] uct_ib_async_event_handler() to hash
[1756857255.259860] [eos0005:200823:0]           async.c:522  UCX  DEBUG listening to async event fd 66 events 0x1 mode thread_spinlock
[1756857255.259861] [eos0005:200823:0]       ib_device.c:597  UCX  DEBUG initialized device 'mlx5_10' (InfiniBand channel adapter) with 1 ports
[1756857255.259864] [eos0005:200823:0]           ib_md.c:1177 UCX  DEBUG mlx5_10: cuda GPUDirect RDMA is detected by checking /sys/kernel/mm/memory_peers/nv_mem/version
[1756857255.259866] [eos0005:200823:0]           ib_md.c:1177 UCX  DEBUG mlx5_10: rocm GPUDirect RDMA is not detected by checking /dev/kfd
[1756857255.259869] [eos0005:200823:0]           ib_md.c:1202 UCX  DEBUG mlx5_10: dmabuf is supported
[1756857255.259881] [eos0005:200823:0]           mpool.c:138  UCX  DEBUG mpool devx dbrec: align 64, maxelems 4294967295, elemsize 40
[1756857255.260050] [eos0005:200823:0]    ib_mlx5dv_md.c:2423 UCX  DEBUG mlx5_10: opened DEVX md log_max_qp=17
[1756857255.260434] [eos0005:200823:0]    ib_mlx5dv_md.c:126  UCX  DEBUG mlx5_10: KSM dm memory registration status "Success" range 0x7fffca617000..0x7fffca617020 iova 0x0 mkey_index 0x0
[1756857255.260706] [eos0005:200823:0]    ib_mlx5dv_md.c:96   UCX  DEBUG mlx5_10: mlx5dv_devx_obj_create(CREATE_MKEY, mode=KSM, start_addr=0x7fffca617000 length=32) failed, syndrome 0x45d3a4: Remote I/O error
[1756857255.260708] [eos0005:200823:0]    ib_mlx5dv_md.c:126  UCX  DEBUG mlx5_10: KSM atomic-key memory registration status "Unsupported operation" range (nil)..0x20 iova 0x7fffca617000 atomic mkey_index 0x0
[1756857255.261052] [eos0005:200823:0]           ib_md.c:1161 UCX  DEBUG mlx5_10: relaxed order memory access is disabled
[1756857255.261269] [eos0005:200823:0]    ib_mlx5dv_md.c:126  UCX  DEBUG mlx5_10: KSM flush-mr memory registration status "Success" range 0x555556999000..0x555556999008 iova 0x0 mkey_index 0x0
[1756857255.261270] [eos0005:200823:0]           ib_md.c:1031 UCX  DEBUG mlx5_10: md open by 'uct_ib_mlx5_devx_md_ops' is successful
[1756857255.266633] [eos0005:200823:0]            topo.c:899  UCX  DEBUG /sys/class/infiniband/mlx5_11: PF sysfs path is '/sys/devices/pci0000:d9/0000:d9:01.0/0000:da:00.0/0000:db:00.0/0000:dc:00.0'
[1756857255.266636] [eos0005:200823:0]            topo.c:552  UCX  DEBUG mlx5_11: bdf_name 0000:dc:00.0 sys_dev 13
[1756857255.266643] [eos0005:200823:0]       ib_device.c:498  UCX  DEBUG mlx5_11: vendor_id 0x15b3 device_id 4129
[1756857255.267117] [eos0005:200823:0]    ib_mlx5dv_md.c:1875 UCX  DEBUG mlx5_11: cross gvmi alias mkey is supported
[1756857255.267118] [eos0005:200823:0]    ib_mlx5dv_md.c:1925 UCX  DEBUG mlx5_11: mkey_by_name_reserve is not supported
[1756857255.267119] [eos0005:200823:0]    ib_mlx5dv_md.c:1910 UCX  DEBUG mlx5_11: dp_ordering support: force=1 ooo_rw_rc=1 ooo_rw_dc=1
[1756857255.267230] [eos0005:200823:0]    ib_mlx5dv_md.c:1705 UCX  DEBUG mlx5_11: ODP is disabled because version 1 is not supported for DevX QP
[1756857255.267349] [eos0005:200823:0]           async.c:248  UCX  DEBUG added async handler 0x5555566b0a00 [id=68 ref 1] uct_ib_async_event_handler() to hash
[1756857255.267353] [eos0005:200823:0]           async.c:522  UCX  DEBUG listening to async event fd 68 events 0x1 mode thread_spinlock
[1756857255.267354] [eos0005:200823:0]       ib_device.c:597  UCX  DEBUG initialized device 'mlx5_11' (InfiniBand channel adapter) with 1 ports
[1756857255.267357] [eos0005:200823:0]           ib_md.c:1177 UCX  DEBUG mlx5_11: cuda GPUDirect RDMA is detected by checking /sys/kernel/mm/memory_peers/nv_mem/version
[1756857255.267359] [eos0005:200823:0]           ib_md.c:1177 UCX  DEBUG mlx5_11: rocm GPUDirect RDMA is not detected by checking /dev/kfd
[1756857255.267362] [eos0005:200823:0]           ib_md.c:1202 UCX  DEBUG mlx5_11: dmabuf is supported
[1756857255.267363] [eos0005:200823:0]           mpool.c:138  UCX  DEBUG mpool devx dbrec: align 64, maxelems 4294967295, elemsize 40
[1756857255.267535] [eos0005:200823:0]    ib_mlx5dv_md.c:2423 UCX  DEBUG mlx5_11: opened DEVX md log_max_qp=17
[1756857255.267923] [eos0005:200823:0]    ib_mlx5dv_md.c:126  UCX  DEBUG mlx5_11: KSM dm memory registration status "Success" range 0x7fffca612000..0x7fffca612020 iova 0x0 mkey_index 0x0
[1756857255.268197] [eos0005:200823:0]    ib_mlx5dv_md.c:96   UCX  DEBUG mlx5_11: mlx5dv_devx_obj_create(CREATE_MKEY, mode=KSM, start_addr=0x7fffca612000 length=32) failed, syndrome 0x45d3a4: Remote I/O error
[1756857255.268198] [eos0005:200823:0]    ib_mlx5dv_md.c:126  UCX  DEBUG mlx5_11: KSM atomic-key memory registration status "Unsupported operation" range (nil)..0x20 iova 0x7fffca612000 atomic mkey_index 0x0
[1756857255.268552] [eos0005:200823:0]           ib_md.c:1161 UCX  DEBUG mlx5_11: relaxed order memory access is disabled
[1756857255.268770] [eos0005:200823:0]    ib_mlx5dv_md.c:126  UCX  DEBUG mlx5_11: KSM flush-mr memory registration status "Success" range 0x555556709000..0x555556709008 iova 0x0 mkey_index 0x0
[1756857255.268771] [eos0005:200823:0]           ib_md.c:1031 UCX  DEBUG mlx5_11: md open by 'uct_ib_mlx5_devx_md_ops' is successful
[1756857255.274402] [eos0005:200823:0]            topo.c:899  UCX  DEBUG /sys/class/infiniband/mlx5_0: PF sysfs path is '/sys/devices/pci0000:15/0000:15:01.0/0000:16:00.0/0000:17:00.0/0000:18:00.0'
[1756857255.274405] [eos0005:200823:0]            topo.c:552  UCX  DEBUG mlx5_0: bdf_name 0000:18:00.0 sys_dev 14
[1756857255.274412] [eos0005:200823:0]       ib_device.c:498  UCX  DEBUG mlx5_0: vendor_id 0x15b3 device_id 4129
[1756857255.274893] [eos0005:200823:0]    ib_mlx5dv_md.c:1875 UCX  DEBUG mlx5_0: cross gvmi alias mkey is supported
[1756857255.274894] [eos0005:200823:0]    ib_mlx5dv_md.c:1925 UCX  DEBUG mlx5_0: mkey_by_name_reserve is not supported
[1756857255.274895] [eos0005:200823:0]    ib_mlx5dv_md.c:1910 UCX  DEBUG mlx5_0: dp_ordering support: force=1 ooo_rw_rc=1 ooo_rw_dc=1
[1756857255.275007] [eos0005:200823:0]    ib_mlx5dv_md.c:1705 UCX  DEBUG mlx5_0: ODP is disabled because version 1 is not supported for DevX QP
[1756857255.275129] [eos0005:200823:0]           async.c:248  UCX  DEBUG added async handler 0x55555670c010 [id=70 ref 1] uct_ib_async_event_handler() to hash
[1756857255.275133] [eos0005:200823:0]           async.c:522  UCX  DEBUG listening to async event fd 70 events 0x1 mode thread_spinlock
[1756857255.275134] [eos0005:200823:0]       ib_device.c:597  UCX  DEBUG initialized device 'mlx5_0' (InfiniBand channel adapter) with 1 ports
[1756857255.275137] [eos0005:200823:0]           ib_md.c:1177 UCX  DEBUG mlx5_0: cuda GPUDirect RDMA is detected by checking /sys/kernel/mm/memory_peers/nv_mem/version
[1756857255.275139] [eos0005:200823:0]           ib_md.c:1177 UCX  DEBUG mlx5_0: rocm GPUDirect RDMA is not detected by checking /dev/kfd
[1756857255.275142] [eos0005:200823:0]           ib_md.c:1202 UCX  DEBUG mlx5_0: dmabuf is supported
[1756857255.275143] [eos0005:200823:0]           mpool.c:138  UCX  DEBUG mpool devx dbrec: align 64, maxelems 4294967295, elemsize 40
[1756857255.275317] [eos0005:200823:0]    ib_mlx5dv_md.c:2423 UCX  DEBUG mlx5_0: opened DEVX md log_max_qp=17
[1756857255.275725] [eos0005:200823:0]    ib_mlx5dv_md.c:126  UCX  DEBUG mlx5_0: KSM dm memory registration status "Success" range 0x7fffca60d000..0x7fffca60d020 iova 0x0 mkey_index 0x0
[1756857255.276004] [eos0005:200823:0]    ib_mlx5dv_md.c:96   UCX  DEBUG mlx5_0: mlx5dv_devx_obj_create(CREATE_MKEY, mode=KSM, start_addr=0x7fffca60d000 length=32) failed, syndrome 0x45d3a4: Remote I/O error
[1756857255.276006] [eos0005:200823:0]    ib_mlx5dv_md.c:126  UCX  DEBUG mlx5_0: KSM atomic-key memory registration status "Unsupported operation" range (nil)..0x20 iova 0x7fffca60d000 atomic mkey_index 0x0
[1756857255.276365] [eos0005:200823:0]           ib_md.c:1161 UCX  DEBUG mlx5_0: relaxed order memory access is disabled
[1756857255.276597] [eos0005:200823:0]    ib_mlx5dv_md.c:126  UCX  DEBUG mlx5_0: KSM flush-mr memory registration status "Success" range 0x55555670d000..0x55555670d008 iova 0x0 mkey_index 0x0
[1756857255.276615] [eos0005:200823:0]          uct_md.c:96   UCX  DEBUG failed to query gga_mlx5 resources: No such device
[1756857255.276616] [eos0005:200823:0]     ucp_context.c:1188 UCX  DEBUG No tl resources found for md mlx5_0
[1756857255.276617] [eos0005:200823:0]     ucp_context.c:1648 UCX  DEBUG closing md mlx5_0 because it has no selected transport resources
[1756857255.276621] [eos0005:200823:0]    ib_mlx5dv_md.c:2496 UCX  DEBUG mlx5_0: md=0x5555567ba010 md->flags=0x3fb3f7f flush_rkey=0x1bb00
[1756857255.276877] [eos0005:200823:0]           mpool.c:194  UCX  DEBUG mpool devx dbrec destroyed
[1756857255.276882] [eos0005:200823:0]       ib_device.c:616  UCX  DEBUG destroying ib device mlx5_0
[1756857255.276885] [eos0005:200823:0]           async.c:173  UCX  DEBUG removed async handler 0x55555670c010 [id=70 ref 1] uct_ib_async_event_handler() from hash
[1756857255.276895] [eos0005:200823:0]           async.c:576  UCX  DEBUG removing async handler 0x55555670c010 [id=70 ref 1] uct_ib_async_event_handler()
[1756857255.276898] [eos0005:200823:0]           async.c:188  UCX  DEBUG release async handler 0x55555670c010 [id=70 ref 0] uct_ib_async_event_handler()
[1756857255.281765] [eos0005:200823:0]            topo.c:899  UCX  DEBUG /sys/class/infiniband/mlx5_3: PF sysfs path is '/sys/devices/pci0000:3d/0000:3d:01.0/0000:3e:00.0/0000:3f:00.0/0000:40:00.0'
[1756857255.281767] [eos0005:200823:0]            topo.c:552  UCX  DEBUG mlx5_3: bdf_name 0000:40:00.0 sys_dev 16
[1756857255.281775] [eos0005:200823:0]       ib_device.c:498  UCX  DEBUG mlx5_3: vendor_id 0x15b3 device_id 4129
[1756857255.282258] [eos0005:200823:0]    ib_mlx5dv_md.c:1875 UCX  DEBUG mlx5_3: cross gvmi alias mkey is supported
[1756857255.282258] [eos0005:200823:0]    ib_mlx5dv_md.c:1925 UCX  DEBUG mlx5_3: mkey_by_name_reserve is not supported
[1756857255.282259] [eos0005:200823:0]    ib_mlx5dv_md.c:1910 UCX  DEBUG mlx5_3: dp_ordering support: force=1 ooo_rw_rc=1 ooo_rw_dc=1
[1756857255.282372] [eos0005:200823:0]    ib_mlx5dv_md.c:1705 UCX  DEBUG mlx5_3: ODP is disabled because version 1 is not supported for DevX QP
[1756857255.282494] [eos0005:200823:0]           async.c:248  UCX  DEBUG added async handler 0x555556707e40 [id=70 ref 1] uct_ib_async_event_handler() to hash
[1756857255.282498] [eos0005:200823:0]           async.c:522  UCX  DEBUG listening to async event fd 70 events 0x1 mode thread_spinlock
[1756857255.282499] [eos0005:200823:0]       ib_device.c:597  UCX  DEBUG initialized device 'mlx5_3' (InfiniBand channel adapter) with 1 ports
[1756857255.282502] [eos0005:200823:0]           ib_md.c:1177 UCX  DEBUG mlx5_3: cuda GPUDirect RDMA is detected by checking /sys/kernel/mm/memory_peers/nv_mem/version
[1756857255.282504] [eos0005:200823:0]           ib_md.c:1177 UCX  DEBUG mlx5_3: rocm GPUDirect RDMA is not detected by checking /dev/kfd
[1756857255.282507] [eos0005:200823:0]           ib_md.c:1202 UCX  DEBUG mlx5_3: dmabuf is supported
[1756857255.282509] [eos0005:200823:0]           mpool.c:138  UCX  DEBUG mpool devx dbrec: align 64, maxelems 4294967295, elemsize 40
[1756857255.282684] [eos0005:200823:0]    ib_mlx5dv_md.c:2423 UCX  DEBUG mlx5_3: opened DEVX md log_max_qp=17
[1756857255.283091] [eos0005:200823:0]    ib_mlx5dv_md.c:126  UCX  DEBUG mlx5_3: KSM dm memory registration status "Success" range 0x7fffca60d000..0x7fffca60d020 iova 0x0 mkey_index 0x0
[1756857255.283368] [eos0005:200823:0]    ib_mlx5dv_md.c:96   UCX  DEBUG mlx5_3: mlx5dv_devx_obj_create(CREATE_MKEY, mode=KSM, start_addr=0x7fffca60d000 length=32) failed, syndrome 0x45d3a4: Remote I/O error
[1756857255.283370] [eos0005:200823:0]    ib_mlx5dv_md.c:126  UCX  DEBUG mlx5_3: KSM atomic-key memory registration status "Unsupported operation" range (nil)..0x20 iova 0x7fffca60d000 atomic mkey_index 0x0
[1756857255.283721] [eos0005:200823:0]           ib_md.c:1161 UCX  DEBUG mlx5_3: relaxed order memory access is disabled
[1756857255.283951] [eos0005:200823:0]    ib_mlx5dv_md.c:126  UCX  DEBUG mlx5_3: KSM flush-mr memory registration status "Success" range 0x555556712000..0x555556712008 iova 0x0 mkey_index 0x0
[1756857255.283966] [eos0005:200823:0]          uct_md.c:96   UCX  DEBUG failed to query gga_mlx5 resources: No such device
[1756857255.283967] [eos0005:200823:0]     ucp_context.c:1188 UCX  DEBUG No tl resources found for md mlx5_3
[1756857255.283968] [eos0005:200823:0]     ucp_context.c:1648 UCX  DEBUG closing md mlx5_3 because it has no selected transport resources
[1756857255.283971] [eos0005:200823:0]    ib_mlx5dv_md.c:2496 UCX  DEBUG mlx5_3: md=0x5555567ba010 md->flags=0x3fb3f7f flush_rkey=0x19d00
[1756857255.284221] [eos0005:200823:0]           mpool.c:194  UCX  DEBUG mpool devx dbrec destroyed
[1756857255.284222] [eos0005:200823:0]       ib_device.c:616  UCX  DEBUG destroying ib device mlx5_3
[1756857255.284223] [eos0005:200823:0]           async.c:173  UCX  DEBUG removed async handler 0x555556707e40 [id=70 ref 1] uct_ib_async_event_handler() from hash
[1756857255.284224] [eos0005:200823:0]           async.c:576  UCX  DEBUG removing async handler 0x555556707e40 [id=70 ref 1] uct_ib_async_event_handler()
[1756857255.284226] [eos0005:200823:0]           async.c:188  UCX  DEBUG release async handler 0x555556707e40 [id=70 ref 0] uct_ib_async_event_handler()
[1756857255.289063] [eos0005:200823:0]            topo.c:899  UCX  DEBUG /sys/class/infiniband/mlx5_4: PF sysfs path is '/sys/devices/pci0000:4c/0000:4c:01.0/0000:4d:00.0/0000:4e:00.0/0000:4f:00.0'
[1756857255.289065] [eos0005:200823:0]            topo.c:552  UCX  DEBUG mlx5_4: bdf_name 0000:4f:00.0 sys_dev 17
[1756857255.289074] [eos0005:200823:0]       ib_device.c:498  UCX  DEBUG mlx5_4: vendor_id 0x15b3 device_id 4129
[1756857255.289555] [eos0005:200823:0]    ib_mlx5dv_md.c:1875 UCX  DEBUG mlx5_4: cross gvmi alias mkey is supported
[1756857255.289556] [eos0005:200823:0]    ib_mlx5dv_md.c:1925 UCX  DEBUG mlx5_4: mkey_by_name_reserve is not supported
[1756857255.289557] [eos0005:200823:0]    ib_mlx5dv_md.c:1910 UCX  DEBUG mlx5_4: dp_ordering support: force=1 ooo_rw_rc=1 ooo_rw_dc=1
[1756857255.289669] [eos0005:200823:0]    ib_mlx5dv_md.c:1705 UCX  DEBUG mlx5_4: ODP is disabled because version 1 is not supported for DevX QP
[1756857255.289792] [eos0005:200823:0]           async.c:248  UCX  DEBUG added async handler 0x555556713010 [id=70 ref 1] uct_ib_async_event_handler() to hash
[1756857255.289795] [eos0005:200823:0]           async.c:522  UCX  DEBUG listening to async event fd 70 events 0x1 mode thread_spinlock
[1756857255.289796] [eos0005:200823:0]       ib_device.c:597  UCX  DEBUG initialized device 'mlx5_4' (InfiniBand channel adapter) with 1 ports
[1756857255.289800] [eos0005:200823:0]           ib_md.c:1177 UCX  DEBUG mlx5_4: cuda GPUDirect RDMA is detected by checking /sys/kernel/mm/memory_peers/nv_mem/version
[1756857255.289802] [eos0005:200823:0]           ib_md.c:1177 UCX  DEBUG mlx5_4: rocm GPUDirect RDMA is not detected by checking /dev/kfd
[1756857255.289805] [eos0005:200823:0]           ib_md.c:1202 UCX  DEBUG mlx5_4: dmabuf is supported
[1756857255.289806] [eos0005:200823:0]           mpool.c:138  UCX  DEBUG mpool devx dbrec: align 64, maxelems 4294967295, elemsize 40
[1756857255.289979] [eos0005:200823:0]    ib_mlx5dv_md.c:2423 UCX  DEBUG mlx5_4: opened DEVX md log_max_qp=17
[1756857255.290388] [eos0005:200823:0]    ib_mlx5dv_md.c:126  UCX  DEBUG mlx5_4: KSM dm memory registration status "Success" range 0x7fffca60d000..0x7fffca60d020 iova 0x0 mkey_index 0x0
[1756857255.290664] [eos0005:200823:0]    ib_mlx5dv_md.c:96   UCX  DEBUG mlx5_4: mlx5dv_devx_obj_create(CREATE_MKEY, mode=KSM, start_addr=0x7fffca60d000 length=32) failed, syndrome 0x45d3a4: Remote I/O error
[1756857255.290666] [eos0005:200823:0]    ib_mlx5dv_md.c:126  UCX  DEBUG mlx5_4: KSM atomic-key memory registration status "Unsupported operation" range (nil)..0x20 iova 0x7fffca60d000 atomic mkey_index 0x0
[1756857255.291027] [eos0005:200823:0]           ib_md.c:1161 UCX  DEBUG mlx5_4: relaxed order memory access is disabled
[1756857255.291255] [eos0005:200823:0]    ib_mlx5dv_md.c:126  UCX  DEBUG mlx5_4: KSM flush-mr memory registration status "Success" range 0x55555670d000..0x55555670d008 iova 0x0 mkey_index 0x0
[1756857255.291319] [eos0005:200823:0]          uct_md.c:96   UCX  DEBUG failed to query gga_mlx5 resources: No such device
[1756857255.291320] [eos0005:200823:0]     ucp_context.c:1188 UCX  DEBUG No tl resources found for md mlx5_4
[1756857255.291321] [eos0005:200823:0]     ucp_context.c:1648 UCX  DEBUG closing md mlx5_4 because it has no selected transport resources
[1756857255.291324] [eos0005:200823:0]    ib_mlx5dv_md.c:2496 UCX  DEBUG mlx5_4: md=0x5555567114e0 md->flags=0x3fb3f7f flush_rkey=0x19a00
[1756857255.291574] [eos0005:200823:0]           mpool.c:194  UCX  DEBUG mpool devx dbrec destroyed
[1756857255.291576] [eos0005:200823:0]       ib_device.c:616  UCX  DEBUG destroying ib device mlx5_4
[1756857255.291577] [eos0005:200823:0]           async.c:173  UCX  DEBUG removed async handler 0x555556713010 [id=70 ref 1] uct_ib_async_event_handler() from hash
[1756857255.291585] [eos0005:200823:0]           async.c:576  UCX  DEBUG removing async handler 0x555556713010 [id=70 ref 1] uct_ib_async_event_handler()
[1756857255.291587] [eos0005:200823:0]           async.c:188  UCX  DEBUG release async handler 0x555556713010 [id=70 ref 0] uct_ib_async_event_handler()
[1756857255.296398] [eos0005:200823:0]            topo.c:899  UCX  DEBUG /sys/class/infiniband/mlx5_5: PF sysfs path is '/sys/devices/pci0000:5b/0000:5b:01.0/0000:5c:00.0/0000:5d:00.0/0000:5e:00.0'
[1756857255.296400] [eos0005:200823:0]            topo.c:552  UCX  DEBUG mlx5_5: bdf_name 0000:5e:00.0 sys_dev 18
[1756857255.296408] [eos0005:200823:0]       ib_device.c:498  UCX  DEBUG mlx5_5: vendor_id 0x15b3 device_id 4129
[1756857255.296889] [eos0005:200823:0]    ib_mlx5dv_md.c:1875 UCX  DEBUG mlx5_5: cross gvmi alias mkey is supported
[1756857255.296890] [eos0005:200823:0]    ib_mlx5dv_md.c:1925 UCX  DEBUG mlx5_5: mkey_by_name_reserve is not supported
[1756857255.296891] [eos0005:200823:0]    ib_mlx5dv_md.c:1910 UCX  DEBUG mlx5_5: dp_ordering support: force=1 ooo_rw_rc=1 ooo_rw_dc=1
[1756857255.297002] [eos0005:200823:0]    ib_mlx5dv_md.c:1705 UCX  DEBUG mlx5_5: ODP is disabled because version 1 is not supported for DevX QP
[1756857255.297123] [eos0005:200823:0]           async.c:248  UCX  DEBUG added async handler 0x55555670cb30 [id=70 ref 1] uct_ib_async_event_handler() to hash
[1756857255.297126] [eos0005:200823:0]           async.c:522  UCX  DEBUG listening to async event fd 70 events 0x1 mode thread_spinlock
[1756857255.297127] [eos0005:200823:0]       ib_device.c:597  UCX  DEBUG initialized device 'mlx5_5' (InfiniBand channel adapter) with 1 ports
[1756857255.297130] [eos0005:200823:0]           ib_md.c:1177 UCX  DEBUG mlx5_5: cuda GPUDirect RDMA is detected by checking /sys/kernel/mm/memory_peers/nv_mem/version
[1756857255.297132] [eos0005:200823:0]           ib_md.c:1177 UCX  DEBUG mlx5_5: rocm GPUDirect RDMA is not detected by checking /dev/kfd
[1756857255.297134] [eos0005:200823:0]           ib_md.c:1202 UCX  DEBUG mlx5_5: dmabuf is supported
[1756857255.297136] [eos0005:200823:0]           mpool.c:138  UCX  DEBUG mpool devx dbrec: align 64, maxelems 4294967295, elemsize 40
[1756857255.297308] [eos0005:200823:0]    ib_mlx5dv_md.c:2423 UCX  DEBUG mlx5_5: opened DEVX md log_max_qp=17
[1756857255.297715] [eos0005:200823:0]    ib_mlx5dv_md.c:126  UCX  DEBUG mlx5_5: KSM dm memory registration status "Success" range 0x7fffca60d000..0x7fffca60d020 iova 0x0 mkey_index 0x0
[1756857255.297996] [eos0005:200823:0]    ib_mlx5dv_md.c:96   UCX  DEBUG mlx5_5: mlx5dv_devx_obj_create(CREATE_MKEY, mode=KSM, start_addr=0x7fffca60d000 length=32) failed, syndrome 0x45d3a4: Remote I/O error
[1756857255.297998] [eos0005:200823:0]    ib_mlx5dv_md.c:126  UCX  DEBUG mlx5_5: KSM atomic-key memory registration status "Unsupported operation" range (nil)..0x20 iova 0x7fffca60d000 atomic mkey_index 0x0
[1756857255.298357] [eos0005:200823:0]           ib_md.c:1161 UCX  DEBUG mlx5_5: relaxed order memory access is disabled
[1756857255.298588] [eos0005:200823:0]    ib_mlx5dv_md.c:126  UCX  DEBUG mlx5_5: KSM flush-mr memory registration status "Success" range 0x555556705000..0x555556705008 iova 0x0 mkey_index 0x0
[1756857255.298603] [eos0005:200823:0]          uct_md.c:96   UCX  DEBUG failed to query gga_mlx5 resources: No such device
[1756857255.298604] [eos0005:200823:0]     ucp_context.c:1188 UCX  DEBUG No tl resources found for md mlx5_5
[1756857255.298604] [eos0005:200823:0]     ucp_context.c:1648 UCX  DEBUG closing md mlx5_5 because it has no selected transport resources
[1756857255.298607] [eos0005:200823:0]    ib_mlx5dv_md.c:2496 UCX  DEBUG mlx5_5: md=0x55555670d290 md->flags=0x3fb3f7f flush_rkey=0x19e00
[1756857255.298858] [eos0005:200823:0]           mpool.c:194  UCX  DEBUG mpool devx dbrec destroyed
[1756857255.298859] [eos0005:200823:0]       ib_device.c:616  UCX  DEBUG destroying ib device mlx5_5
[1756857255.298860] [eos0005:200823:0]           async.c:173  UCX  DEBUG removed async handler 0x55555670cb30 [id=70 ref 1] uct_ib_async_event_handler() from hash
[1756857255.298861] [eos0005:200823:0]           async.c:576  UCX  DEBUG removing async handler 0x55555670cb30 [id=70 ref 1] uct_ib_async_event_handler()
[1756857255.298863] [eos0005:200823:0]           async.c:188  UCX  DEBUG release async handler 0x55555670cb30 [id=70 ref 0] uct_ib_async_event_handler()
[1756857255.303666] [eos0005:200823:0]            topo.c:899  UCX  DEBUG /sys/class/infiniband/mlx5_6: PF sysfs path is '/sys/devices/pci0000:97/0000:97:01.0/0000:98:00.0/0000:99:00.0/0000:9a:00.0'
[1756857255.303668] [eos0005:200823:0]            topo.c:552  UCX  DEBUG mlx5_6: bdf_name 0000:9a:00.0 sys_dev 9
[1756857255.303675] [eos0005:200823:0]       ib_device.c:498  UCX  DEBUG mlx5_6: vendor_id 0x15b3 device_id 4129
[1756857255.304143] [eos0005:200823:0]    ib_mlx5dv_md.c:1875 UCX  DEBUG mlx5_6: cross gvmi alias mkey is supported
[1756857255.304144] [eos0005:200823:0]    ib_mlx5dv_md.c:1925 UCX  DEBUG mlx5_6: mkey_by_name_reserve is not supported
[1756857255.304145] [eos0005:200823:0]    ib_mlx5dv_md.c:1910 UCX  DEBUG mlx5_6: dp_ordering support: force=1 ooo_rw_rc=1 ooo_rw_dc=1
[1756857255.304254] [eos0005:200823:0]    ib_mlx5dv_md.c:1705 UCX  DEBUG mlx5_6: ODP is disabled because version 1 is not supported for DevX QP
[1756857255.304375] [eos0005:200823:0]           async.c:248  UCX  DEBUG added async handler 0x5555566fefd0 [id=70 ref 1] uct_ib_async_event_handler() to hash
[1756857255.304378] [eos0005:200823:0]           async.c:522  UCX  DEBUG listening to async event fd 70 events 0x1 mode thread_spinlock
[1756857255.304379] [eos0005:200823:0]       ib_device.c:597  UCX  DEBUG initialized device 'mlx5_6' (InfiniBand channel adapter) with 1 ports
[1756857255.304381] [eos0005:200823:0]           ib_md.c:1177 UCX  DEBUG mlx5_6: cuda GPUDirect RDMA is detected by checking /sys/kernel/mm/memory_peers/nv_mem/version
[1756857255.304383] [eos0005:200823:0]           ib_md.c:1177 UCX  DEBUG mlx5_6: rocm GPUDirect RDMA is not detected by checking /dev/kfd
[1756857255.304386] [eos0005:200823:0]           ib_md.c:1202 UCX  DEBUG mlx5_6: dmabuf is supported
[1756857255.304387] [eos0005:200823:0]           mpool.c:138  UCX  DEBUG mpool devx dbrec: align 64, maxelems 4294967295, elemsize 40
[1756857255.304557] [eos0005:200823:0]    ib_mlx5dv_md.c:2423 UCX  DEBUG mlx5_6: opened DEVX md log_max_qp=17
[1756857255.304960] [eos0005:200823:0]    ib_mlx5dv_md.c:126  UCX  DEBUG mlx5_6: KSM dm memory registration status "Success" range 0x7fffca60d000..0x7fffca60d020 iova 0x0 mkey_index 0x0
[1756857255.305237] [eos0005:200823:0]    ib_mlx5dv_md.c:96   UCX  DEBUG mlx5_6: mlx5dv_devx_obj_create(CREATE_MKEY, mode=KSM, start_addr=0x7fffca60d000 length=32) failed, syndrome 0x45d3a4: Remote I/O error
[1756857255.305238] [eos0005:200823:0]    ib_mlx5dv_md.c:126  UCX  DEBUG mlx5_6: KSM atomic-key memory registration status "Unsupported operation" range (nil)..0x20 iova 0x7fffca60d000 atomic mkey_index 0x0
[1756857255.305594] [eos0005:200823:0]           ib_md.c:1161 UCX  DEBUG mlx5_6: relaxed order memory access is disabled
[1756857255.305824] [eos0005:200823:0]    ib_mlx5dv_md.c:126  UCX  DEBUG mlx5_6: KSM flush-mr memory registration status "Success" range 0x555556705000..0x555556705008 iova 0x0 mkey_index 0x0
[1756857255.305838] [eos0005:200823:0]          uct_md.c:96   UCX  DEBUG failed to query gga_mlx5 resources: No such device
[1756857255.305838] [eos0005:200823:0]     ucp_context.c:1188 UCX  DEBUG No tl resources found for md mlx5_6
[1756857255.305839] [eos0005:200823:0]     ucp_context.c:1648 UCX  DEBUG closing md mlx5_6 because it has no selected transport resources
[1756857255.305842] [eos0005:200823:0]    ib_mlx5dv_md.c:2496 UCX  DEBUG mlx5_6: md=0x555556711770 md->flags=0x3fb3f7f flush_rkey=0x19b00
[1756857255.306085] [eos0005:200823:0]           mpool.c:194  UCX  DEBUG mpool devx dbrec destroyed
[1756857255.306086] [eos0005:200823:0]       ib_device.c:616  UCX  DEBUG destroying ib device mlx5_6
[1756857255.306087] [eos0005:200823:0]           async.c:173  UCX  DEBUG removed async handler 0x5555566fefd0 [id=70 ref 1] uct_ib_async_event_handler() from hash
[1756857255.306095] [eos0005:200823:0]           async.c:576  UCX  DEBUG removing async handler 0x5555566fefd0 [id=70 ref 1] uct_ib_async_event_handler()
[1756857255.306096] [eos0005:200823:0]           async.c:188  UCX  DEBUG release async handler 0x5555566fefd0 [id=70 ref 0] uct_ib_async_event_handler()
[1756857255.310909] [eos0005:200823:0]            topo.c:899  UCX  DEBUG /sys/class/infiniband/mlx5_9: PF sysfs path is '/sys/devices/pci0000:bd/0000:bd:01.0/0000:be:00.0/0000:bf:00.0/0000:c0:00.0'
[1756857255.310911] [eos0005:200823:0]            topo.c:552  UCX  DEBUG mlx5_9: bdf_name 0000:c0:00.0 sys_dev 11
[1756857255.310919] [eos0005:200823:0]       ib_device.c:498  UCX  DEBUG mlx5_9: vendor_id 0x15b3 device_id 4129
[1756857255.311395] [eos0005:200823:0]    ib_mlx5dv_md.c:1875 UCX  DEBUG mlx5_9: cross gvmi alias mkey is supported
[1756857255.311396] [eos0005:200823:0]    ib_mlx5dv_md.c:1925 UCX  DEBUG mlx5_9: mkey_by_name_reserve is not supported
[1756857255.311397] [eos0005:200823:0]    ib_mlx5dv_md.c:1910 UCX  DEBUG mlx5_9: dp_ordering support: force=1 ooo_rw_rc=1 ooo_rw_dc=1
[1756857255.311505] [eos0005:200823:0]    ib_mlx5dv_md.c:1705 UCX  DEBUG mlx5_9: ODP is disabled because version 1 is not supported for DevX QP
[1756857255.311620] [eos0005:200823:0]           async.c:248  UCX  DEBUG added async handler 0x55555670cb30 [id=70 ref 1] uct_ib_async_event_handler() to hash
[1756857255.311623] [eos0005:200823:0]           async.c:522  UCX  DEBUG listening to async event fd 70 events 0x1 mode thread_spinlock
[1756857255.311624] [eos0005:200823:0]       ib_device.c:597  UCX  DEBUG initialized device 'mlx5_9' (InfiniBand channel adapter) with 1 ports
[1756857255.311628] [eos0005:200823:0]           ib_md.c:1177 UCX  DEBUG mlx5_9: cuda GPUDirect RDMA is detected by checking /sys/kernel/mm/memory_peers/nv_mem/version
[1756857255.311630] [eos0005:200823:0]           ib_md.c:1177 UCX  DEBUG mlx5_9: rocm GPUDirect RDMA is not detected by checking /dev/kfd
[1756857255.311633] [eos0005:200823:0]           ib_md.c:1202 UCX  DEBUG mlx5_9: dmabuf is supported
[1756857255.311634] [eos0005:200823:0]           mpool.c:138  UCX  DEBUG mpool devx dbrec: align 64, maxelems 4294967295, elemsize 40
[1756857255.311803] [eos0005:200823:0]    ib_mlx5dv_md.c:2423 UCX  DEBUG mlx5_9: opened DEVX md log_max_qp=17
[1756857255.312203] [eos0005:200823:0]    ib_mlx5dv_md.c:126  UCX  DEBUG mlx5_9: KSM dm memory registration status "Success" range 0x7fffca60d000..0x7fffca60d020 iova 0x0 mkey_index 0x0
[1756857255.312479] [eos0005:200823:0]    ib_mlx5dv_md.c:96   UCX  DEBUG mlx5_9: mlx5dv_devx_obj_create(CREATE_MKEY, mode=KSM, start_addr=0x7fffca60d000 length=32) failed, syndrome 0x45d3a4: Remote I/O error
[1756857255.312481] [eos0005:200823:0]    ib_mlx5dv_md.c:126  UCX  DEBUG mlx5_9: KSM atomic-key memory registration status "Unsupported operation" range (nil)..0x20 iova 0x7fffca60d000 atomic mkey_index 0x0
[1756857255.312837] [eos0005:200823:0]           ib_md.c:1161 UCX  DEBUG mlx5_9: relaxed order memory access is disabled
[1756857255.313063] [eos0005:200823:0]    ib_mlx5dv_md.c:126  UCX  DEBUG mlx5_9: KSM flush-mr memory registration status "Success" range 0x555556705000..0x555556705008 iova 0x0 mkey_index 0x0
[1756857255.313079] [eos0005:200823:0]          uct_md.c:96   UCX  DEBUG failed to query gga_mlx5 resources: No such device
[1756857255.313080] [eos0005:200823:0]     ucp_context.c:1188 UCX  DEBUG No tl resources found for md mlx5_9
[1756857255.313080] [eos0005:200823:0]     ucp_context.c:1648 UCX  DEBUG closing md mlx5_9 because it has no selected transport resources
[1756857255.313084] [eos0005:200823:0]    ib_mlx5dv_md.c:2496 UCX  DEBUG mlx5_9: md=0x555556711960 md->flags=0x3fb3f7f flush_rkey=0x1a300
[1756857255.313324] [eos0005:200823:0]           mpool.c:194  UCX  DEBUG mpool devx dbrec destroyed
[1756857255.313325] [eos0005:200823:0]       ib_device.c:616  UCX  DEBUG destroying ib device mlx5_9
[1756857255.313326] [eos0005:200823:0]           async.c:173  UCX  DEBUG removed async handler 0x55555670cb30 [id=70 ref 1] uct_ib_async_event_handler() from hash
[1756857255.313327] [eos0005:200823:0]           async.c:576  UCX  DEBUG removing async handler 0x55555670cb30 [id=70 ref 1] uct_ib_async_event_handler()
[1756857255.313329] [eos0005:200823:0]           async.c:188  UCX  DEBUG release async handler 0x55555670cb30 [id=70 ref 0] uct_ib_async_event_handler()
[1756857255.318116] [eos0005:200823:0]            topo.c:899  UCX  DEBUG /sys/class/infiniband/mlx5_10: PF sysfs path is '/sys/devices/pci0000:cb/0000:cb:01.0/0000:cc:00.0/0000:cd:00.0/0000:ce:00.0'
[1756857255.318118] [eos0005:200823:0]            topo.c:552  UCX  DEBUG mlx5_10: bdf_name 0000:ce:00.0 sys_dev 12
[1756857255.318125] [eos0005:200823:0]       ib_device.c:498  UCX  DEBUG mlx5_10: vendor_id 0x15b3 device_id 4129
[1756857255.318602] [eos0005:200823:0]    ib_mlx5dv_md.c:1875 UCX  DEBUG mlx5_10: cross gvmi alias mkey is supported
[1756857255.318603] [eos0005:200823:0]    ib_mlx5dv_md.c:1925 UCX  DEBUG mlx5_10: mkey_by_name_reserve is not supported
[1756857255.318603] [eos0005:200823:0]    ib_mlx5dv_md.c:1910 UCX  DEBUG mlx5_10: dp_ordering support: force=1 ooo_rw_rc=1 ooo_rw_dc=1
[1756857255.318713] [eos0005:200823:0]    ib_mlx5dv_md.c:1705 UCX  DEBUG mlx5_10: ODP is disabled because version 1 is not supported for DevX QP
[1756857255.318832] [eos0005:200823:0]           async.c:248  UCX  DEBUG added async handler 0x5555567156d0 [id=70 ref 1] uct_ib_async_event_handler() to hash
[1756857255.318835] [eos0005:200823:0]           async.c:522  UCX  DEBUG listening to async event fd 70 events 0x1 mode thread_spinlock
[1756857255.318836] [eos0005:200823:0]       ib_device.c:597  UCX  DEBUG initialized device 'mlx5_10' (InfiniBand channel adapter) with 1 ports
[1756857255.318839] [eos0005:200823:0]           ib_md.c:1177 UCX  DEBUG mlx5_10: cuda GPUDirect RDMA is detected by checking /sys/kernel/mm/memory_peers/nv_mem/version
[1756857255.318841] [eos0005:200823:0]           ib_md.c:1177 UCX  DEBUG mlx5_10: rocm GPUDirect RDMA is not detected by checking /dev/kfd
[1756857255.318843] [eos0005:200823:0]           ib_md.c:1202 UCX  DEBUG mlx5_10: dmabuf is supported
[1756857255.318845] [eos0005:200823:0]           mpool.c:138  UCX  DEBUG mpool devx dbrec: align 64, maxelems 4294967295, elemsize 40
[1756857255.319018] [eos0005:200823:0]    ib_mlx5dv_md.c:2423 UCX  DEBUG mlx5_10: opened DEVX md log_max_qp=17
[1756857255.319426] [eos0005:200823:0]    ib_mlx5dv_md.c:126  UCX  DEBUG mlx5_10: KSM dm memory registration status "Success" range 0x7fffca60d000..0x7fffca60d020 iova 0x0 mkey_index 0x0
[1756857255.319699] [eos0005:200823:0]    ib_mlx5dv_md.c:96   UCX  DEBUG mlx5_10: mlx5dv_devx_obj_create(CREATE_MKEY, mode=KSM, start_addr=0x7fffca60d000 length=32) failed, syndrome 0x45d3a4: Remote I/O error
[1756857255.319700] [eos0005:200823:0]    ib_mlx5dv_md.c:126  UCX  DEBUG mlx5_10: KSM atomic-key memory registration status "Unsupported operation" range (nil)..0x20 iova 0x7fffca60d000 atomic mkey_index 0x0
[1756857255.320056] [eos0005:200823:0]           ib_md.c:1161 UCX  DEBUG mlx5_10: relaxed order memory access is disabled
[1756857255.320387] [eos0005:200823:0]    ib_mlx5dv_md.c:126  UCX  DEBUG mlx5_10: KSM flush-mr memory registration status "Success" range 0x555556705000..0x555556705008 iova 0x0 mkey_index 0x0
[1756857255.320401] [eos0005:200823:0]          uct_md.c:96   UCX  DEBUG failed to query gga_mlx5 resources: No such device
[1756857255.320402] [eos0005:200823:0]     ucp_context.c:1188 UCX  DEBUG No tl resources found for md mlx5_10
[1756857255.320403] [eos0005:200823:0]     ucp_context.c:1648 UCX  DEBUG closing md mlx5_10 because it has no selected transport resources
[1756857255.320406] [eos0005:200823:0]    ib_mlx5dv_md.c:2496 UCX  DEBUG mlx5_10: md=0x5555567116d0 md->flags=0x3fb3f7f flush_rkey=0x18c00
[1756857255.320651] [eos0005:200823:0]           mpool.c:194  UCX  DEBUG mpool devx dbrec destroyed
[1756857255.320652] [eos0005:200823:0]       ib_device.c:616  UCX  DEBUG destroying ib device mlx5_10
[1756857255.320661] [eos0005:200823:0]           async.c:173  UCX  DEBUG removed async handler 0x5555567156d0 [id=70 ref 1] uct_ib_async_event_handler() from hash
[1756857255.320661] [eos0005:200823:0]           async.c:576  UCX  DEBUG removing async handler 0x5555567156d0 [id=70 ref 1] uct_ib_async_event_handler()
[1756857255.320663] [eos0005:200823:0]           async.c:188  UCX  DEBUG release async handler 0x5555567156d0 [id=70 ref 0] uct_ib_async_event_handler()
[1756857255.325467] [eos0005:200823:0]            topo.c:899  UCX  DEBUG /sys/class/infiniband/mlx5_11: PF sysfs path is '/sys/devices/pci0000:d9/0000:d9:01.0/0000:da:00.0/0000:db:00.0/0000:dc:00.0'
[1756857255.325469] [eos0005:200823:0]            topo.c:552  UCX  DEBUG mlx5_11: bdf_name 0000:dc:00.0 sys_dev 13
[1756857255.325475] [eos0005:200823:0]       ib_device.c:498  UCX  DEBUG mlx5_11: vendor_id 0x15b3 device_id 4129
[1756857255.325947] [eos0005:200823:0]    ib_mlx5dv_md.c:1875 UCX  DEBUG mlx5_11: cross gvmi alias mkey is supported
[1756857255.325948] [eos0005:200823:0]    ib_mlx5dv_md.c:1925 UCX  DEBUG mlx5_11: mkey_by_name_reserve is not supported
[1756857255.325948] [eos0005:200823:0]    ib_mlx5dv_md.c:1910 UCX  DEBUG mlx5_11: dp_ordering support: force=1 ooo_rw_rc=1 ooo_rw_dc=1
[1756857255.326058] [eos0005:200823:0]    ib_mlx5dv_md.c:1705 UCX  DEBUG mlx5_11: ODP is disabled because version 1 is not supported for DevX QP
[1756857255.326176] [eos0005:200823:0]           async.c:248  UCX  DEBUG added async handler 0x555556704570 [id=70 ref 1] uct_ib_async_event_handler() to hash
[1756857255.326179] [eos0005:200823:0]           async.c:522  UCX  DEBUG listening to async event fd 70 events 0x1 mode thread_spinlock
[1756857255.326180] [eos0005:200823:0]       ib_device.c:597  UCX  DEBUG initialized device 'mlx5_11' (InfiniBand channel adapter) with 1 ports
[1756857255.326183] [eos0005:200823:0]           ib_md.c:1177 UCX  DEBUG mlx5_11: cuda GPUDirect RDMA is detected by checking /sys/kernel/mm/memory_peers/nv_mem/version
[1756857255.326185] [eos0005:200823:0]           ib_md.c:1177 UCX  DEBUG mlx5_11: rocm GPUDirect RDMA is not detected by checking /dev/kfd
[1756857255.326188] [eos0005:200823:0]           ib_md.c:1202 UCX  DEBUG mlx5_11: dmabuf is supported
[1756857255.326189] [eos0005:200823:0]           mpool.c:138  UCX  DEBUG mpool devx dbrec: align 64, maxelems 4294967295, elemsize 40
[1756857255.326362] [eos0005:200823:0]    ib_mlx5dv_md.c:2423 UCX  DEBUG mlx5_11: opened DEVX md log_max_qp=17
[1756857255.326766] [eos0005:200823:0]    ib_mlx5dv_md.c:126  UCX  DEBUG mlx5_11: KSM dm memory registration status "Success" range 0x7fffca60d000..0x7fffca60d020 iova 0x0 mkey_index 0x0
[1756857255.327045] [eos0005:200823:0]    ib_mlx5dv_md.c:96   UCX  DEBUG mlx5_11: mlx5dv_devx_obj_create(CREATE_MKEY, mode=KSM, start_addr=0x7fffca60d000 length=32) failed, syndrome 0x45d3a4: Remote I/O error
[1756857255.327047] [eos0005:200823:0]    ib_mlx5dv_md.c:126  UCX  DEBUG mlx5_11: KSM atomic-key memory registration status "Unsupported operation" range (nil)..0x20 iova 0x7fffca60d000 atomic mkey_index 0x0
[1756857255.327400] [eos0005:200823:0]           ib_md.c:1161 UCX  DEBUG mlx5_11: relaxed order memory access is disabled
[1756857255.327627] [eos0005:200823:0]    ib_mlx5dv_md.c:126  UCX  DEBUG mlx5_11: KSM flush-mr memory registration status "Success" range 0x555556705000..0x555556705008 iova 0x0 mkey_index 0x0
[1756857255.327664] [eos0005:200823:0]          uct_md.c:96   UCX  DEBUG failed to query gga_mlx5 resources: No such device
[1756857255.327665] [eos0005:200823:0]     ucp_context.c:1188 UCX  DEBUG No tl resources found for md mlx5_11
[1756857255.327665] [eos0005:200823:0]     ucp_context.c:1648 UCX  DEBUG closing md mlx5_11 because it has no selected transport resources
[1756857255.327668] [eos0005:200823:0]    ib_mlx5dv_md.c:2496 UCX  DEBUG mlx5_11: md=0x5555567116d0 md->flags=0x3fb3f7f flush_rkey=0x17200
[1756857255.327910] [eos0005:200823:0]           mpool.c:194  UCX  DEBUG mpool devx dbrec destroyed
[1756857255.327911] [eos0005:200823:0]       ib_device.c:616  UCX  DEBUG destroying ib device mlx5_11
[1756857255.327912] [eos0005:200823:0]           async.c:173  UCX  DEBUG removed async handler 0x555556704570 [id=70 ref 1] uct_ib_async_event_handler() from hash
[1756857255.327913] [eos0005:200823:0]           async.c:576  UCX  DEBUG removing async handler 0x555556704570 [id=70 ref 1] uct_ib_async_event_handler()
[1756857255.327915] [eos0005:200823:0]           async.c:188  UCX  DEBUG release async handler 0x555556704570 [id=70 ref 0] uct_ib_async_event_handler()
[1756857255.328271] [eos0005:200823:0]     ucp_context.c:1713 UCX  DEBUG register host memory on: self, tcp, cuda_cpy, mlx5_0, mlx5_3, mlx5_4, mlx5_5, mlx5_6, mlx5_9, mlx5_10, mlx5_11, cma
[1756857255.328273] [eos0005:200823:0]     ucp_context.c:1713 UCX  DEBUG register cuda memory on: cuda_cpy, cuda_ipc, gdr_copy, mlx5_0, mlx5_3, mlx5_4, mlx5_5, mlx5_6, mlx5_9, mlx5_10, mlx5_11
[1756857255.328274] [eos0005:200823:0]     ucp_context.c:1713 UCX  DEBUG register cuda-managed memory on: cuda_cpy
[1756857255.328275] [eos0005:200823:0]     ucp_context.c:1701 UCX  DEBUG no memory domain supports registering rocm memory
[1756857255.328276] [eos0005:200823:0]     ucp_context.c:1701 UCX  DEBUG no memory domain supports registering rocm-managed memory
[1756857255.328276] [eos0005:200823:0]     ucp_context.c:1701 UCX  DEBUG no memory domain supports registering rdma memory
[1756857255.328277] [eos0005:200823:0]     ucp_context.c:1701 UCX  DEBUG no memory domain supports registering ze-host memory
[1756857255.328277] [eos0005:200823:0]     ucp_context.c:1701 UCX  DEBUG no memory domain supports registering ze-device memory
[1756857255.328278] [eos0005:200823:0]     ucp_context.c:1701 UCX  DEBUG no memory domain supports registering ze-managed memory
[1756857255.328299] [eos0005:200823:0]           mpool.c:138  UCX  DEBUG mpool rcache_mp: align 8, maxelems 4294967295, elemsize 144
[1756857255.328361] [eos0005:200823:0]     ucp_context.c:2332 UCX  DEBUG created ucp context ucp_context_0 0x5555563daa80 [16 mds 60 tls] features 0x1 tl bitmap 0xfffffffffffffff 0x0
[1756857255.331493] [eos0005:200823:0]      ucp_worker.c:2510 UCX  DIAG  multi-threaded worker is requested, but library is built without multi-thread support
[1756857255.331522] [eos0005:200823:0]           mpool.c:138  UCX  DEBUG mpool self_msg_desc: align 64, maxelems 4294967295, elemsize 8200
[1756857255.331524] [eos0005:200823:0]            self.c:245  UCX  DEBUG created self iface id 0xfe8e9355c5f1768a send_size 8192
[1756857255.331531] [eos0005:200823:0]      ucp_worker.c:1436 UCX  DEBUG created interface[0]=0x55555698fdf0 using self/memory on worker 0x55555696d380
[1756857255.331549] [eos0005:200823:0]           mpool.c:138  UCX  DEBUG mpool uct_tcp_iface_tx_buf_mp: align 64, maxelems 4294967295, elemsize 8205
[1756857255.331550] [eos0005:200823:0]           mpool.c:138  UCX  DEBUG mpool uct_tcp_iface_rx_buf_mp: align 64, maxelems 4294967295, elemsize 131090
[1756857255.333797] [eos0005:200823:0]           async.c:248  UCX  DEBUG added async handler 0x5555568a00e0 [id=70 ref 1] uct_tcp_iface_connect_handler() to hash
[1756857255.333806] [eos0005:200823:0]           async.c:522  UCX  DEBUG listening to async event fd 70 events 0x5 mode thread_spinlock
[1756857255.333813] [eos0005:200823:0]       tcp_iface.c:596  UCX  DEBUG tcp_iface 0x555556990ad0: listening for connections (fd=70) on 169.254.0.18:40229 netif bmc-redfish0
[1756857255.333832] [eos0005:200823:0]         tcp_net.c:61   UCX  DEBUG speed of bmc-redfish0 is UNKNOWN, assuming 100 Mbps
[1756857255.333884] [eos0005:200823:0]            topo.c:895  UCX  DEBUG /sys/class/net/bmc-redfish0/lower_enx1a5307973073: sysfs path undetected
[1756857255.333885] [eos0005:200823:0]            topo.c:848  UCX  DEBUG bmc-redfish0: pci bandwidth undetected, using maximal value
[1756857255.333918] [eos0005:200823:0]      ucp_worker.c:1436 UCX  DEBUG created interface[1]=0x555556990ad0 using tcp/bmc-redfish0 on worker 0x55555696d380
[1756857255.333936] [eos0005:200823:0]           mpool.c:138  UCX  DEBUG mpool uct_tcp_iface_tx_buf_mp: align 64, maxelems 4294967295, elemsize 8205
[1756857255.333948] [eos0005:200823:0]           mpool.c:138  UCX  DEBUG mpool uct_tcp_iface_rx_buf_mp: align 64, maxelems 4294967295, elemsize 131090
[1756857255.334420] [eos0005:200823:0]           async.c:248  UCX  DEBUG added async handler 0x555556b214b0 [id=72 ref 1] uct_tcp_iface_connect_handler() to hash
[1756857255.334426] [eos0005:200823:0]           async.c:522  UCX  DEBUG listening to async event fd 72 events 0x5 mode thread_spinlock
[1756857255.334429] [eos0005:200823:0]       tcp_iface.c:596  UCX  DEBUG tcp_iface 0x555556b1dce0: listening for connections (fd=72) on 10.52.48.6:51925 netif eth3
[1756857255.334873] [eos0005:200823:0]            topo.c:899  UCX  DEBUG /sys/class/net/eth3: PF sysfs path is '/sys/devices/pci0000:80/0000:80:05.0/0000:82:00.1'
[1756857255.336297] [eos0005:200823:0]      ucp_worker.c:1436 UCX  DEBUG created interface[2]=0x555556b1dce0 using tcp/eth3 on worker 0x55555696d380
[1756857255.336314] [eos0005:200823:0]           mpool.c:138  UCX  DEBUG mpool uct_tcp_iface_tx_buf_mp: align 64, maxelems 4294967295, elemsize 8205
[1756857255.336315] [eos0005:200823:0]           mpool.c:138  UCX  DEBUG mpool uct_tcp_iface_rx_buf_mp: align 64, maxelems 4294967295, elemsize 131090
[1756857255.336775] [eos0005:200823:0]           async.c:248  UCX  DEBUG added async handler 0x555556b21530 [id=74 ref 1] uct_tcp_iface_connect_handler() to hash
[1756857255.336780] [eos0005:200823:0]           async.c:522  UCX  DEBUG listening to async event fd 74 events 0x5 mode thread_spinlock
[1756857255.336782] [eos0005:200823:0]       tcp_iface.c:596  UCX  DEBUG tcp_iface 0x5555566e6270: listening for connections (fd=74) on 172.16.128.15:52361 netif ibp154s0
[1756857255.336888] [eos0005:200823:0]            topo.c:899  UCX  DEBUG /sys/class/net/ibp154s0: PF sysfs path is '/sys/devices/pci0000:97/0000:97:01.0/0000:98:00.0/0000:99:00.0/0000:9a:00.0'
[1756857255.336946] [eos0005:200823:0]      ucp_worker.c:1436 UCX  DEBUG created interface[3]=0x5555566e6270 using tcp/ibp154s0 on worker 0x55555696d380
[1756857255.336960] [eos0005:200823:0]           mpool.c:138  UCX  DEBUG mpool uct_tcp_iface_tx_buf_mp: align 64, maxelems 4294967295, elemsize 8205
[1756857255.336961] [eos0005:200823:0]           mpool.c:138  UCX  DEBUG mpool uct_tcp_iface_rx_buf_mp: align 64, maxelems 4294967295, elemsize 131090
[1756857255.337424] [eos0005:200823:0]           async.c:248  UCX  DEBUG added async handler 0x555556b214f0 [id=76 ref 1] uct_tcp_iface_connect_handler() to hash
[1756857255.337429] [eos0005:200823:0]           async.c:522  UCX  DEBUG listening to async event fd 76 events 0x5 mode thread_spinlock
[1756857255.337431] [eos0005:200823:0]       tcp_iface.c:596  UCX  DEBUG tcp_iface 0x5555566e69f0: listening for connections (fd=76) on 172.16.16.15:34043 netif ibp170s0f0
[1756857255.337634] [eos0005:200823:0]            topo.c:899  UCX  DEBUG /sys/class/net/ibp170s0f0: PF sysfs path is '/sys/devices/pci0000:a5/0000:a5:01.0/0000:a6:00.0/0000:a7:00.0/0000:a8:00.0/0000:a9:00.0/0000:aa:00.0'
[1756857255.337683] [eos0005:200823:0]      ucp_worker.c:1436 UCX  DEBUG created interface[4]=0x5555566e69f0 using tcp/ibp170s0f0 on worker 0x55555696d380
[1756857255.337697] [eos0005:200823:0]           mpool.c:138  UCX  DEBUG mpool uct_tcp_iface_tx_buf_mp: align 64, maxelems 4294967295, elemsize 8205
[1756857255.337698] [eos0005:200823:0]           mpool.c:138  UCX  DEBUG mpool uct_tcp_iface_rx_buf_mp: align 64, maxelems 4294967295, elemsize 131090
[1756857255.338155] [eos0005:200823:0]           async.c:248  UCX  DEBUG added async handler 0x555556b21570 [id=78 ref 1] uct_tcp_iface_connect_handler() to hash
[1756857255.338160] [eos0005:200823:0]           async.c:522  UCX  DEBUG listening to async event fd 78 events 0x5 mode thread_spinlock
[1756857255.338161] [eos0005:200823:0]       tcp_iface.c:596  UCX  DEBUG tcp_iface 0x555556b215f0: listening for connections (fd=78) on 172.16.144.15:34713 netif ibp192s0
[1756857255.338257] [eos0005:200823:0]            topo.c:899  UCX  DEBUG /sys/class/net/ibp192s0: PF sysfs path is '/sys/devices/pci0000:bd/0000:bd:01.0/0000:be:00.0/0000:bf:00.0/0000:c0:00.0'
[1756857255.338308] [eos0005:200823:0]      ucp_worker.c:1436 UCX  DEBUG created interface[5]=0x555556b215f0 using tcp/ibp192s0 on worker 0x55555696d380
[1756857255.338320] [eos0005:200823:0]           mpool.c:138  UCX  DEBUG mpool uct_tcp_iface_tx_buf_mp: align 64, maxelems 4294967295, elemsize 8205
[1756857255.338322] [eos0005:200823:0]           mpool.c:138  UCX  DEBUG mpool uct_tcp_iface_rx_buf_mp: align 64, maxelems 4294967295, elemsize 131090
[1756857255.338771] [eos0005:200823:0]           async.c:248  UCX  DEBUG added async handler 0x555556b215b0 [id=80 ref 1] uct_tcp_iface_connect_handler() to hash
[1756857255.338776] [eos0005:200823:0]           async.c:522  UCX  DEBUG listening to async event fd 80 events 0x5 mode thread_spinlock
[1756857255.338778] [eos0005:200823:0]       tcp_iface.c:596  UCX  DEBUG tcp_iface 0x555556b21d70: listening for connections (fd=80) on 172.16.160.15:40041 netif ibp206s0
[1756857255.338877] [eos0005:200823:0]            topo.c:899  UCX  DEBUG /sys/class/net/ibp206s0: PF sysfs path is '/sys/devices/pci0000:cb/0000:cb:01.0/0000:cc:00.0/0000:cd:00.0/0000:ce:00.0'
[1756857255.338928] [eos0005:200823:0]      ucp_worker.c:1436 UCX  DEBUG created interface[6]=0x555556b21d70 using tcp/ibp206s0 on worker 0x55555696d380
[1756857255.338941] [eos0005:200823:0]           mpool.c:138  UCX  DEBUG mpool uct_tcp_iface_tx_buf_mp: align 64, maxelems 4294967295, elemsize 8205
[1756857255.338942] [eos0005:200823:0]           mpool.c:138  UCX  DEBUG mpool uct_tcp_iface_rx_buf_mp: align 64, maxelems 4294967295, elemsize 131090
[1756857255.339432] [eos0005:200823:0]           async.c:248  UCX  DEBUG added async handler 0x555556b231c0 [id=82 ref 1] uct_tcp_iface_connect_handler() to hash
[1756857255.339437] [eos0005:200823:0]           async.c:522  UCX  DEBUG listening to async event fd 82 events 0x5 mode thread_spinlock
[1756857255.339438] [eos0005:200823:0]       tcp_iface.c:596  UCX  DEBUG tcp_iface 0x555556b224f0: listening for connections (fd=82) on 172.16.176.15:33899 netif ibp220s0
[1756857255.339631] [eos0005:200823:0]            topo.c:899  UCX  DEBUG /sys/class/net/ibp220s0: PF sysfs path is '/sys/devices/pci0000:d9/0000:d9:01.0/0000:da:00.0/0000:db:00.0/0000:dc:00.0'
[1756857255.339682] [eos0005:200823:0]      ucp_worker.c:1436 UCX  DEBUG created interface[7]=0x555556b224f0 using tcp/ibp220s0 on worker 0x55555696d380
[1756857255.339694] [eos0005:200823:0]           mpool.c:138  UCX  DEBUG mpool uct_tcp_iface_tx_buf_mp: align 64, maxelems 4294967295, elemsize 8205
[1756857255.339695] [eos0005:200823:0]           mpool.c:138  UCX  DEBUG mpool uct_tcp_iface_rx_buf_mp: align 64, maxelems 4294967295, elemsize 131090
[1756857255.340147] [eos0005:200823:0]           async.c:248  UCX  DEBUG added async handler 0x5555563d6f90 [id=84 ref 1] uct_tcp_iface_connect_handler() to hash
[1756857255.340151] [eos0005:200823:0]           async.c:522  UCX  DEBUG listening to async event fd 84 events 0x5 mode thread_spinlock
[1756857255.340153] [eos0005:200823:0]       tcp_iface.c:596  UCX  DEBUG tcp_iface 0x555556b1c070: listening for connections (fd=84) on 172.16.64.15:47381 netif ibp24s0
[1756857255.340354] [eos0005:200823:0]            topo.c:899  UCX  DEBUG /sys/class/net/ibp24s0: PF sysfs path is '/sys/devices/pci0000:15/0000:15:01.0/0000:16:00.0/0000:17:00.0/0000:18:00.0'
[1756857255.340412] [eos0005:200823:0]      ucp_worker.c:1436 UCX  DEBUG created interface[8]=0x555556b1c070 using tcp/ibp24s0 on worker 0x55555696d380
[1756857255.340425] [eos0005:200823:0]           mpool.c:138  UCX  DEBUG mpool uct_tcp_iface_tx_buf_mp: align 64, maxelems 4294967295, elemsize 8205
[1756857255.340425] [eos0005:200823:0]           mpool.c:138  UCX  DEBUG mpool uct_tcp_iface_rx_buf_mp: align 64, maxelems 4294967295, elemsize 131090
[1756857255.340877] [eos0005:200823:0]           async.c:248  UCX  DEBUG added async handler 0x5555568a4bd0 [id=86 ref 1] uct_tcp_iface_connect_handler() to hash
[1756857255.340882] [eos0005:200823:0]           async.c:522  UCX  DEBUG listening to async event fd 86 events 0x5 mode thread_spinlock
[1756857255.340892] [eos0005:200823:0]       tcp_iface.c:596  UCX  DEBUG tcp_iface 0x555556b1c7f0: listening for connections (fd=86) on 172.16.0.15:51833 netif ibp41s0f0
[1756857255.341003] [eos0005:200823:0]            topo.c:899  UCX  DEBUG /sys/class/net/ibp41s0f0: PF sysfs path is '/sys/devices/pci0000:24/0000:24:01.0/0000:25:00.0/0000:26:00.0/0000:27:00.0/0000:28:00.0/0000:29:00.0'
[1756857255.341053] [eos0005:200823:0]      ucp_worker.c:1436 UCX  DEBUG created interface[9]=0x555556b1c7f0 using tcp/ibp41s0f0 on worker 0x55555696d380
[1756857255.341065] [eos0005:200823:0]           mpool.c:138  UCX  DEBUG mpool uct_tcp_iface_tx_buf_mp: align 64, maxelems 4294967295, elemsize 8205
[1756857255.341066] [eos0005:200823:0]           mpool.c:138  UCX  DEBUG mpool uct_tcp_iface_rx_buf_mp: align 64, maxelems 4294967295, elemsize 131090
[1756857255.341528] [eos0005:200823:0]           async.c:248  UCX  DEBUG added async handler 0x5555568a4b60 [id=88 ref 1] uct_tcp_iface_connect_handler() to hash
[1756857255.341533] [eos0005:200823:0]           async.c:522  UCX  DEBUG listening to async event fd 88 events 0x5 mode thread_spinlock
[1756857255.341534] [eos0005:200823:0]       tcp_iface.c:596  UCX  DEBUG tcp_iface 0x555556b1d370: listening for connections (fd=88) on 172.16.80.15:53497 netif ibp64s0
[1756857255.341745] [eos0005:200823:0]            topo.c:899  UCX  DEBUG /sys/class/net/ibp64s0: PF sysfs path is '/sys/devices/pci0000:3d/0000:3d:01.0/0000:3e:00.0/0000:3f:00.0/0000:40:00.0'
[1756857255.341797] [eos0005:200823:0]      ucp_worker.c:1436 UCX  DEBUG created interface[10]=0x555556b1d370 using tcp/ibp64s0 on worker 0x55555696d380
[1756857255.341809] [eos0005:200823:0]           mpool.c:138  UCX  DEBUG mpool uct_tcp_iface_tx_buf_mp: align 64, maxelems 4294967295, elemsize 8205
[1756857255.341810] [eos0005:200823:0]           mpool.c:138  UCX  DEBUG mpool uct_tcp_iface_rx_buf_mp: align 64, maxelems 4294967295, elemsize 131090
[1756857255.342261] [eos0005:200823:0]           async.c:248  UCX  DEBUG added async handler 0x5555568a66d0 [id=90 ref 1] uct_tcp_iface_connect_handler() to hash
[1756857255.342266] [eos0005:200823:0]           async.c:522  UCX  DEBUG listening to async event fd 90 events 0x5 mode thread_spinlock
[1756857255.342268] [eos0005:200823:0]       tcp_iface.c:596  UCX  DEBUG tcp_iface 0x5555567b3be0: listening for connections (fd=90) on 172.16.96.15:57465 netif ibp79s0
[1756857255.342471] [eos0005:200823:0]            topo.c:899  UCX  DEBUG /sys/class/net/ibp79s0: PF sysfs path is '/sys/devices/pci0000:4c/0000:4c:01.0/0000:4d:00.0/0000:4e:00.0/0000:4f:00.0'
[1756857255.342520] [eos0005:200823:0]      ucp_worker.c:1436 UCX  DEBUG created interface[11]=0x5555567b3be0 using tcp/ibp79s0 on worker 0x55555696d380
[1756857255.342532] [eos0005:200823:0]           mpool.c:138  UCX  DEBUG mpool uct_tcp_iface_tx_buf_mp: align 64, maxelems 4294967295, elemsize 8205
[1756857255.342533] [eos0005:200823:0]           mpool.c:138  UCX  DEBUG mpool uct_tcp_iface_rx_buf_mp: align 64, maxelems 4294967295, elemsize 131090
[1756857255.342983] [eos0005:200823:0]           async.c:248  UCX  DEBUG added async handler 0x5555568a0070 [id=92 ref 1] uct_tcp_iface_connect_handler() to hash
[1756857255.342988] [eos0005:200823:0]           async.c:522  UCX  DEBUG listening to async event fd 92 events 0x5 mode thread_spinlock
[1756857255.342990] [eos0005:200823:0]       tcp_iface.c:596  UCX  DEBUG tcp_iface 0x5555567b4840: listening for connections (fd=92) on 172.16.112.15:46547 netif ibp94s0
[1756857255.343196] [eos0005:200823:0]            topo.c:899  UCX  DEBUG /sys/class/net/ibp94s0: PF sysfs path is '/sys/devices/pci0000:5b/0000:5b:01.0/0000:5c:00.0/0000:5d:00.0/0000:5e:00.0'
[1756857255.343246] [eos0005:200823:0]      ucp_worker.c:1436 UCX  DEBUG created interface[12]=0x5555567b4840 using tcp/ibp94s0 on worker 0x55555696d380
[1756857255.343258] [eos0005:200823:0]           mpool.c:138  UCX  DEBUG mpool uct_tcp_iface_tx_buf_mp: align 64, maxelems 4294967295, elemsize 8205
[1756857255.343259] [eos0005:200823:0]           mpool.c:138  UCX  DEBUG mpool uct_tcp_iface_rx_buf_mp: align 64, maxelems 4294967295, elemsize 131090
[1756857255.343714] [eos0005:200823:0]           async.c:248  UCX  DEBUG added async handler 0x55555689d260 [id=94 ref 1] uct_tcp_iface_connect_handler() to hash
[1756857255.343718] [eos0005:200823:0]           async.c:522  UCX  DEBUG listening to async event fd 94 events 0x5 mode thread_spinlock
[1756857255.343720] [eos0005:200823:0]       tcp_iface.c:596  UCX  DEBUG tcp_iface 0x5555569bb4b0: listening for connections (fd=94) on 127.0.0.1:53037 netif lo
[1756857255.343729] [eos0005:200823:0]            sock.c:90   UCX  DEBUG ioctl(req=35142, ifr_name=lo) failed: Operation not supported
[1756857255.343731] [eos0005:200823:0]         tcp_net.c:61   UCX  DEBUG speed of lo is UNKNOWN, assuming 100 Mbps
[1756857255.343755] [eos0005:200823:0]            topo.c:895  UCX  DEBUG /sys/class/net/lo: sysfs path undetected
[1756857255.343756] [eos0005:200823:0]            topo.c:848  UCX  DEBUG lo: pci bandwidth undetected, using maximal value
[1756857255.343776] [eos0005:200823:0]      ucp_worker.c:1436 UCX  DEBUG created interface[13]=0x5555569bb4b0 using tcp/lo on worker 0x55555696d380
[1756857255.343822] [eos0005:200823:0]         mm_sysv.c:97   UCX  DEBUG   mm failed to allocate 33023 bytes with hugetlb
[1756857255.343848] [eos0005:200823:0]           mpool.c:138  UCX  DEBUG mpool mm_recv_desc: align 64, maxelems 4294967295, elemsize 8368
[1756857255.343856] [eos0005:200823:0]         mm_sysv.c:97   UCX  DEBUG   mm failed to allocate 4292720 bytes with hugetlb
[1756857255.343865] [eos0005:200823:0]           mpool.c:282  UCX  DEBUG mpool mm_recv_desc: allocated chunk 0x7ffd96fe7018 of 4296680 bytes with 512 elements
[1756857255.344614] [eos0005:200823:0]        mm_iface.c:730  UCX  DEBUG created mm iface 0x5555569bc1c0 FIFO id 0xb8039 va 0x7fffca379000 size 36864 (128 x 256 elems)
[1756857255.344629] [eos0005:200823:0]      ucp_worker.c:1436 UCX  DEBUG created interface[14]=0x5555569bc1c0 using sysv/memory on worker 0x55555696d380
[1756857255.344685] [eos0005:200823:0]        mm_posix.c:572  UCX  DEBUG   allocated posix shared memory at 0x7fffca370000 length 36864
[1756857255.344692] [eos0005:200823:0]           mpool.c:138  UCX  DEBUG mpool mm_recv_desc: align 64, maxelems 4294967295, elemsize 8368
[1756857255.345724] [eos0005:200823:0]        mm_posix.c:338  UCX  DEBUG   shared memory mmap(addr=(nil), length=6291456, flags= HUGETLB, fd=98) failed: Invalid argument
[1756857255.345728] [eos0005:200823:0]        mm_posix.c:572  UCX  DEBUG   allocated posix shared memory at 0x7ffd96bce000 length 4296704
[1756857255.345732] [eos0005:200823:0]           mpool.c:282  UCX  DEBUG mpool mm_recv_desc: allocated chunk 0x7ffd96bce018 of 4296680 bytes with 512 elements
[1756857255.346069] [eos0005:200823:0]        mm_iface.c:730  UCX  DEBUG created mm iface 0x5555569bcba0 FIFO id 0xc000001800031077 va 0x7fffca370000 size 36864 (128 x 256 elems)
[1756857255.346075] [eos0005:200823:0]      ucp_worker.c:1436 UCX  DEBUG created interface[15]=0x5555569bcba0 using posix/memory on worker 0x55555696d380
[1756857255.346092] [eos0005:200823:0]           mpool.c:138  UCX  DEBUG mpool CUDA EVENT objects: align 64, maxelems 4294967295, elemsize 32
[1756857255.346096] [eos0005:200823:0]      ucp_worker.c:1436 UCX  DEBUG created interface[16]=0x555556b1e8f0 using cuda_copy/cuda on worker 0x55555696d380
[1756857255.346104] [eos0005:200823:0]           mpool.c:138  UCX  DEBUG mpool CUDA_IPC EVENT objects: align 64, maxelems 4294967295, elemsize 72
[1756857256.080695] [eos0005:200823:0]      ucp_worker.c:1436 UCX  DEBUG created interface[17]=0x555556b1fd70 using cuda_ipc/cuda on worker 0x55555696d380
[1756857256.080748] [eos0005:200823:0]      ucp_worker.c:1436 UCX  DEBUG created interface[18]=0x5555567b0410 using gdr_copy/cuda on worker 0x55555696d380
[1756857256.080932] [eos0005:200823:0]        ib_iface.c:1078 UCX  DEBUG using pkey[0] 0xffff on mlx5_0: