--- Starting Legate Application ---
[1755321619.754315] [eos0183:1786960:0]          module.c:72   UCX  ERROR ucs library path: /opt/nvidia/hpc_sdk/Linux_x86_64/25.3/comm_libs/12.8/hpcx/hpcx-2.22.1/ucx/lib/libucs.so.0
[1755321619.755368] [eos0183:1786960:0]          module.c:280  UCX  ERROR loading modules for ucs
[1755321619.755371] [eos0183:1786960:0]          module.c:242  UCX  ERROR loading module 'fuse' with mode 0x101
[1755321619.755461] [eos0183:1786960:0]          module.c:183  UCX  ERROR loaded /opt/nvidia/hpc_sdk/Linux_x86_64/25.3/comm_libs/12.8/hpcx/hpcx-2.22.1/ucx/lib/ucx/libucs_fuse.so.0.0.0 [0x555555b33400]
[1755321619.901220] [eos0183:1786967:0]          module.c:72   UCX  ERROR ucs library path: /opt/nvidia/hpc_sdk/Linux_x86_64/25.3/comm_libs/12.8/hpcx/hpcx-2.22.1/ucx/lib/libucs.so.0
[1755321619.901241] [eos0183:1786967:0]          module.c:280  UCX  ERROR loading modules for ucs
[1755321619.901244] [eos0183:1786967:0]          module.c:242  UCX  ERROR loading module 'fuse' with mode 0x101
[1755321619.901320] [eos0183:1786967:0]          module.c:183  UCX  ERROR loaded /opt/nvidia/hpc_sdk/Linux_x86_64/25.3/comm_libs/12.8/hpcx/hpcx-2.22.1/ucx/lib/ucx/libucs_fuse.so.0.0.0 [0x555555564400]
[1755321619.945571] [eos0183:1786967:0]          module.c:72   UCX  ERROR ucs library path: /opt/nvidia/hpc_sdk/Linux_x86_64/25.3/comm_libs/12.8/hpcx/hpcx-2.22.1/ucx/lib/libucs.so.0
[1755321619.946440] [eos0183:1786967:0]          module.c:280  UCX  ERROR loading modules for ucs
[1755321619.946442] [eos0183:1786967:0]          module.c:242  UCX  ERROR loading module 'fuse' with mode 0x101
[1755321619.946508] [eos0183:1786967:0]          module.c:183  UCX  ERROR loaded /opt/nvidia/hpc_sdk/Linux_x86_64/25.3/comm_libs/12.8/hpcx/hpcx-2.22.1/ucx/lib/ucx/libucs_fuse.so.0.0.0 [0x5555556b9480]
[1755321619.991389] [eos0183:1786967:0]          module.c:72   UCX  ERROR ucs library path: /opt/nvidia/hpc_sdk/Linux_x86_64/25.3/comm_libs/12.8/hpcx/hpcx-2.22.1/ucx/lib/libucs.so.0
[1755321619.992387] [eos0183:1786967:0]          module.c:280  UCX  ERROR loading modules for ucs
[1755321619.992389] [eos0183:1786967:0]          module.c:242  UCX  ERROR loading module 'fuse' with mode 0x101
[1755321619.992474] [eos0183:1786967:0]          module.c:183  UCX  ERROR loaded /opt/nvidia/hpc_sdk/Linux_x86_64/25.3/comm_libs/12.8/hpcx/hpcx-2.22.1/ucx/lib/ucx/libucs_fuse.so.0.0.0 [0x555555b33400]
--------------------------------------------------------------------------
It looks like orte_init failed for some reason; your parallel process is
likely to abort.  There are many reasons that a parallel process can
fail during orte_init; some of which are due to configuration or
environment problems.  This failure appears to be an internal failure;
here's some additional information (which may only be relevant to an
Open MPI developer):

  getting job size failed
  --> Returned value Not found (-13) instead of ORTE_SUCCESS
--------------------------------------------------------------------------
--------------------------------------------------------------------------
It looks like orte_init failed for some reason; your parallel process is
likely to abort.  There are many reasons that a parallel process can
fail during orte_init; some of which are due to configuration or
environment problems.  This failure appears to be an internal failure;
here's some additional information (which may only be relevant to an
Open MPI developer):

  orte_ess_init failed
  --> Returned value Not found (-13) instead of ORTE_SUCCESS
--------------------------------------------------------------------------
--------------------------------------------------------------------------
It looks like MPI_INIT failed for some reason; your parallel process is
likely to abort.  There are many reasons that a parallel process can
fail during MPI_INIT; some of which are due to configuration or environment
problems.  This failure appears to be an internal failure; here's some
additional information (which may only be relevant to an Open MPI
developer):

  ompi_mpi_init: ompi_rte_init failed
  --> Returned "Not found" (-13) instead of "Success" (0)
--------------------------------------------------------------------------
*** An error occurred in MPI_Init_thread
*** on a NULL communicator
*** MPI_ERRORS_ARE_FATAL (processes in this communicator will now abort,
***    and potentially your MPI job)
[eos0183.eos.clusters.nvidia.com:1786967] Local abort before MPI_INIT completed completed successfully, but am not able to aggregate error messages, and not able to guarantee that all other processes were killed!
slurmstepd: error: *** STEP 3459946.2 ON eos0183 CANCELLED AT 2025-08-15T22:20:20 ***
