--- Starting Legate Application ---
[1756906220.863715] [eos0117:3273436:0]           debug.c:1158 UCX  DEBUG using signal stack 0x7ffff7b4d000 size 141824
[1756906220.886210] [eos0117:3273436:0]             cpu.c:339  UCX  DEBUG measured tsc frequency 1986.622 MHz after 0.09 ms
[1756906220.886232] [eos0117:3273436:0]            init.c:121  UCX  DEBUG /opt/nvidia/hpc_sdk/Linux_x86_64/25.3/comm_libs/12.8/hpcx/hpcx-2.22.1/ucx/lib/libucs.so.0 loaded at 0x7ffff7e30000
[1756906220.886245] [eos0117:3273436:0]            init.c:122  UCX  DEBUG cmd line: bash /root/miniconda3/envs/legate/share/legate/libexec/legate-bind.sh --launcher auto -- python /project/coreai_devtech_all/shixunw/cupynumeric.internal/test_fancy_indexing.py 
[1756906220.886252] [eos0117:3273436:0]          module.c:72   UCX  DEBUG ucs library path: /opt/nvidia/hpc_sdk/Linux_x86_64/25.3/comm_libs/12.8/hpcx/hpcx-2.22.1/ucx/lib/libucs.so.0
[1756906220.886254] [eos0117:3273436:0]          module.c:280  UCX  DEBUG loading modules for ucs
[1756906220.886255] [eos0117:3273436:0]          module.c:242  UCX  DEBUG loading module 'fuse' with mode 0x101
[1756906220.886330] [eos0117:3273436:0]          module.c:183  UCX  DEBUG loaded /opt/nvidia/hpc_sdk/Linux_x86_64/25.3/comm_libs/12.8/hpcx/hpcx-2.22.1/ucx/lib/ucx/libucs_fuse.so.0.0.0 [0x5555556b9580]
[eos0117.eos.clusters.nvidia.com:3273436] mca: base: components_register: registering framework btl components
[eos0117.eos.clusters.nvidia.com:3273436] mca: base: components_register: found loaded component vader
[eos0117.eos.clusters.nvidia.com:3273436] mca: base: components_register: component vader register function successful
[eos0117.eos.clusters.nvidia.com:3273436] mca: base: components_register: found loaded component tcp
[eos0117.eos.clusters.nvidia.com:3273436] mca: base: components_register: component tcp register function successful
[eos0117.eos.clusters.nvidia.com:3273436] mca: base: components_register: found loaded component smcuda
[eos0117.eos.clusters.nvidia.com:3273436] mca: base: components_register: component smcuda register function successful
[eos0117.eos.clusters.nvidia.com:3273436] mca: base: components_register: found loaded component sm
[eos0117.eos.clusters.nvidia.com:3273436] mca: base: components_register: found loaded component self
[eos0117.eos.clusters.nvidia.com:3273436] mca: base: components_register: component self register function successful
[eos0117.eos.clusters.nvidia.com:3273436] mca: base: components_open: opening btl components
[eos0117.eos.clusters.nvidia.com:3273436] mca: base: components_open: found loaded component vader
[eos0117.eos.clusters.nvidia.com:3273436] mca: base: components_open: component vader open function successful
[eos0117.eos.clusters.nvidia.com:3273436] mca: base: components_open: found loaded component tcp
[eos0117.eos.clusters.nvidia.com:3273436] mca: base: components_open: component tcp open function successful
[eos0117.eos.clusters.nvidia.com:3273436] mca: base: components_open: found loaded component smcuda
[eos0117.eos.clusters.nvidia.com:3273436] btl: smcuda: cuda_max_send_size=131072, max_send_size=32768, max_frag_size=131072
[eos0117.eos.clusters.nvidia.com:3273436] mca: base: components_open: component smcuda open function successful
[eos0117.eos.clusters.nvidia.com:3273436] mca: base: components_open: found loaded component self
[eos0117.eos.clusters.nvidia.com:3273436] mca: base: components_open: component self open function successful
[eos0117.eos.clusters.nvidia.com:3273436] select: initializing btl component vader
[eos0117.eos.clusters.nvidia.com:3273436] select: init of component vader returned success
[eos0117.eos.clusters.nvidia.com:3273436] select: initializing btl component tcp
[eos0117.eos.clusters.nvidia.com:3273436] btl: tcp: Using interface: eth3 
[eos0117.eos.clusters.nvidia.com:3273436] btl:tcp: Attempting to bind to AF_INET port 1024
[eos0117.eos.clusters.nvidia.com:3273436] btl:tcp: Attempting to bind to AF_INET port 1025
[eos0117.eos.clusters.nvidia.com:3273436] btl:tcp: Attempting to bind to AF_INET port 1026
[eos0117.eos.clusters.nvidia.com:3273436] btl:tcp: Attempting to bind to AF_INET port 1027
[eos0117.eos.clusters.nvidia.com:3273436] btl:tcp: Attempting to bind to AF_INET port 1028
[eos0117.eos.clusters.nvidia.com:3273436] btl:tcp: Attempting to bind to AF_INET port 1029
[eos0117.eos.clusters.nvidia.com:3273436] btl:tcp: Attempting to bind to AF_INET port 1030
[eos0117.eos.clusters.nvidia.com:3273436] btl:tcp: Attempting to bind to AF_INET port 1031
[eos0117.eos.clusters.nvidia.com:3273436] btl:tcp: Successfully bound to AF_INET port 1031
[eos0117.eos.clusters.nvidia.com:3273436] btl:tcp: my listening v4 socket is 0.0.0.0:1031
[eos0117.eos.clusters.nvidia.com:3273436] btl:tcp: examining interface eth3
[eos0117.eos.clusters.nvidia.com:3273436] btl:tcp: using ipv6 interface eth3
[eos0117.eos.clusters.nvidia.com:3273436] select: init of component tcp returned success
[eos0117.eos.clusters.nvidia.com:3273436] select: initializing btl component smcuda
[eos0117.eos.clusters.nvidia.com:3273436] select: init of component smcuda returned success
[eos0117.eos.clusters.nvidia.com:3273436] select: initializing btl component self
[eos0117.eos.clusters.nvidia.com:3273436] select: init of component self returned success
[1756906220.930243] [eos0117:3273436:0]           debug.c:1158 UCX  DEBUG using signal stack 0x7ffff7b92000 size 141824
[1756906220.933342] [eos0117:3273436:0]             cpu.c:339  UCX  DEBUG measured tsc frequency 1995.625 MHz after 0.08 ms
[1756906220.933355] [eos0117:3273436:0]            init.c:121  UCX  DEBUG /opt/nvidia/hpc_sdk/Linux_x86_64/25.3/comm_libs/12.8/hpcx/hpcx-2.22.1/ucx/lib/libucs.so.0 loaded at 0x7ffff7e30000
[1756906220.933363] [eos0117:3273436:0]            init.c:122  UCX  DEBUG cmd line: python /project/coreai_devtech_all/shixunw/cupynumeric.internal/test_fancy_indexing.py 
[1756906220.933369] [eos0117:3273436:0]          module.c:72   UCX  DEBUG ucs library path: /opt/nvidia/hpc_sdk/Linux_x86_64/25.3/comm_libs/12.8/hpcx/hpcx-2.22.1/ucx/lib/libucs.so.0
[1756906220.933370] [eos0117:3273436:0]          module.c:280  UCX  DEBUG loading modules for ucs
[1756906220.933371] [eos0117:3273436:0]          module.c:242  UCX  DEBUG loading module 'fuse' with mode 0x101
[1756906220.933431] [eos0117:3273436:0]          module.c:183  UCX  DEBUG loaded /opt/nvidia/hpc_sdk/Linux_x86_64/25.3/comm_libs/12.8/hpcx/hpcx-2.22.1/ucx/lib/ucx/libucs_fuse.so.0.0.0 [0x555555b33500]
[1756906221.418966] [eos0117:3273436:0]            time.c:22   UCX  DEBUG arch clock frequency: 1995625000.00 Hz
[1756906221.419009] [eos0117:3273436:0]     ucp_context.c:2257 UCX  INFO  Version 1.18.0 (loaded from /opt/nvidia/hpc_sdk/Linux_x86_64/25.3/comm_libs/12.8/hpcx/hpcx-2.22.1/ucx/lib/libucp.so.0)
[1756906221.419014] [eos0117:3273436:0]     ucp_context.c:2016 UCX  DEBUG estimated number of endpoints is 16
[1756906221.419015] [eos0117:3273436:0]     ucp_context.c:2023 UCX  DEBUG estimated number of endpoints per node is 8
[1756906221.419017] [eos0117:3273436:0]     ucp_context.c:2033 UCX  DEBUG estimated bcopy bandwidth is 7340032000.000000
[1756906221.419022] [eos0117:3273436:0]     ucp_context.c:2092 UCX  DEBUG allocation method[0] is md 'sysv'
[1756906221.419023] [eos0117:3273436:0]     ucp_context.c:2092 UCX  DEBUG allocation method[1] is md 'posix'
[1756906221.419028] [eos0117:3273436:0]     ucp_context.c:2104 UCX  DEBUG allocation method[2] is 'thp'
[1756906221.419029] [eos0117:3273436:0]     ucp_context.c:2092 UCX  DEBUG allocation method[3] is md '*'
[1756906221.419030] [eos0117:3273436:0]     ucp_context.c:2104 UCX  DEBUG allocation method[4] is 'mmap'
[1756906221.419030] [eos0117:3273436:0]     ucp_context.c:2104 UCX  DEBUG allocation method[5] is 'heap'
[1756906221.419038] [eos0117:3273436:0]          module.c:280  UCX  DEBUG loading modules for uct
[1756906221.419039] [eos0117:3273436:0]          module.c:242  UCX  DEBUG loading module 'cuda' with mode 0x1
[1756906226.213780] [eos0117:3273436:0]          module.c:183  UCX  DEBUG loaded /opt/nvidia/hpc_sdk/Linux_x86_64/25.3/comm_libs/12.8/hpcx/hpcx-2.22.1/ucx/lib/ucx/libuct_cuda.so.0.0.0 [0x5555563db430]
[1756906226.213804] [eos0117:3273436:0]          module.c:192  UCX  DEBUG calling 'ucs_module_global_init' in '/opt/nvidia/hpc_sdk/Linux_x86_64/25.3/comm_libs/12.8/hpcx/hpcx-2.22.1/ucx/lib/ucx/libuct_cuda.so.0.0.0': [0x7fffcaa6b470]
[1756906226.213810] [eos0117:3273436:0]          module.c:280  UCX  DEBUG loading modules for uct_cuda
[1756906226.213813] [eos0117:3273436:0]          module.c:242  UCX  DEBUG loading module 'gdrcopy' with mode 0x1
[1756906226.213994] [eos0117:3273436:0]          module.c:183  UCX  DEBUG loaded /opt/nvidia/hpc_sdk/Linux_x86_64/25.3/comm_libs/12.8/hpcx/hpcx-2.22.1/ucx/lib/ucx/libuct_cuda_gdrcopy.so.0.0.0 [0x55555638b9a0]
[1756906226.213998] [eos0117:3273436:0]          module.c:165  UCX  DEBUG ignoring 'ucs_module_global_init' (0x7fffcaa6b470) from libuct_cuda.so.0 (0x7fffcaa63000), expected in libuct_cuda_gdrcopy.so.0 (7fffcaa0a000)
[1756906226.213999] [eos0117:3273436:0]          module.c:242  UCX  DEBUG loading module 'ib' with mode 0x1
[1756906226.214207] [eos0117:3273436:0]          module.c:280  UCX  DEBUG loading modules for uct_ib
[1756906226.214209] [eos0117:3273436:0]          module.c:242  UCX  DEBUG loading module 'mlx5' with mode 0x1
[1756906226.214466] [eos0117:3273436:0]          module.c:183  UCX  DEBUG loaded /opt/nvidia/hpc_sdk/Linux_x86_64/25.3/comm_libs/12.8/hpcx/hpcx-2.22.1/ucx/lib/ucx/libuct_ib_mlx5.so.0.0.0 [0x55555638d6b0]
[1756906226.214474] [eos0117:3273436:0]          module.c:183  UCX  DEBUG loaded /opt/nvidia/hpc_sdk/Linux_x86_64/25.3/comm_libs/12.8/hpcx/hpcx-2.22.1/ucx/lib/ucx/libuct_ib.so.0.0.0 [0x55555638c6a0]
[1756906226.214476] [eos0117:3273436:0]          module.c:242  UCX  DEBUG loading module 'rdmacm' with mode 0x1
[1756906226.214647] [eos0117:3273436:0]          module.c:183  UCX  DEBUG loaded /opt/nvidia/hpc_sdk/Linux_x86_64/25.3/comm_libs/12.8/hpcx/hpcx-2.22.1/ucx/lib/ucx/libuct_rdmacm.so.0.0.0 [0x55555638e8b0]
[1756906226.214648] [eos0117:3273436:0]          module.c:242  UCX  DEBUG loading module 'cma' with mode 0x1
[1756906226.214700] [eos0117:3273436:0]          module.c:183  UCX  DEBUG loaded /opt/nvidia/hpc_sdk/Linux_x86_64/25.3/comm_libs/12.8/hpcx/hpcx-2.22.1/ucx/lib/ucx/libuct_cma.so.0.0.0 [0x55555638f8d0]
[1756906226.214752] [eos0117:3273436:0]            topo.c:298  UCX  DEBUG added sys_dev 0 for bus id 1b:00.0
[1756906226.214769] [eos0117:3273436:0]            topo.c:298  UCX  DEBUG added sys_dev 1 for bus id 43:00.0
[1756906226.214783] [eos0117:3273436:0]            topo.c:298  UCX  DEBUG added sys_dev 2 for bus id 52:00.0
[1756906226.214799] [eos0117:3273436:0]            topo.c:298  UCX  DEBUG added sys_dev 3 for bus id 61:00.0
[1756906226.214813] [eos0117:3273436:0]            topo.c:298  UCX  DEBUG added sys_dev 4 for bus id 9d:00.0
[1756906226.214827] [eos0117:3273436:0]            topo.c:298  UCX  DEBUG added sys_dev 5 for bus id c3:00.0
[1756906226.214840] [eos0117:3273436:0]            topo.c:298  UCX  DEBUG added sys_dev 6 for bus id d1:00.0
[1756906226.214854] [eos0117:3273436:0]            topo.c:298  UCX  DEBUG added sys_dev 7 for bus id df:00.0
[1756906226.216009] [eos0117:3273436:0]            topo.c:895  UCX  DEBUG /sys/class/net/bmc-redfish0/lower_enx0a24f5048325: sysfs path undetected
[1756906226.216011] [eos0117:3273436:0]            topo.c:556  UCX  DEBUG bmc-redfish0: system device unknown
[1756906226.220566] [eos0117:3273436:0]            topo.c:899  UCX  DEBUG /sys/class/net/eth3: PF sysfs path is '/sys/devices/pci0000:80/0000:80:05.0/0000:82:00.1'
[1756906226.220583] [eos0117:3273436:0]            topo.c:298  UCX  DEBUG added sys_dev 8 for bus id 82:00.1
[1756906226.220585] [eos0117:3273436:0]            topo.c:552  UCX  DEBUG eth3: bdf_name 0000:82:00.1 sys_dev 8
[1756906226.221029] [eos0117:3273436:0]            topo.c:899  UCX  DEBUG /sys/class/net/ibp154s0: PF sysfs path is '/sys/devices/pci0000:97/0000:97:01.0/0000:98:00.0/0000:99:00.0/0000:9a:00.0'
[1756906226.221044] [eos0117:3273436:0]            topo.c:298  UCX  DEBUG added sys_dev 9 for bus id 9a:00.0
[1756906226.221045] [eos0117:3273436:0]            topo.c:552  UCX  DEBUG ibp154s0: bdf_name 0000:9a:00.0 sys_dev 9
[1756906226.221489] [eos0117:3273436:0]            topo.c:899  UCX  DEBUG /sys/class/net/ibp170s0f0: PF sysfs path is '/sys/devices/pci0000:a5/0000:a5:01.0/0000:a6:00.0/0000:a7:00.0/0000:a8:00.0/0000:a9:00.0/0000:aa:00.0'
[1756906226.221505] [eos0117:3273436:0]            topo.c:298  UCX  DEBUG added sys_dev 10 for bus id aa:00.0
[1756906226.221506] [eos0117:3273436:0]            topo.c:552  UCX  DEBUG ibp170s0f0: bdf_name 0000:aa:00.0 sys_dev 10
[1756906226.221947] [eos0117:3273436:0]            topo.c:899  UCX  DEBUG /sys/class/net/ibp192s0: PF sysfs path is '/sys/devices/pci0000:bd/0000:bd:01.0/0000:be:00.0/0000:bf:00.0/0000:c0:00.0'
[1756906226.221960] [eos0117:3273436:0]            topo.c:298  UCX  DEBUG added sys_dev 11 for bus id c0:00.0
[1756906226.221961] [eos0117:3273436:0]            topo.c:552  UCX  DEBUG ibp192s0: bdf_name 0000:c0:00.0 sys_dev 11
[1756906226.222397] [eos0117:3273436:0]            topo.c:899  UCX  DEBUG /sys/class/net/ibp206s0: PF sysfs path is '/sys/devices/pci0000:cb/0000:cb:01.0/0000:cc:00.0/0000:cd:00.0/0000:ce:00.0'
[1756906226.222410] [eos0117:3273436:0]            topo.c:298  UCX  DEBUG added sys_dev 12 for bus id ce:00.0
[1756906226.222422] [eos0117:3273436:0]            topo.c:552  UCX  DEBUG ibp206s0: bdf_name 0000:ce:00.0 sys_dev 12
[1756906226.222872] [eos0117:3273436:0]            topo.c:899  UCX  DEBUG /sys/class/net/ibp220s0: PF sysfs path is '/sys/devices/pci0000:d9/0000:d9:01.0/0000:da:00.0/0000:db:00.0/0000:dc:00.0'
[1756906226.222884] [eos0117:3273436:0]            topo.c:298  UCX  DEBUG added sys_dev 13 for bus id dc:00.0
[1756906226.222885] [eos0117:3273436:0]            topo.c:552  UCX  DEBUG ibp220s0: bdf_name 0000:dc:00.0 sys_dev 13
[1756906226.223321] [eos0117:3273436:0]            topo.c:899  UCX  DEBUG /sys/class/net/ibp24s0: PF sysfs path is '/sys/devices/pci0000:15/0000:15:01.0/0000:16:00.0/0000:17:00.0/0000:18:00.0'
[1756906226.223333] [eos0117:3273436:0]            topo.c:298  UCX  DEBUG added sys_dev 14 for bus id 18:00.0
[1756906226.223334] [eos0117:3273436:0]            topo.c:552  UCX  DEBUG ibp24s0: bdf_name 0000:18:00.0 sys_dev 14
[1756906226.223777] [eos0117:3273436:0]            topo.c:899  UCX  DEBUG /sys/class/net/ibp41s0f0: PF sysfs path is '/sys/devices/pci0000:24/0000:24:01.0/0000:25:00.0/0000:26:00.0/0000:27:00.0/0000:28:00.0/0000:29:00.0'
[1756906226.223791] [eos0117:3273436:0]            topo.c:298  UCX  DEBUG added sys_dev 15 for bus id 29:00.0
[1756906226.223792] [eos0117:3273436:0]            topo.c:552  UCX  DEBUG ibp41s0f0: bdf_name 0000:29:00.0 sys_dev 15
[1756906226.224234] [eos0117:3273436:0]            topo.c:899  UCX  DEBUG /sys/class/net/ibp64s0: PF sysfs path is '/sys/devices/pci0000:3d/0000:3d:01.0/0000:3e:00.0/0000:3f:00.0/0000:40:00.0'
[1756906226.224246] [eos0117:3273436:0]            topo.c:298  UCX  DEBUG added sys_dev 16 for bus id 40:00.0
[1756906226.224247] [eos0117:3273436:0]            topo.c:552  UCX  DEBUG ibp64s0: bdf_name 0000:40:00.0 sys_dev 16
[1756906226.224685] [eos0117:3273436:0]            topo.c:899  UCX  DEBUG /sys/class/net/ibp79s0: PF sysfs path is '/sys/devices/pci0000:4c/0000:4c:01.0/0000:4d:00.0/0000:4e:00.0/0000:4f:00.0'
[1756906226.224697] [eos0117:3273436:0]            topo.c:298  UCX  DEBUG added sys_dev 17 for bus id 4f:00.0
[1756906226.224698] [eos0117:3273436:0]            topo.c:552  UCX  DEBUG ibp79s0: bdf_name 0000:4f:00.0 sys_dev 17
[1756906226.225133] [eos0117:3273436:0]            topo.c:899  UCX  DEBUG /sys/class/net/ibp94s0: PF sysfs path is '/sys/devices/pci0000:5b/0000:5b:01.0/0000:5c:00.0/0000:5d:00.0/0000:5e:00.0'
[1756906226.225145] [eos0117:3273436:0]            topo.c:298  UCX  DEBUG added sys_dev 18 for bus id 5e:00.0
[1756906226.225146] [eos0117:3273436:0]            topo.c:552  UCX  DEBUG ibp94s0: bdf_name 0000:5e:00.0 sys_dev 18
[1756906226.225574] [eos0117:3273436:0]            topo.c:895  UCX  DEBUG /sys/class/net/lo: sysfs path undetected
[1756906226.225575] [eos0117:3273436:0]            topo.c:556  UCX  DEBUG lo: system device unknown
[1756906226.225653] [eos0117:3273436:0]    cuda_copy_md.c:104  UCX  DEBUG dmabuf is supported on cuda device 0
[1756906226.225673] [eos0117:3273436:0]      cuda_iface.c:52   UCX  DEBUG set cuda sys_device to `unknown` as no context is currently active
[1756906226.855422] [eos0117:3273436:0]     cuda_ipc_md.c:449  UCX  DEBUG fabric_info: state=3 status=0 uuid=00000000:00000000:00000000:00000000
[1756906226.865664] [eos0117:3273436:0]      cuda_iface.c:52   UCX  DEBUG set cuda sys_device to `unknown` as no context is currently active
[1756906226.865713] [eos0117:3273436:0]           mpool.c:138  UCX  DEBUG mpool rcache_mp: align 8, maxelems 4294967295, elemsize 144
[1756906226.870405] [eos0117:3273436:0]           async.c:248  UCX  DEBUG added async handler 0x5555566b1ee0 [id=48 ref 1] ucs_rcache_invalidate_handler() to hash
[1756906226.870483] [eos0117:3273436:0]           async.c:522  UCX  DEBUG listening to async event fd 48 events 0x1 mode thread_spinlock
[1756906226.870517] [eos0117:3273436:0]          module.c:280  UCX  DEBUG loading modules for ucm
[1756906226.870519] [eos0117:3273436:0]          module.c:242  UCX  DEBUG loading module 'cuda' with mode 0x1001
[1756906226.870666] [eos0117:3273436:0]          module.c:183  UCX  DEBUG loaded /opt/nvidia/hpc_sdk/Linux_x86_64/25.3/comm_libs/12.8/hpcx/hpcx-2.22.1/ucx/lib/ucx/libucm_cuda.so.0.0.0 [0x555556878e20]
[1756906226.935817] [eos0117:3273436:0]      cuda_iface.c:52   UCX  DEBUG set cuda sys_device to `unknown` as no context is currently active
[1756906226.941272] [eos0117:3273436:0]            topo.c:899  UCX  DEBUG /sys/class/infiniband/mlx5_0: PF sysfs path is '/sys/devices/pci0000:15/0000:15:01.0/0000:16:00.0/0000:17:00.0/0000:18:00.0'
[1756906226.941279] [eos0117:3273436:0]            topo.c:552  UCX  DEBUG mlx5_0: bdf_name 0000:18:00.0 sys_dev 14
[1756906226.941294] [eos0117:3273436:0]       ib_device.c:498  UCX  DEBUG mlx5_0: vendor_id 0x15b3 device_id 4129
[1756906226.941804] [eos0117:3273436:0]    ib_mlx5dv_md.c:1875 UCX  DEBUG mlx5_0: cross gvmi alias mkey is supported
[1756906226.941805] [eos0117:3273436:0]    ib_mlx5dv_md.c:1925 UCX  DEBUG mlx5_0: mkey_by_name_reserve is not supported
[1756906226.941806] [eos0117:3273436:0]    ib_mlx5dv_md.c:1910 UCX  DEBUG mlx5_0: dp_ordering support: force=1 ooo_rw_rc=1 ooo_rw_dc=1
[1756906226.941945] [eos0117:3273436:0]    ib_mlx5dv_md.c:1705 UCX  DEBUG mlx5_0: ODP is disabled because version 1 is not supported for DevX QP
[1756906226.946684] [eos0117:3273436:0]           async.c:248  UCX  DEBUG added async handler 0x5555566cde90 [id=54 ref 1] uct_ib_async_event_handler() to hash
[1756906226.946692] [eos0117:3273436:0]           async.c:522  UCX  DEBUG listening to async event fd 54 events 0x1 mode thread_spinlock
[1756906226.946697] [eos0117:3273436:0]       ib_device.c:597  UCX  DEBUG initialized device 'mlx5_0' (InfiniBand channel adapter) with 1 ports
[1756906226.946705] [eos0117:3273436:0]           ib_md.c:1177 UCX  DEBUG mlx5_0: cuda GPUDirect RDMA is detected by checking /sys/kernel/mm/memory_peers/nv_mem/version
[1756906226.946709] [eos0117:3273436:0]           ib_md.c:1177 UCX  DEBUG mlx5_0: rocm GPUDirect RDMA is not detected by checking /dev/kfd
[1756906226.946719] [eos0117:3273436:0]           ib_md.c:1202 UCX  DEBUG mlx5_0: dmabuf is supported
[1756906226.946723] [eos0117:3273436:0]           mpool.c:138  UCX  DEBUG mpool devx dbrec: align 64, maxelems 4294967295, elemsize 40
[1756906226.946908] [eos0117:3273436:0]    ib_mlx5dv_md.c:2423 UCX  DEBUG mlx5_0: opened DEVX md log_max_qp=17
[1756906226.947359] [eos0117:3273436:0]    ib_mlx5dv_md.c:126  UCX  DEBUG mlx5_0: KSM dm memory registration status "Success" range 0x7fffcaa05000..0x7fffcaa05020 iova 0x0 mkey_index 0x0
[1756906226.947646] [eos0117:3273436:0]    ib_mlx5dv_md.c:96   UCX  DEBUG mlx5_0: mlx5dv_devx_obj_create(CREATE_MKEY, mode=KSM, start_addr=0x7fffcaa05000 length=32) failed, syndrome 0x45d3a4: Remote I/O error
[1756906226.947648] [eos0117:3273436:0]    ib_mlx5dv_md.c:126  UCX  DEBUG mlx5_0: KSM atomic-key memory registration status "Unsupported operation" range (nil)..0x20 iova 0x7fffcaa05000 atomic mkey_index 0x0
[1756906226.948025] [eos0117:3273436:0]           ib_md.c:1161 UCX  DEBUG mlx5_0: relaxed order memory access is disabled
[1756906226.948270] [eos0117:3273436:0]    ib_mlx5dv_md.c:126  UCX  DEBUG mlx5_0: KSM flush-mr memory registration status "Success" range 0x555556719000..0x555556719008 iova 0x0 mkey_index 0x0
[1756906226.948271] [eos0117:3273436:0]           ib_md.c:1031 UCX  DEBUG mlx5_0: md open by 'uct_ib_mlx5_devx_md_ops' is successful
[1756906226.953691] [eos0117:3273436:0]            topo.c:899  UCX  DEBUG /sys/class/infiniband/mlx5_3: PF sysfs path is '/sys/devices/pci0000:3d/0000:3d:01.0/0000:3e:00.0/0000:3f:00.0/0000:40:00.0'
[1756906226.953695] [eos0117:3273436:0]            topo.c:552  UCX  DEBUG mlx5_3: bdf_name 0000:40:00.0 sys_dev 16
[1756906226.953704] [eos0117:3273436:0]       ib_device.c:498  UCX  DEBUG mlx5_3: vendor_id 0x15b3 device_id 4129
[1756906226.954182] [eos0117:3273436:0]    ib_mlx5dv_md.c:1875 UCX  DEBUG mlx5_3: cross gvmi alias mkey is supported
[1756906226.954183] [eos0117:3273436:0]    ib_mlx5dv_md.c:1925 UCX  DEBUG mlx5_3: mkey_by_name_reserve is not supported
[1756906226.954194] [eos0117:3273436:0]    ib_mlx5dv_md.c:1910 UCX  DEBUG mlx5_3: dp_ordering support: force=1 ooo_rw_rc=1 ooo_rw_dc=1
[1756906226.954310] [eos0117:3273436:0]    ib_mlx5dv_md.c:1705 UCX  DEBUG mlx5_3: ODP is disabled because version 1 is not supported for DevX QP
[1756906226.954438] [eos0117:3273436:0]           async.c:248  UCX  DEBUG added async handler 0x5555568c77b0 [id=56 ref 1] uct_ib_async_event_handler() to hash
[1756906226.954443] [eos0117:3273436:0]           async.c:522  UCX  DEBUG listening to async event fd 56 events 0x1 mode thread_spinlock
[1756906226.954444] [eos0117:3273436:0]       ib_device.c:597  UCX  DEBUG initialized device 'mlx5_3' (InfiniBand channel adapter) with 1 ports
[1756906226.954448] [eos0117:3273436:0]           ib_md.c:1177 UCX  DEBUG mlx5_3: cuda GPUDirect RDMA is detected by checking /sys/kernel/mm/memory_peers/nv_mem/version
[1756906226.954451] [eos0117:3273436:0]           ib_md.c:1177 UCX  DEBUG mlx5_3: rocm GPUDirect RDMA is not detected by checking /dev/kfd
[1756906226.954454] [eos0117:3273436:0]           ib_md.c:1202 UCX  DEBUG mlx5_3: dmabuf is supported
[1756906226.954455] [eos0117:3273436:0]           mpool.c:138  UCX  DEBUG mpool devx dbrec: align 64, maxelems 4294967295, elemsize 40
[1756906226.954639] [eos0117:3273436:0]    ib_mlx5dv_md.c:2423 UCX  DEBUG mlx5_3: opened DEVX md log_max_qp=17
[1756906226.955047] [eos0117:3273436:0]    ib_mlx5dv_md.c:126  UCX  DEBUG mlx5_3: KSM dm memory registration status "Success" range 0x7fffca630000..0x7fffca630020 iova 0x0 mkey_index 0x0
[1756906226.955322] [eos0117:3273436:0]    ib_mlx5dv_md.c:96   UCX  DEBUG mlx5_3: mlx5dv_devx_obj_create(CREATE_MKEY, mode=KSM, start_addr=0x7fffca630000 length=32) failed, syndrome 0x45d3a4: Remote I/O error
[1756906226.955324] [eos0117:3273436:0]    ib_mlx5dv_md.c:126  UCX  DEBUG mlx5_3: KSM atomic-key memory registration status "Unsupported operation" range (nil)..0x20 iova 0x7fffca630000 atomic mkey_index 0x0
[1756906226.955693] [eos0117:3273436:0]           ib_md.c:1161 UCX  DEBUG mlx5_3: relaxed order memory access is disabled
[1756906226.955917] [eos0117:3273436:0]    ib_mlx5dv_md.c:126  UCX  DEBUG mlx5_3: KSM flush-mr memory registration status "Success" range 0x555556895000..0x555556895008 iova 0x0 mkey_index 0x0
[1756906226.955918] [eos0117:3273436:0]           ib_md.c:1031 UCX  DEBUG mlx5_3: md open by 'uct_ib_mlx5_devx_md_ops' is successful
[1756906226.961338] [eos0117:3273436:0]            topo.c:899  UCX  DEBUG /sys/class/infiniband/mlx5_4: PF sysfs path is '/sys/devices/pci0000:4c/0000:4c:01.0/0000:4d:00.0/0000:4e:00.0/0000:4f:00.0'
[1756906226.961341] [eos0117:3273436:0]            topo.c:552  UCX  DEBUG mlx5_4: bdf_name 0000:4f:00.0 sys_dev 17
[1756906226.961349] [eos0117:3273436:0]       ib_device.c:498  UCX  DEBUG mlx5_4: vendor_id 0x15b3 device_id 4129
[1756906226.961837] [eos0117:3273436:0]    ib_mlx5dv_md.c:1875 UCX  DEBUG mlx5_4: cross gvmi alias mkey is supported
[1756906226.961838] [eos0117:3273436:0]    ib_mlx5dv_md.c:1925 UCX  DEBUG mlx5_4: mkey_by_name_reserve is not supported
[1756906226.961838] [eos0117:3273436:0]    ib_mlx5dv_md.c:1910 UCX  DEBUG mlx5_4: dp_ordering support: force=1 ooo_rw_rc=1 ooo_rw_dc=1
[1756906226.961965] [eos0117:3273436:0]    ib_mlx5dv_md.c:1705 UCX  DEBUG mlx5_4: ODP is disabled because version 1 is not supported for DevX QP
[1756906226.962091] [eos0117:3273436:0]           async.c:248  UCX  DEBUG added async handler 0x55555687a730 [id=58 ref 1] uct_ib_async_event_handler() to hash
[1756906226.962096] [eos0117:3273436:0]           async.c:522  UCX  DEBUG listening to async event fd 58 events 0x1 mode thread_spinlock
[1756906226.962097] [eos0117:3273436:0]       ib_device.c:597  UCX  DEBUG initialized device 'mlx5_4' (InfiniBand channel adapter) with 1 ports
[1756906226.962100] [eos0117:3273436:0]           ib_md.c:1177 UCX  DEBUG mlx5_4: cuda GPUDirect RDMA is detected by checking /sys/kernel/mm/memory_peers/nv_mem/version
[1756906226.962103] [eos0117:3273436:0]           ib_md.c:1177 UCX  DEBUG mlx5_4: rocm GPUDirect RDMA is not detected by checking /dev/kfd
[1756906226.962105] [eos0117:3273436:0]           ib_md.c:1202 UCX  DEBUG mlx5_4: dmabuf is supported
[1756906226.962107] [eos0117:3273436:0]           mpool.c:138  UCX  DEBUG mpool devx dbrec: align 64, maxelems 4294967295, elemsize 40
[1756906226.962282] [eos0117:3273436:0]    ib_mlx5dv_md.c:2423 UCX  DEBUG mlx5_4: opened DEVX md log_max_qp=17
[1756906226.962672] [eos0117:3273436:0]    ib_mlx5dv_md.c:126  UCX  DEBUG mlx5_4: KSM dm memory registration status "Success" range 0x7fffca62b000..0x7fffca62b020 iova 0x0 mkey_index 0x0
[1756906226.962946] [eos0117:3273436:0]    ib_mlx5dv_md.c:96   UCX  DEBUG mlx5_4: mlx5dv_devx_obj_create(CREATE_MKEY, mode=KSM, start_addr=0x7fffca62b000 length=32) failed, syndrome 0x45d3a4: Remote I/O error
[1756906226.962948] [eos0117:3273436:0]    ib_mlx5dv_md.c:126  UCX  DEBUG mlx5_4: KSM atomic-key memory registration status "Unsupported operation" range (nil)..0x20 iova 0x7fffca62b000 atomic mkey_index 0x0
[1756906226.963319] [eos0117:3273436:0]           ib_md.c:1161 UCX  DEBUG mlx5_4: relaxed order memory access is disabled
[1756906226.963557] [eos0117:3273436:0]    ib_mlx5dv_md.c:126  UCX  DEBUG mlx5_4: KSM flush-mr memory registration status "Success" range 0x555556710000..0x555556710008 iova 0x0 mkey_index 0x0
[1756906226.963558] [eos0117:3273436:0]           ib_md.c:1031 UCX  DEBUG mlx5_4: md open by 'uct_ib_mlx5_devx_md_ops' is successful
[1756906226.968929] [eos0117:3273436:0]            topo.c:899  UCX  DEBUG /sys/class/infiniband/mlx5_5: PF sysfs path is '/sys/devices/pci0000:5b/0000:5b:01.0/0000:5c:00.0/0000:5d:00.0/0000:5e:00.0'
[1756906226.968932] [eos0117:3273436:0]            topo.c:552  UCX  DEBUG mlx5_5: bdf_name 0000:5e:00.0 sys_dev 18
[1756906226.968940] [eos0117:3273436:0]       ib_device.c:498  UCX  DEBUG mlx5_5: vendor_id 0x15b3 device_id 4129
[1756906226.969419] [eos0117:3273436:0]    ib_mlx5dv_md.c:1875 UCX  DEBUG mlx5_5: cross gvmi alias mkey is supported
[1756906226.969419] [eos0117:3273436:0]    ib_mlx5dv_md.c:1925 UCX  DEBUG mlx5_5: mkey_by_name_reserve is not supported
[1756906226.969420] [eos0117:3273436:0]    ib_mlx5dv_md.c:1910 UCX  DEBUG mlx5_5: dp_ordering support: force=1 ooo_rw_rc=1 ooo_rw_dc=1
[1756906226.969540] [eos0117:3273436:0]    ib_mlx5dv_md.c:1705 UCX  DEBUG mlx5_5: ODP is disabled because version 1 is not supported for DevX QP
[1756906226.969667] [eos0117:3273436:0]           async.c:248  UCX  DEBUG added async handler 0x5555565fafe0 [id=60 ref 1] uct_ib_async_event_handler() to hash
[1756906226.969670] [eos0117:3273436:0]           async.c:522  UCX  DEBUG listening to async event fd 60 events 0x1 mode thread_spinlock
[1756906226.969671] [eos0117:3273436:0]       ib_device.c:597  UCX  DEBUG initialized device 'mlx5_5' (InfiniBand channel adapter) with 1 ports
[1756906226.969675] [eos0117:3273436:0]           ib_md.c:1177 UCX  DEBUG mlx5_5: cuda GPUDirect RDMA is detected by checking /sys/kernel/mm/memory_peers/nv_mem/version
[1756906226.969677] [eos0117:3273436:0]           ib_md.c:1177 UCX  DEBUG mlx5_5: rocm GPUDirect RDMA is not detected by checking /dev/kfd
[1756906226.969680] [eos0117:3273436:0]           ib_md.c:1202 UCX  DEBUG mlx5_5: dmabuf is supported
[1756906226.969681] [eos0117:3273436:0]           mpool.c:138  UCX  DEBUG mpool devx dbrec: align 64, maxelems 4294967295, elemsize 40
[1756906226.969848] [eos0117:3273436:0]    ib_mlx5dv_md.c:2423 UCX  DEBUG mlx5_5: opened DEVX md log_max_qp=17
[1756906226.970239] [eos0117:3273436:0]    ib_mlx5dv_md.c:126  UCX  DEBUG mlx5_5: KSM dm memory registration status "Success" range 0x7fffca626000..0x7fffca626020 iova 0x0 mkey_index 0x0
[1756906226.970513] [eos0117:3273436:0]    ib_mlx5dv_md.c:96   UCX  DEBUG mlx5_5: mlx5dv_devx_obj_create(CREATE_MKEY, mode=KSM, start_addr=0x7fffca626000 length=32) failed, syndrome 0x45d3a4: Remote I/O error
[1756906226.970514] [eos0117:3273436:0]    ib_mlx5dv_md.c:126  UCX  DEBUG mlx5_5: KSM atomic-key memory registration status "Unsupported operation" range (nil)..0x20 iova 0x7fffca626000 atomic mkey_index 0x0
[1756906226.970884] [eos0117:3273436:0]           ib_md.c:1161 UCX  DEBUG mlx5_5: relaxed order memory access is disabled
[1756906226.971122] [eos0117:3273436:0]    ib_mlx5dv_md.c:126  UCX  DEBUG mlx5_5: KSM flush-mr memory registration status "Success" range 0x555556712000..0x555556712008 iova 0x0 mkey_index 0x0
[1756906226.971123] [eos0117:3273436:0]           ib_md.c:1031 UCX  DEBUG mlx5_5: md open by 'uct_ib_mlx5_devx_md_ops' is successful
[1756906226.976513] [eos0117:3273436:0]            topo.c:899  UCX  DEBUG /sys/class/infiniband/mlx5_6: PF sysfs path is '/sys/devices/pci0000:97/0000:97:01.0/0000:98:00.0/0000:99:00.0/0000:9a:00.0'
[1756906226.976515] [eos0117:3273436:0]            topo.c:552  UCX  DEBUG mlx5_6: bdf_name 0000:9a:00.0 sys_dev 9
[1756906226.976523] [eos0117:3273436:0]       ib_device.c:498  UCX  DEBUG mlx5_6: vendor_id 0x15b3 device_id 4129
[1756906226.977009] [eos0117:3273436:0]    ib_mlx5dv_md.c:1875 UCX  DEBUG mlx5_6: cross gvmi alias mkey is supported
[1756906226.977010] [eos0117:3273436:0]    ib_mlx5dv_md.c:1925 UCX  DEBUG mlx5_6: mkey_by_name_reserve is not supported
[1756906226.977011] [eos0117:3273436:0]    ib_mlx5dv_md.c:1910 UCX  DEBUG mlx5_6: dp_ordering support: force=1 ooo_rw_rc=1 ooo_rw_dc=1
[1756906226.977135] [eos0117:3273436:0]    ib_mlx5dv_md.c:1705 UCX  DEBUG mlx5_6: ODP is disabled because version 1 is not supported for DevX QP
[1756906226.977267] [eos0117:3273436:0]           async.c:248  UCX  DEBUG added async handler 0x55555670f810 [id=62 ref 1] uct_ib_async_event_handler() to hash
[1756906226.977270] [eos0117:3273436:0]           async.c:522  UCX  DEBUG listening to async event fd 62 events 0x1 mode thread_spinlock
[1756906226.977271] [eos0117:3273436:0]       ib_device.c:597  UCX  DEBUG initialized device 'mlx5_6' (InfiniBand channel adapter) with 1 ports
[1756906226.977274] [eos0117:3273436:0]           ib_md.c:1177 UCX  DEBUG mlx5_6: cuda GPUDirect RDMA is detected by checking /sys/kernel/mm/memory_peers/nv_mem/version
[1756906226.977277] [eos0117:3273436:0]           ib_md.c:1177 UCX  DEBUG mlx5_6: rocm GPUDirect RDMA is not detected by checking /dev/kfd
[1756906226.977279] [eos0117:3273436:0]           ib_md.c:1202 UCX  DEBUG mlx5_6: dmabuf is supported
[1756906226.977281] [eos0117:3273436:0]           mpool.c:138  UCX  DEBUG mpool devx dbrec: align 64, maxelems 4294967295, elemsize 40
[1756906226.977485] [eos0117:3273436:0]    ib_mlx5dv_md.c:2423 UCX  DEBUG mlx5_6: opened DEVX md log_max_qp=17
[1756906226.977879] [eos0117:3273436:0]    ib_mlx5dv_md.c:126  UCX  DEBUG mlx5_6: KSM dm memory registration status "Success" range 0x7fffca621000..0x7fffca621020 iova 0x0 mkey_index 0x0
[1756906226.978161] [eos0117:3273436:0]    ib_mlx5dv_md.c:96   UCX  DEBUG mlx5_6: mlx5dv_devx_obj_create(CREATE_MKEY, mode=KSM, start_addr=0x7fffca621000 length=32) failed, syndrome 0x45d3a4: Remote I/O error
[1756906226.978163] [eos0117:3273436:0]    ib_mlx5dv_md.c:126  UCX  DEBUG mlx5_6: KSM atomic-key memory registration status "Unsupported operation" range (nil)..0x20 iova 0x7fffca621000 atomic mkey_index 0x0
[1756906226.978536] [eos0117:3273436:0]           ib_md.c:1161 UCX  DEBUG mlx5_6: relaxed order memory access is disabled
[1756906226.978770] [eos0117:3273436:0]    ib_mlx5dv_md.c:126  UCX  DEBUG mlx5_6: KSM flush-mr memory registration status "Success" range 0x5555567b8000..0x5555567b8008 iova 0x0 mkey_index 0x0
[1756906226.978771] [eos0117:3273436:0]           ib_md.c:1031 UCX  DEBUG mlx5_6: md open by 'uct_ib_mlx5_devx_md_ops' is successful
[1756906227.008127] [eos0117:3273436:0]            topo.c:899  UCX  DEBUG /sys/class/infiniband/mlx5_9: PF sysfs path is '/sys/devices/pci0000:bd/0000:bd:01.0/0000:be:00.0/0000:bf:00.0/0000:c0:00.0'
[1756906227.008131] [eos0117:3273436:0]            topo.c:552  UCX  DEBUG mlx5_9: bdf_name 0000:c0:00.0 sys_dev 11
[1756906227.008140] [eos0117:3273436:0]       ib_device.c:498  UCX  DEBUG mlx5_9: vendor_id 0x15b3 device_id 4129
[1756906227.008612] [eos0117:3273436:0]    ib_mlx5dv_md.c:1875 UCX  DEBUG mlx5_9: cross gvmi alias mkey is supported
[1756906227.008613] [eos0117:3273436:0]    ib_mlx5dv_md.c:1925 UCX  DEBUG mlx5_9: mkey_by_name_reserve is not supported
[1756906227.008613] [eos0117:3273436:0]    ib_mlx5dv_md.c:1910 UCX  DEBUG mlx5_9: dp_ordering support: force=1 ooo_rw_rc=1 ooo_rw_dc=1
[1756906227.008727] [eos0117:3273436:0]    ib_mlx5dv_md.c:1705 UCX  DEBUG mlx5_9: ODP is disabled because version 1 is not supported for DevX QP
[1756906227.008854] [eos0117:3273436:0]           async.c:248  UCX  DEBUG added async handler 0x555556715670 [id=64 ref 1] uct_ib_async_event_handler() to hash
[1756906227.008859] [eos0117:3273436:0]           async.c:522  UCX  DEBUG listening to async event fd 64 events 0x1 mode thread_spinlock
[1756906227.008860] [eos0117:3273436:0]       ib_device.c:597  UCX  DEBUG initialized device 'mlx5_9' (InfiniBand channel adapter) with 1 ports
[1756906227.008865] [eos0117:3273436:0]           ib_md.c:1177 UCX  DEBUG mlx5_9: cuda GPUDirect RDMA is detected by checking /sys/kernel/mm/memory_peers/nv_mem/version
[1756906227.008867] [eos0117:3273436:0]           ib_md.c:1177 UCX  DEBUG mlx5_9: rocm GPUDirect RDMA is not detected by checking /dev/kfd
[1756906227.008871] [eos0117:3273436:0]           ib_md.c:1202 UCX  DEBUG mlx5_9: dmabuf is supported
[1756906227.008873] [eos0117:3273436:0]           mpool.c:138  UCX  DEBUG mpool devx dbrec: align 64, maxelems 4294967295, elemsize 40
[1756906227.009042] [eos0117:3273436:0]    ib_mlx5dv_md.c:2423 UCX  DEBUG mlx5_9: opened DEVX md log_max_qp=17
[1756906227.009441] [eos0117:3273436:0]    ib_mlx5dv_md.c:126  UCX  DEBUG mlx5_9: KSM dm memory registration status "Success" range 0x7fffca61c000..0x7fffca61c020 iova 0x0 mkey_index 0x0
[1756906227.009722] [eos0117:3273436:0]    ib_mlx5dv_md.c:96   UCX  DEBUG mlx5_9: mlx5dv_devx_obj_create(CREATE_MKEY, mode=KSM, start_addr=0x7fffca61c000 length=32) failed, syndrome 0x45d3a4: Remote I/O error
[1756906227.009723] [eos0117:3273436:0]    ib_mlx5dv_md.c:126  UCX  DEBUG mlx5_9: KSM atomic-key memory registration status "Unsupported operation" range (nil)..0x20 iova 0x7fffca61c000 atomic mkey_index 0x0
[1756906227.010081] [eos0117:3273436:0]           ib_md.c:1161 UCX  DEBUG mlx5_9: relaxed order memory access is disabled
[1756906227.010304] [eos0117:3273436:0]    ib_mlx5dv_md.c:126  UCX  DEBUG mlx5_9: KSM flush-mr memory registration status "Success" range 0x555556995000..0x555556995008 iova 0x0 mkey_index 0x0
[1756906227.010306] [eos0117:3273436:0]           ib_md.c:1031 UCX  DEBUG mlx5_9: md open by 'uct_ib_mlx5_devx_md_ops' is successful
[1756906227.015707] [eos0117:3273436:0]            topo.c:899  UCX  DEBUG /sys/class/infiniband/mlx5_10: PF sysfs path is '/sys/devices/pci0000:cb/0000:cb:01.0/0000:cc:00.0/0000:cd:00.0/0000:ce:00.0'
[1756906227.015710] [eos0117:3273436:0]            topo.c:552  UCX  DEBUG mlx5_10: bdf_name 0000:ce:00.0 sys_dev 12
[1756906227.015717] [eos0117:3273436:0]       ib_device.c:498  UCX  DEBUG mlx5_10: vendor_id 0x15b3 device_id 4129
[1756906227.016194] [eos0117:3273436:0]    ib_mlx5dv_md.c:1875 UCX  DEBUG mlx5_10: cross gvmi alias mkey is supported
[1756906227.016195] [eos0117:3273436:0]    ib_mlx5dv_md.c:1925 UCX  DEBUG mlx5_10: mkey_by_name_reserve is not supported
[1756906227.016196] [eos0117:3273436:0]    ib_mlx5dv_md.c:1910 UCX  DEBUG mlx5_10: dp_ordering support: force=1 ooo_rw_rc=1 ooo_rw_dc=1
[1756906227.016307] [eos0117:3273436:0]    ib_mlx5dv_md.c:1705 UCX  DEBUG mlx5_10: ODP is disabled because version 1 is not supported for DevX QP
[1756906227.016434] [eos0117:3273436:0]           async.c:248  UCX  DEBUG added async handler 0x555556700260 [id=66 ref 1] uct_ib_async_event_handler() to hash
[1756906227.016439] [eos0117:3273436:0]           async.c:522  UCX  DEBUG listening to async event fd 66 events 0x1 mode thread_spinlock
[1756906227.016440] [eos0117:3273436:0]       ib_device.c:597  UCX  DEBUG initialized device 'mlx5_10' (InfiniBand channel adapter) with 1 ports
[1756906227.016443] [eos0117:3273436:0]           ib_md.c:1177 UCX  DEBUG mlx5_10: cuda GPUDirect RDMA is detected by checking /sys/kernel/mm/memory_peers/nv_mem/version
[1756906227.016446] [eos0117:3273436:0]           ib_md.c:1177 UCX  DEBUG mlx5_10: rocm GPUDirect RDMA is not detected by checking /dev/kfd
[1756906227.016460] [eos0117:3273436:0]           ib_md.c:1202 UCX  DEBUG mlx5_10: dmabuf is supported
[1756906227.016462] [eos0117:3273436:0]           mpool.c:138  UCX  DEBUG mpool devx dbrec: align 64, maxelems 4294967295, elemsize 40
[1756906227.016639] [eos0117:3273436:0]    ib_mlx5dv_md.c:2423 UCX  DEBUG mlx5_10: opened DEVX md log_max_qp=17
[1756906227.017042] [eos0117:3273436:0]    ib_mlx5dv_md.c:126  UCX  DEBUG mlx5_10: KSM dm memory registration status "Success" range 0x7fffca617000..0x7fffca617020 iova 0x0 mkey_index 0x0
[1756906227.017323] [eos0117:3273436:0]    ib_mlx5dv_md.c:96   UCX  DEBUG mlx5_10: mlx5dv_devx_obj_create(CREATE_MKEY, mode=KSM, start_addr=0x7fffca617000 length=32) failed, syndrome 0x45d3a4: Remote I/O error
[1756906227.017325] [eos0117:3273436:0]    ib_mlx5dv_md.c:126  UCX  DEBUG mlx5_10: KSM atomic-key memory registration status "Unsupported operation" range (nil)..0x20 iova 0x7fffca617000 atomic mkey_index 0x0
[1756906227.017675] [eos0117:3273436:0]           ib_md.c:1161 UCX  DEBUG mlx5_10: relaxed order memory access is disabled
[1756906227.017899] [eos0117:3273436:0]    ib_mlx5dv_md.c:126  UCX  DEBUG mlx5_10: KSM flush-mr memory registration status "Success" range 0x555556997000..0x555556997008 iova 0x0 mkey_index 0x0
[1756906227.017900] [eos0117:3273436:0]           ib_md.c:1031 UCX  DEBUG mlx5_10: md open by 'uct_ib_mlx5_devx_md_ops' is successful
[1756906227.023397] [eos0117:3273436:0]            topo.c:899  UCX  DEBUG /sys/class/infiniband/mlx5_11: PF sysfs path is '/sys/devices/pci0000:d9/0000:d9:01.0/0000:da:00.0/0000:db:00.0/0000:dc:00.0'
[1756906227.023400] [eos0117:3273436:0]            topo.c:552  UCX  DEBUG mlx5_11: bdf_name 0000:dc:00.0 sys_dev 13
[1756906227.023407] [eos0117:3273436:0]       ib_device.c:498  UCX  DEBUG mlx5_11: vendor_id 0x15b3 device_id 4129
[1756906227.023896] [eos0117:3273436:0]    ib_mlx5dv_md.c:1875 UCX  DEBUG mlx5_11: cross gvmi alias mkey is supported
[1756906227.023896] [eos0117:3273436:0]    ib_mlx5dv_md.c:1925 UCX  DEBUG mlx5_11: mkey_by_name_reserve is not supported
[1756906227.023897] [eos0117:3273436:0]    ib_mlx5dv_md.c:1910 UCX  DEBUG mlx5_11: dp_ordering support: force=1 ooo_rw_rc=1 ooo_rw_dc=1
[1756906227.024017] [eos0117:3273436:0]    ib_mlx5dv_md.c:1705 UCX  DEBUG mlx5_11: ODP is disabled because version 1 is not supported for DevX QP
[1756906227.024141] [eos0117:3273436:0]           async.c:248  UCX  DEBUG added async handler 0x55555699a010 [id=68 ref 1] uct_ib_async_event_handler() to hash
[1756906227.024145] [eos0117:3273436:0]           async.c:522  UCX  DEBUG listening to async event fd 68 events 0x1 mode thread_spinlock
[1756906227.024146] [eos0117:3273436:0]       ib_device.c:597  UCX  DEBUG initialized device 'mlx5_11' (InfiniBand channel adapter) with 1 ports
[1756906227.024150] [eos0117:3273436:0]           ib_md.c:1177 UCX  DEBUG mlx5_11: cuda GPUDirect RDMA is detected by checking /sys/kernel/mm/memory_peers/nv_mem/version
[1756906227.024153] [eos0117:3273436:0]           ib_md.c:1177 UCX  DEBUG mlx5_11: rocm GPUDirect RDMA is not detected by checking /dev/kfd
[1756906227.024156] [eos0117:3273436:0]           ib_md.c:1202 UCX  DEBUG mlx5_11: dmabuf is supported
[1756906227.024157] [eos0117:3273436:0]           mpool.c:138  UCX  DEBUG mpool devx dbrec: align 64, maxelems 4294967295, elemsize 40
[1756906227.024327] [eos0117:3273436:0]    ib_mlx5dv_md.c:2423 UCX  DEBUG mlx5_11: opened DEVX md log_max_qp=17
[1756906227.024730] [eos0117:3273436:0]    ib_mlx5dv_md.c:126  UCX  DEBUG mlx5_11: KSM dm memory registration status "Success" range 0x7fffca612000..0x7fffca612020 iova 0x0 mkey_index 0x0
[1756906227.025011] [eos0117:3273436:0]    ib_mlx5dv_md.c:96   UCX  DEBUG mlx5_11: mlx5dv_devx_obj_create(CREATE_MKEY, mode=KSM, start_addr=0x7fffca612000 length=32) failed, syndrome 0x45d3a4: Remote I/O error
[1756906227.025013] [eos0117:3273436:0]    ib_mlx5dv_md.c:126  UCX  DEBUG mlx5_11: KSM atomic-key memory registration status "Unsupported operation" range (nil)..0x20 iova 0x7fffca612000 atomic mkey_index 0x0
[1756906227.025374] [eos0117:3273436:0]           ib_md.c:1161 UCX  DEBUG mlx5_11: relaxed order memory access is disabled
[1756906227.025600] [eos0117:3273436:0]    ib_mlx5dv_md.c:126  UCX  DEBUG mlx5_11: KSM flush-mr memory registration status "Success" range 0x555556709000..0x555556709008 iova 0x0 mkey_index 0x0
[1756906227.025601] [eos0117:3273436:0]           ib_md.c:1031 UCX  DEBUG mlx5_11: md open by 'uct_ib_mlx5_devx_md_ops' is successful
[1756906227.031294] [eos0117:3273436:0]            topo.c:899  UCX  DEBUG /sys/class/infiniband/mlx5_0: PF sysfs path is '/sys/devices/pci0000:15/0000:15:01.0/0000:16:00.0/0000:17:00.0/0000:18:00.0'
[1756906227.031297] [eos0117:3273436:0]            topo.c:552  UCX  DEBUG mlx5_0: bdf_name 0000:18:00.0 sys_dev 14
[1756906227.031304] [eos0117:3273436:0]       ib_device.c:498  UCX  DEBUG mlx5_0: vendor_id 0x15b3 device_id 4129
[1756906227.031791] [eos0117:3273436:0]    ib_mlx5dv_md.c:1875 UCX  DEBUG mlx5_0: cross gvmi alias mkey is supported
[1756906227.031792] [eos0117:3273436:0]    ib_mlx5dv_md.c:1925 UCX  DEBUG mlx5_0: mkey_by_name_reserve is not supported
[1756906227.031793] [eos0117:3273436:0]    ib_mlx5dv_md.c:1910 UCX  DEBUG mlx5_0: dp_ordering support: force=1 ooo_rw_rc=1 ooo_rw_dc=1
[1756906227.031901] [eos0117:3273436:0]    ib_mlx5dv_md.c:1705 UCX  DEBUG mlx5_0: ODP is disabled because version 1 is not supported for DevX QP
[1756906227.032021] [eos0117:3273436:0]           async.c:248  UCX  DEBUG added async handler 0x555556708af0 [id=70 ref 1] uct_ib_async_event_handler() to hash
[1756906227.032025] [eos0117:3273436:0]           async.c:522  UCX  DEBUG listening to async event fd 70 events 0x1 mode thread_spinlock
[1756906227.032026] [eos0117:3273436:0]       ib_device.c:597  UCX  DEBUG initialized device 'mlx5_0' (InfiniBand channel adapter) with 1 ports
[1756906227.032030] [eos0117:3273436:0]           ib_md.c:1177 UCX  DEBUG mlx5_0: cuda GPUDirect RDMA is detected by checking /sys/kernel/mm/memory_peers/nv_mem/version
[1756906227.032032] [eos0117:3273436:0]           ib_md.c:1177 UCX  DEBUG mlx5_0: rocm GPUDirect RDMA is not detected by checking /dev/kfd
[1756906227.032035] [eos0117:3273436:0]           ib_md.c:1202 UCX  DEBUG mlx5_0: dmabuf is supported
[1756906227.032037] [eos0117:3273436:0]           mpool.c:138  UCX  DEBUG mpool devx dbrec: align 64, maxelems 4294967295, elemsize 40
[1756906227.032209] [eos0117:3273436:0]    ib_mlx5dv_md.c:2423 UCX  DEBUG mlx5_0: opened DEVX md log_max_qp=17
[1756906227.032607] [eos0117:3273436:0]    ib_mlx5dv_md.c:126  UCX  DEBUG mlx5_0: KSM dm memory registration status "Success" range 0x7fffca60d000..0x7fffca60d020 iova 0x0 mkey_index 0x0
[1756906227.032897] [eos0117:3273436:0]    ib_mlx5dv_md.c:96   UCX  DEBUG mlx5_0: mlx5dv_devx_obj_create(CREATE_MKEY, mode=KSM, start_addr=0x7fffca60d000 length=32) failed, syndrome 0x45d3a4: Remote I/O error
[1756906227.032899] [eos0117:3273436:0]    ib_mlx5dv_md.c:126  UCX  DEBUG mlx5_0: KSM atomic-key memory registration status "Unsupported operation" range (nil)..0x20 iova 0x7fffca60d000 atomic mkey_index 0x0
[1756906227.033248] [eos0117:3273436:0]           ib_md.c:1161 UCX  DEBUG mlx5_0: relaxed order memory access is disabled
[1756906227.033471] [eos0117:3273436:0]    ib_mlx5dv_md.c:126  UCX  DEBUG mlx5_0: KSM flush-mr memory registration status "Success" range 0x55555670b000..0x55555670b008 iova 0x0 mkey_index 0x0
[1756906227.033489] [eos0117:3273436:0]          uct_md.c:96   UCX  DEBUG failed to query gga_mlx5 resources: No such device
[1756906227.033490] [eos0117:3273436:0]     ucp_context.c:1188 UCX  DEBUG No tl resources found for md mlx5_0
[1756906227.033491] [eos0117:3273436:0]     ucp_context.c:1648 UCX  DEBUG closing md mlx5_0 because it has no selected transport resources
[1756906227.033496] [eos0117:3273436:0]    ib_mlx5dv_md.c:2496 UCX  DEBUG mlx5_0: md=0x5555567b9010 md->flags=0x3fb3f7f flush_rkey=0x200700
[1756906227.033742] [eos0117:3273436:0]           mpool.c:194  UCX  DEBUG mpool devx dbrec destroyed
[1756906227.033756] [eos0117:3273436:0]       ib_device.c:616  UCX  DEBUG destroying ib device mlx5_0
[1756906227.033760] [eos0117:3273436:0]           async.c:173  UCX  DEBUG removed async handler 0x555556708af0 [id=70 ref 1] uct_ib_async_event_handler() from hash
[1756906227.033761] [eos0117:3273436:0]           async.c:576  UCX  DEBUG removing async handler 0x555556708af0 [id=70 ref 1] uct_ib_async_event_handler()
[1756906227.033763] [eos0117:3273436:0]           async.c:188  UCX  DEBUG release async handler 0x555556708af0 [id=70 ref 0] uct_ib_async_event_handler()
[1756906227.038558] [eos0117:3273436:0]            topo.c:899  UCX  DEBUG /sys/class/infiniband/mlx5_3: PF sysfs path is '/sys/devices/pci0000:3d/0000:3d:01.0/0000:3e:00.0/0000:3f:00.0/0000:40:00.0'
[1756906227.038560] [eos0117:3273436:0]            topo.c:552  UCX  DEBUG mlx5_3: bdf_name 0000:40:00.0 sys_dev 16
[1756906227.038568] [eos0117:3273436:0]       ib_device.c:498  UCX  DEBUG mlx5_3: vendor_id 0x15b3 device_id 4129
[1756906227.039037] [eos0117:3273436:0]    ib_mlx5dv_md.c:1875 UCX  DEBUG mlx5_3: cross gvmi alias mkey is supported
[1756906227.039038] [eos0117:3273436:0]    ib_mlx5dv_md.c:1925 UCX  DEBUG mlx5_3: mkey_by_name_reserve is not supported
[1756906227.039039] [eos0117:3273436:0]    ib_mlx5dv_md.c:1910 UCX  DEBUG mlx5_3: dp_ordering support: force=1 ooo_rw_rc=1 ooo_rw_dc=1
[1756906227.039147] [eos0117:3273436:0]    ib_mlx5dv_md.c:1705 UCX  DEBUG mlx5_3: ODP is disabled because version 1 is not supported for DevX QP
[1756906227.039266] [eos0117:3273436:0]           async.c:248  UCX  DEBUG added async handler 0x55555670c010 [id=70 ref 1] uct_ib_async_event_handler() to hash
[1756906227.039269] [eos0117:3273436:0]           async.c:522  UCX  DEBUG listening to async event fd 70 events 0x1 mode thread_spinlock
[1756906227.039270] [eos0117:3273436:0]       ib_device.c:597  UCX  DEBUG initialized device 'mlx5_3' (InfiniBand channel adapter) with 1 ports
[1756906227.039274] [eos0117:3273436:0]           ib_md.c:1177 UCX  DEBUG mlx5_3: cuda GPUDirect RDMA is detected by checking /sys/kernel/mm/memory_peers/nv_mem/version
[1756906227.039276] [eos0117:3273436:0]           ib_md.c:1177 UCX  DEBUG mlx5_3: rocm GPUDirect RDMA is not detected by checking /dev/kfd
[1756906227.039279] [eos0117:3273436:0]           ib_md.c:1202 UCX  DEBUG mlx5_3: dmabuf is supported
[1756906227.039280] [eos0117:3273436:0]           mpool.c:138  UCX  DEBUG mpool devx dbrec: align 64, maxelems 4294967295, elemsize 40
[1756906227.039450] [eos0117:3273436:0]    ib_mlx5dv_md.c:2423 UCX  DEBUG mlx5_3: opened DEVX md log_max_qp=17
[1756906227.039837] [eos0117:3273436:0]    ib_mlx5dv_md.c:126  UCX  DEBUG mlx5_3: KSM dm memory registration status "Success" range 0x7fffca60d000..0x7fffca60d020 iova 0x0 mkey_index 0x0
[1756906227.040114] [eos0117:3273436:0]    ib_mlx5dv_md.c:96   UCX  DEBUG mlx5_3: mlx5dv_devx_obj_create(CREATE_MKEY, mode=KSM, start_addr=0x7fffca60d000 length=32) failed, syndrome 0x45d3a4: Remote I/O error
[1756906227.040115] [eos0117:3273436:0]    ib_mlx5dv_md.c:126  UCX  DEBUG mlx5_3: KSM atomic-key memory registration status "Unsupported operation" range (nil)..0x20 iova 0x7fffca60d000 atomic mkey_index 0x0
[1756906227.040462] [eos0117:3273436:0]           ib_md.c:1161 UCX  DEBUG mlx5_3: relaxed order memory access is disabled
[1756906227.040679] [eos0117:3273436:0]    ib_mlx5dv_md.c:126  UCX  DEBUG mlx5_3: KSM flush-mr memory registration status "Success" range 0x55555670d000..0x55555670d008 iova 0x0 mkey_index 0x0
[1756906227.040693] [eos0117:3273436:0]          uct_md.c:96   UCX  DEBUG failed to query gga_mlx5 resources: No such device
[1756906227.040694] [eos0117:3273436:0]     ucp_context.c:1188 UCX  DEBUG No tl resources found for md mlx5_3
[1756906227.040695] [eos0117:3273436:0]     ucp_context.c:1648 UCX  DEBUG closing md mlx5_3 because it has no selected transport resources
[1756906227.040699] [eos0117:3273436:0]    ib_mlx5dv_md.c:2496 UCX  DEBUG mlx5_3: md=0x55555670ae10 md->flags=0x3fb3f7f flush_rkey=0x200700
[1756906227.040937] [eos0117:3273436:0]           mpool.c:194  UCX  DEBUG mpool devx dbrec destroyed
[1756906227.040938] [eos0117:3273436:0]       ib_device.c:616  UCX  DEBUG destroying ib device mlx5_3
[1756906227.040939] [eos0117:3273436:0]           async.c:173  UCX  DEBUG removed async handler 0x55555670c010 [id=70 ref 1] uct_ib_async_event_handler() from hash
[1756906227.040940] [eos0117:3273436:0]           async.c:576  UCX  DEBUG removing async handler 0x55555670c010 [id=70 ref 1] uct_ib_async_event_handler()
[1756906227.040943] [eos0117:3273436:0]           async.c:188  UCX  DEBUG release async handler 0x55555670c010 [id=70 ref 0] uct_ib_async_event_handler()
[1756906227.045783] [eos0117:3273436:0]            topo.c:899  UCX  DEBUG /sys/class/infiniband/mlx5_4: PF sysfs path is '/sys/devices/pci0000:4c/0000:4c:01.0/0000:4d:00.0/0000:4e:00.0/0000:4f:00.0'
[1756906227.045785] [eos0117:3273436:0]            topo.c:552  UCX  DEBUG mlx5_4: bdf_name 0000:4f:00.0 sys_dev 17
[1756906227.045793] [eos0117:3273436:0]       ib_device.c:498  UCX  DEBUG mlx5_4: vendor_id 0x15b3 device_id 4129
[1756906227.046276] [eos0117:3273436:0]    ib_mlx5dv_md.c:1875 UCX  DEBUG mlx5_4: cross gvmi alias mkey is supported
[1756906227.046277] [eos0117:3273436:0]    ib_mlx5dv_md.c:1925 UCX  DEBUG mlx5_4: mkey_by_name_reserve is not supported
[1756906227.046278] [eos0117:3273436:0]    ib_mlx5dv_md.c:1910 UCX  DEBUG mlx5_4: dp_ordering support: force=1 ooo_rw_rc=1 ooo_rw_dc=1
[1756906227.046389] [eos0117:3273436:0]    ib_mlx5dv_md.c:1705 UCX  DEBUG mlx5_4: ODP is disabled because version 1 is not supported for DevX QP
[1756906227.046507] [eos0117:3273436:0]           async.c:248  UCX  DEBUG added async handler 0x5555567b6690 [id=70 ref 1] uct_ib_async_event_handler() to hash
[1756906227.046511] [eos0117:3273436:0]           async.c:522  UCX  DEBUG listening to async event fd 70 events 0x1 mode thread_spinlock
[1756906227.046511] [eos0117:3273436:0]       ib_device.c:597  UCX  DEBUG initialized device 'mlx5_4' (InfiniBand channel adapter) with 1 ports
[1756906227.046515] [eos0117:3273436:0]           ib_md.c:1177 UCX  DEBUG mlx5_4: cuda GPUDirect RDMA is detected by checking /sys/kernel/mm/memory_peers/nv_mem/version
[1756906227.046517] [eos0117:3273436:0]           ib_md.c:1177 UCX  DEBUG mlx5_4: rocm GPUDirect RDMA is not detected by checking /dev/kfd
[1756906227.046520] [eos0117:3273436:0]           ib_md.c:1202 UCX  DEBUG mlx5_4: dmabuf is supported
[1756906227.046521] [eos0117:3273436:0]           mpool.c:138  UCX  DEBUG mpool devx dbrec: align 64, maxelems 4294967295, elemsize 40
[1756906227.046694] [eos0117:3273436:0]    ib_mlx5dv_md.c:2423 UCX  DEBUG mlx5_4: opened DEVX md log_max_qp=17
[1756906227.047097] [eos0117:3273436:0]    ib_mlx5dv_md.c:126  UCX  DEBUG mlx5_4: KSM dm memory registration status "Success" range 0x7fffca60d000..0x7fffca60d020 iova 0x0 mkey_index 0x0
[1756906227.047381] [eos0117:3273436:0]    ib_mlx5dv_md.c:96   UCX  DEBUG mlx5_4: mlx5dv_devx_obj_create(CREATE_MKEY, mode=KSM, start_addr=0x7fffca60d000 length=32) failed, syndrome 0x45d3a4: Remote I/O error
[1756906227.047383] [eos0117:3273436:0]    ib_mlx5dv_md.c:126  UCX  DEBUG mlx5_4: KSM atomic-key memory registration status "Unsupported operation" range (nil)..0x20 iova 0x7fffca60d000 atomic mkey_index 0x0
[1756906227.047738] [eos0117:3273436:0]           ib_md.c:1161 UCX  DEBUG mlx5_4: relaxed order memory access is disabled
[1756906227.047960] [eos0117:3273436:0]    ib_mlx5dv_md.c:126  UCX  DEBUG mlx5_4: KSM flush-mr memory registration status "Success" range 0x55555670c000..0x55555670c008 iova 0x0 mkey_index 0x0
[1756906227.047974] [eos0117:3273436:0]          uct_md.c:96   UCX  DEBUG failed to query gga_mlx5 resources: No such device
[1756906227.047975] [eos0117:3273436:0]     ucp_context.c:1188 UCX  DEBUG No tl resources found for md mlx5_4
[1756906227.047976] [eos0117:3273436:0]     ucp_context.c:1648 UCX  DEBUG closing md mlx5_4 because it has no selected transport resources
[1756906227.047979] [eos0117:3273436:0]    ib_mlx5dv_md.c:2496 UCX  DEBUG mlx5_4: md=0x55555670a6d0 md->flags=0x3fb3f7f flush_rkey=0x200700
[1756906227.048406] [eos0117:3273436:0]           mpool.c:194  UCX  DEBUG mpool devx dbrec destroyed
[1756906227.048407] [eos0117:3273436:0]       ib_device.c:616  UCX  DEBUG destroying ib device mlx5_4
[1756906227.048408] [eos0117:3273436:0]           async.c:173  UCX  DEBUG removed async handler 0x5555567b6690 [id=70 ref 1] uct_ib_async_event_handler() from hash
[1756906227.048409] [eos0117:3273436:0]           async.c:576  UCX  DEBUG removing async handler 0x5555567b6690 [id=70 ref 1] uct_ib_async_event_handler()
[1756906227.048411] [eos0117:3273436:0]           async.c:188  UCX  DEBUG release async handler 0x5555567b6690 [id=70 ref 0] uct_ib_async_event_handler()
[1756906227.053194] [eos0117:3273436:0]            topo.c:899  UCX  DEBUG /sys/class/infiniband/mlx5_5: PF sysfs path is '/sys/devices/pci0000:5b/0000:5b:01.0/0000:5c:00.0/0000:5d:00.0/0000:5e:00.0'
[1756906227.053196] [eos0117:3273436:0]            topo.c:552  UCX  DEBUG mlx5_5: bdf_name 0000:5e:00.0 sys_dev 18
[1756906227.053204] [eos0117:3273436:0]       ib_device.c:498  UCX  DEBUG mlx5_5: vendor_id 0x15b3 device_id 4129
[1756906227.053672] [eos0117:3273436:0]    ib_mlx5dv_md.c:1875 UCX  DEBUG mlx5_5: cross gvmi alias mkey is supported
[1756906227.053673] [eos0117:3273436:0]    ib_mlx5dv_md.c:1925 UCX  DEBUG mlx5_5: mkey_by_name_reserve is not supported
[1756906227.053673] [eos0117:3273436:0]    ib_mlx5dv_md.c:1910 UCX  DEBUG mlx5_5: dp_ordering support: force=1 ooo_rw_rc=1 ooo_rw_dc=1
[1756906227.053783] [eos0117:3273436:0]    ib_mlx5dv_md.c:1705 UCX  DEBUG mlx5_5: ODP is disabled because version 1 is not supported for DevX QP
[1756906227.053899] [eos0117:3273436:0]           async.c:248  UCX  DEBUG added async handler 0x5555566ff550 [id=70 ref 1] uct_ib_async_event_handler() to hash
[1756906227.053903] [eos0117:3273436:0]           async.c:522  UCX  DEBUG listening to async event fd 70 events 0x1 mode thread_spinlock
[1756906227.053904] [eos0117:3273436:0]       ib_device.c:597  UCX  DEBUG initialized device 'mlx5_5' (InfiniBand channel adapter) with 1 ports
[1756906227.053907] [eos0117:3273436:0]           ib_md.c:1177 UCX  DEBUG mlx5_5: cuda GPUDirect RDMA is detected by checking /sys/kernel/mm/memory_peers/nv_mem/version
[1756906227.053909] [eos0117:3273436:0]           ib_md.c:1177 UCX  DEBUG mlx5_5: rocm GPUDirect RDMA is not detected by checking /dev/kfd
[1756906227.053913] [eos0117:3273436:0]           ib_md.c:1202 UCX  DEBUG mlx5_5: dmabuf is supported
[1756906227.053914] [eos0117:3273436:0]           mpool.c:138  UCX  DEBUG mpool devx dbrec: align 64, maxelems 4294967295, elemsize 40
[1756906227.054086] [eos0117:3273436:0]    ib_mlx5dv_md.c:2423 UCX  DEBUG mlx5_5: opened DEVX md log_max_qp=17
[1756906227.054478] [eos0117:3273436:0]    ib_mlx5dv_md.c:126  UCX  DEBUG mlx5_5: KSM dm memory registration status "Success" range 0x7fffca60d000..0x7fffca60d020 iova 0x0 mkey_index 0x0
[1756906227.054756] [eos0117:3273436:0]    ib_mlx5dv_md.c:96   UCX  DEBUG mlx5_5: mlx5dv_devx_obj_create(CREATE_MKEY, mode=KSM, start_addr=0x7fffca60d000 length=32) failed, syndrome 0x45d3a4: Remote I/O error
[1756906227.054757] [eos0117:3273436:0]    ib_mlx5dv_md.c:126  UCX  DEBUG mlx5_5: KSM atomic-key memory registration status "Unsupported operation" range (nil)..0x20 iova 0x7fffca60d000 atomic mkey_index 0x0
[1756906227.055109] [eos0117:3273436:0]           ib_md.c:1161 UCX  DEBUG mlx5_5: relaxed order memory access is disabled
[1756906227.055322] [eos0117:3273436:0]    ib_mlx5dv_md.c:126  UCX  DEBUG mlx5_5: KSM flush-mr memory registration status "Success" range 0x55555670c000..0x55555670c008 iova 0x0 mkey_index 0x0
[1756906227.055336] [eos0117:3273436:0]          uct_md.c:96   UCX  DEBUG failed to query gga_mlx5 resources: No such device
[1756906227.055337] [eos0117:3273436:0]     ucp_context.c:1188 UCX  DEBUG No tl resources found for md mlx5_5
[1756906227.055338] [eos0117:3273436:0]     ucp_context.c:1648 UCX  DEBUG closing md mlx5_5 because it has no selected transport resources
[1756906227.055341] [eos0117:3273436:0]    ib_mlx5dv_md.c:2496 UCX  DEBUG mlx5_5: md=0x55555670b140 md->flags=0x3fb3f7f flush_rkey=0x200700
[1756906227.055576] [eos0117:3273436:0]           mpool.c:194  UCX  DEBUG mpool devx dbrec destroyed
[1756906227.055577] [eos0117:3273436:0]       ib_device.c:616  UCX  DEBUG destroying ib device mlx5_5
[1756906227.055578] [eos0117:3273436:0]           async.c:173  UCX  DEBUG removed async handler 0x5555566ff550 [id=70 ref 1] uct_ib_async_event_handler() from hash
[1756906227.055579] [eos0117:3273436:0]           async.c:576  UCX  DEBUG removing async handler 0x5555566ff550 [id=70 ref 1] uct_ib_async_event_handler()
[1756906227.055581] [eos0117:3273436:0]           async.c:188  UCX  DEBUG release async handler 0x5555566ff550 [id=70 ref 0] uct_ib_async_event_handler()
[1756906227.060373] [eos0117:3273436:0]            topo.c:899  UCX  DEBUG /sys/class/infiniband/mlx5_6: PF sysfs path is '/sys/devices/pci0000:97/0000:97:01.0/0000:98:00.0/0000:99:00.0/0000:9a:00.0'
[1756906227.060375] [eos0117:3273436:0]            topo.c:552  UCX  DEBUG mlx5_6: bdf_name 0000:9a:00.0 sys_dev 9
[1756906227.060382] [eos0117:3273436:0]       ib_device.c:498  UCX  DEBUG mlx5_6: vendor_id 0x15b3 device_id 4129
[1756906227.060865] [eos0117:3273436:0]    ib_mlx5dv_md.c:1875 UCX  DEBUG mlx5_6: cross gvmi alias mkey is supported
[1756906227.060866] [eos0117:3273436:0]    ib_mlx5dv_md.c:1925 UCX  DEBUG mlx5_6: mkey_by_name_reserve is not supported
[1756906227.060866] [eos0117:3273436:0]    ib_mlx5dv_md.c:1910 UCX  DEBUG mlx5_6: dp_ordering support: force=1 ooo_rw_rc=1 ooo_rw_dc=1
[1756906227.060979] [eos0117:3273436:0]    ib_mlx5dv_md.c:1705 UCX  DEBUG mlx5_6: ODP is disabled because version 1 is not supported for DevX QP
[1756906227.061095] [eos0117:3273436:0]           async.c:248  UCX  DEBUG added async handler 0x55555670ab70 [id=70 ref 1] uct_ib_async_event_handler() to hash
[1756906227.061098] [eos0117:3273436:0]           async.c:522  UCX  DEBUG listening to async event fd 70 events 0x1 mode thread_spinlock
[1756906227.061099] [eos0117:3273436:0]       ib_device.c:597  UCX  DEBUG initialized device 'mlx5_6' (InfiniBand channel adapter) with 1 ports
[1756906227.061102] [eos0117:3273436:0]           ib_md.c:1177 UCX  DEBUG mlx5_6: cuda GPUDirect RDMA is detected by checking /sys/kernel/mm/memory_peers/nv_mem/version
[1756906227.061105] [eos0117:3273436:0]           ib_md.c:1177 UCX  DEBUG mlx5_6: rocm GPUDirect RDMA is not detected by checking /dev/kfd
[1756906227.061108] [eos0117:3273436:0]           ib_md.c:1202 UCX  DEBUG mlx5_6: dmabuf is supported
[1756906227.061109] [eos0117:3273436:0]           mpool.c:138  UCX  DEBUG mpool devx dbrec: align 64, maxelems 4294967295, elemsize 40
[1756906227.061281] [eos0117:3273436:0]    ib_mlx5dv_md.c:2423 UCX  DEBUG mlx5_6: opened DEVX md log_max_qp=17
[1756906227.061669] [eos0117:3273436:0]    ib_mlx5dv_md.c:126  UCX  DEBUG mlx5_6: KSM dm memory registration status "Success" range 0x7fffca60d000..0x7fffca60d020 iova 0x0 mkey_index 0x0
[1756906227.061949] [eos0117:3273436:0]    ib_mlx5dv_md.c:96   UCX  DEBUG mlx5_6: mlx5dv_devx_obj_create(CREATE_MKEY, mode=KSM, start_addr=0x7fffca60d000 length=32) failed, syndrome 0x45d3a4: Remote I/O error
[1756906227.061950] [eos0117:3273436:0]    ib_mlx5dv_md.c:126  UCX  DEBUG mlx5_6: KSM atomic-key memory registration status "Unsupported operation" range (nil)..0x20 iova 0x7fffca60d000 atomic mkey_index 0x0
[1756906227.062297] [eos0117:3273436:0]           ib_md.c:1161 UCX  DEBUG mlx5_6: relaxed order memory access is disabled
[1756906227.062524] [eos0117:3273436:0]    ib_mlx5dv_md.c:126  UCX  DEBUG mlx5_6: KSM flush-mr memory registration status "Success" range 0x55555670c000..0x55555670c008 iova 0x0 mkey_index 0x0
[1756906227.062537] [eos0117:3273436:0]          uct_md.c:96   UCX  DEBUG failed to query gga_mlx5 resources: No such device
[1756906227.062538] [eos0117:3273436:0]     ucp_context.c:1188 UCX  DEBUG No tl resources found for md mlx5_6
[1756906227.062539] [eos0117:3273436:0]     ucp_context.c:1648 UCX  DEBUG closing md mlx5_6 because it has no selected transport resources
[1756906227.062548] [eos0117:3273436:0]    ib_mlx5dv_md.c:2496 UCX  DEBUG mlx5_6: md=0x555556998010 md->flags=0x3fb3f7f flush_rkey=0x200700
[1756906227.062789] [eos0117:3273436:0]           mpool.c:194  UCX  DEBUG mpool devx dbrec destroyed
[1756906227.062790] [eos0117:3273436:0]       ib_device.c:616  UCX  DEBUG destroying ib device mlx5_6
[1756906227.062791] [eos0117:3273436:0]           async.c:173  UCX  DEBUG removed async handler 0x55555670ab70 [id=70 ref 1] uct_ib_async_event_handler() from hash
[1756906227.062792] [eos0117:3273436:0]           async.c:576  UCX  DEBUG removing async handler 0x55555670ab70 [id=70 ref 1] uct_ib_async_event_handler()
[1756906227.062794] [eos0117:3273436:0]           async.c:188  UCX  DEBUG release async handler 0x55555670ab70 [id=70 ref 0] uct_ib_async_event_handler()
[1756906227.067538] [eos0117:3273436:0]            topo.c:899  UCX  DEBUG /sys/class/infiniband/mlx5_9: PF sysfs path is '/sys/devices/pci0000:bd/0000:bd:01.0/0000:be:00.0/0000:bf:00.0/0000:c0:00.0'
[1756906227.067539] [eos0117:3273436:0]            topo.c:552  UCX  DEBUG mlx5_9: bdf_name 0000:c0:00.0 sys_dev 11
[1756906227.067548] [eos0117:3273436:0]       ib_device.c:498  UCX  DEBUG mlx5_9: vendor_id 0x15b3 device_id 4129
[1756906227.068034] [eos0117:3273436:0]    ib_mlx5dv_md.c:1875 UCX  DEBUG mlx5_9: cross gvmi alias mkey is supported
[1756906227.068035] [eos0117:3273436:0]    ib_mlx5dv_md.c:1925 UCX  DEBUG mlx5_9: mkey_by_name_reserve is not supported
[1756906227.068036] [eos0117:3273436:0]    ib_mlx5dv_md.c:1910 UCX  DEBUG mlx5_9: dp_ordering support: force=1 ooo_rw_rc=1 ooo_rw_dc=1
[1756906227.068149] [eos0117:3273436:0]    ib_mlx5dv_md.c:1705 UCX  DEBUG mlx5_9: ODP is disabled because version 1 is not supported for DevX QP
[1756906227.068273] [eos0117:3273436:0]           async.c:248  UCX  DEBUG added async handler 0x555556715c30 [id=70 ref 1] uct_ib_async_event_handler() to hash
[1756906227.068276] [eos0117:3273436:0]           async.c:522  UCX  DEBUG listening to async event fd 70 events 0x1 mode thread_spinlock
[1756906227.068277] [eos0117:3273436:0]       ib_device.c:597  UCX  DEBUG initialized device 'mlx5_9' (InfiniBand channel adapter) with 1 ports
[1756906227.068281] [eos0117:3273436:0]           ib_md.c:1177 UCX  DEBUG mlx5_9: cuda GPUDirect RDMA is detected by checking /sys/kernel/mm/memory_peers/nv_mem/version
[1756906227.068283] [eos0117:3273436:0]           ib_md.c:1177 UCX  DEBUG mlx5_9: rocm GPUDirect RDMA is not detected by checking /dev/kfd
[1756906227.068286] [eos0117:3273436:0]           ib_md.c:1202 UCX  DEBUG mlx5_9: dmabuf is supported
[1756906227.068288] [eos0117:3273436:0]           mpool.c:138  UCX  DEBUG mpool devx dbrec: align 64, maxelems 4294967295, elemsize 40
[1756906227.068456] [eos0117:3273436:0]    ib_mlx5dv_md.c:2423 UCX  DEBUG mlx5_9: opened DEVX md log_max_qp=17
[1756906227.068848] [eos0117:3273436:0]    ib_mlx5dv_md.c:126  UCX  DEBUG mlx5_9: KSM dm memory registration status "Success" range 0x7fffca60d000..0x7fffca60d020 iova 0x0 mkey_index 0x0
[1756906227.069127] [eos0117:3273436:0]    ib_mlx5dv_md.c:96   UCX  DEBUG mlx5_9: mlx5dv_devx_obj_create(CREATE_MKEY, mode=KSM, start_addr=0x7fffca60d000 length=32) failed, syndrome 0x45d3a4: Remote I/O error
[1756906227.069128] [eos0117:3273436:0]    ib_mlx5dv_md.c:126  UCX  DEBUG mlx5_9: KSM atomic-key memory registration status "Unsupported operation" range (nil)..0x20 iova 0x7fffca60d000 atomic mkey_index 0x0
[1756906227.069471] [eos0117:3273436:0]           ib_md.c:1161 UCX  DEBUG mlx5_9: relaxed order memory access is disabled
[1756906227.069692] [eos0117:3273436:0]    ib_mlx5dv_md.c:126  UCX  DEBUG mlx5_9: KSM flush-mr memory registration status "Success" range 0x55555670c000..0x55555670c008 iova 0x0 mkey_index 0x0
[1756906227.069707] [eos0117:3273436:0]          uct_md.c:96   UCX  DEBUG failed to query gga_mlx5 resources: No such device
[1756906227.069708] [eos0117:3273436:0]     ucp_context.c:1188 UCX  DEBUG No tl resources found for md mlx5_9
[1756906227.069708] [eos0117:3273436:0]     ucp_context.c:1648 UCX  DEBUG closing md mlx5_9 because it has no selected transport resources
[1756906227.069711] [eos0117:3273436:0]    ib_mlx5dv_md.c:2496 UCX  DEBUG mlx5_9: md=0x5555567b9010 md->flags=0x3fb3f7f flush_rkey=0x200700
[1756906227.069950] [eos0117:3273436:0]           mpool.c:194  UCX  DEBUG mpool devx dbrec destroyed
[1756906227.069951] [eos0117:3273436:0]       ib_device.c:616  UCX  DEBUG destroying ib device mlx5_9
[1756906227.069952] [eos0117:3273436:0]           async.c:173  UCX  DEBUG removed async handler 0x555556715c30 [id=70 ref 1] uct_ib_async_event_handler() from hash
[1756906227.069953] [eos0117:3273436:0]           async.c:576  UCX  DEBUG removing async handler 0x555556715c30 [id=70 ref 1] uct_ib_async_event_handler()
[1756906227.069955] [eos0117:3273436:0]           async.c:188  UCX  DEBUG release async handler 0x555556715c30 [id=70 ref 0] uct_ib_async_event_handler()
[1756906227.074634] [eos0117:3273436:0]            topo.c:899  UCX  DEBUG /sys/class/infiniband/mlx5_10: PF sysfs path is '/sys/devices/pci0000:cb/0000:cb:01.0/0000:cc:00.0/0000:cd:00.0/0000:ce:00.0'
[1756906227.074636] [eos0117:3273436:0]            topo.c:552  UCX  DEBUG mlx5_10: bdf_name 0000:ce:00.0 sys_dev 12
[1756906227.074643] [eos0117:3273436:0]       ib_device.c:498  UCX  DEBUG mlx5_10: vendor_id 0x15b3 device_id 4129
[1756906227.075121] [eos0117:3273436:0]    ib_mlx5dv_md.c:1875 UCX  DEBUG mlx5_10: cross gvmi alias mkey is supported
[1756906227.075122] [eos0117:3273436:0]    ib_mlx5dv_md.c:1925 UCX  DEBUG mlx5_10: mkey_by_name_reserve is not supported
[1756906227.075123] [eos0117:3273436:0]    ib_mlx5dv_md.c:1910 UCX  DEBUG mlx5_10: dp_ordering support: force=1 ooo_rw_rc=1 ooo_rw_dc=1
[1756906227.075230] [eos0117:3273436:0]    ib_mlx5dv_md.c:1705 UCX  DEBUG mlx5_10: ODP is disabled because version 1 is not supported for DevX QP
[1756906227.075349] [eos0117:3273436:0]           async.c:248  UCX  DEBUG added async handler 0x55555670a9f0 [id=70 ref 1] uct_ib_async_event_handler() to hash
[1756906227.075352] [eos0117:3273436:0]           async.c:522  UCX  DEBUG listening to async event fd 70 events 0x1 mode thread_spinlock
[1756906227.075353] [eos0117:3273436:0]       ib_device.c:597  UCX  DEBUG initialized device 'mlx5_10' (InfiniBand channel adapter) with 1 ports
[1756906227.075359] [eos0117:3273436:0]           ib_md.c:1177 UCX  DEBUG mlx5_10: cuda GPUDirect RDMA is detected by checking /sys/kernel/mm/memory_peers/nv_mem/version
[1756906227.075361] [eos0117:3273436:0]           ib_md.c:1177 UCX  DEBUG mlx5_10: rocm GPUDirect RDMA is not detected by checking /dev/kfd
[1756906227.075364] [eos0117:3273436:0]           ib_md.c:1202 UCX  DEBUG mlx5_10: dmabuf is supported
[1756906227.075365] [eos0117:3273436:0]           mpool.c:138  UCX  DEBUG mpool devx dbrec: align 64, maxelems 4294967295, elemsize 40
[1756906227.075537] [eos0117:3273436:0]    ib_mlx5dv_md.c:2423 UCX  DEBUG mlx5_10: opened DEVX md log_max_qp=17
[1756906227.075935] [eos0117:3273436:0]    ib_mlx5dv_md.c:126  UCX  DEBUG mlx5_10: KSM dm memory registration status "Success" range 0x7fffca60d000..0x7fffca60d020 iova 0x0 mkey_index 0x0
[1756906227.076213] [eos0117:3273436:0]    ib_mlx5dv_md.c:96   UCX  DEBUG mlx5_10: mlx5dv_devx_obj_create(CREATE_MKEY, mode=KSM, start_addr=0x7fffca60d000 length=32) failed, syndrome 0x45d3a4: Remote I/O error
[1756906227.076215] [eos0117:3273436:0]    ib_mlx5dv_md.c:126  UCX  DEBUG mlx5_10: KSM atomic-key memory registration status "Unsupported operation" range (nil)..0x20 iova 0x7fffca60d000 atomic mkey_index 0x0
[1756906227.076566] [eos0117:3273436:0]           ib_md.c:1161 UCX  DEBUG mlx5_10: relaxed order memory access is disabled
[1756906227.076791] [eos0117:3273436:0]    ib_mlx5dv_md.c:126  UCX  DEBUG mlx5_10: KSM flush-mr memory registration status "Success" range 0x55555670c000..0x55555670c008 iova 0x0 mkey_index 0x0
[1756906227.076805] [eos0117:3273436:0]          uct_md.c:96   UCX  DEBUG failed to query gga_mlx5 resources: No such device
[1756906227.076806] [eos0117:3273436:0]     ucp_context.c:1188 UCX  DEBUG No tl resources found for md mlx5_10
[1756906227.076813] [eos0117:3273436:0]     ucp_context.c:1648 UCX  DEBUG closing md mlx5_10 because it has no selected transport resources
[1756906227.076816] [eos0117:3273436:0]    ib_mlx5dv_md.c:2496 UCX  DEBUG mlx5_10: md=0x5555567b96a0 md->flags=0x3fb3f7f flush_rkey=0x200700
[1756906227.077059] [eos0117:3273436:0]           mpool.c:194  UCX  DEBUG mpool devx dbrec destroyed
[1756906227.077060] [eos0117:3273436:0]       ib_device.c:616  UCX  DEBUG destroying ib device mlx5_10
[1756906227.077061] [eos0117:3273436:0]           async.c:173  UCX  DEBUG removed async handler 0x55555670a9f0 [id=70 ref 1] uct_ib_async_event_handler() from hash
[1756906227.077062] [eos0117:3273436:0]           async.c:576  UCX  DEBUG removing async handler 0x55555670a9f0 [id=70 ref 1] uct_ib_async_event_handler()
[1756906227.077064] [eos0117:3273436:0]           async.c:188  UCX  DEBUG release async handler 0x55555670a9f0 [id=70 ref 0] uct_ib_async_event_handler()
[1756906227.081854] [eos0117:3273436:0]            topo.c:899  UCX  DEBUG /sys/class/infiniband/mlx5_11: PF sysfs path is '/sys/devices/pci0000:d9/0000:d9:01.0/0000:da:00.0/0000:db:00.0/0000:dc:00.0'
[1756906227.081856] [eos0117:3273436:0]            topo.c:552  UCX  DEBUG mlx5_11: bdf_name 0000:dc:00.0 sys_dev 13
[1756906227.081863] [eos0117:3273436:0]       ib_device.c:498  UCX  DEBUG mlx5_11: vendor_id 0x15b3 device_id 4129
[1756906227.082350] [eos0117:3273436:0]    ib_mlx5dv_md.c:1875 UCX  DEBUG mlx5_11: cross gvmi alias mkey is supported
[1756906227.082351] [eos0117:3273436:0]    ib_mlx5dv_md.c:1925 UCX  DEBUG mlx5_11: mkey_by_name_reserve is not supported
[1756906227.082351] [eos0117:3273436:0]    ib_mlx5dv_md.c:1910 UCX  DEBUG mlx5_11: dp_ordering support: force=1 ooo_rw_rc=1 ooo_rw_dc=1
[1756906227.082466] [eos0117:3273436:0]    ib_mlx5dv_md.c:1705 UCX  DEBUG mlx5_11: ODP is disabled because version 1 is not supported for DevX QP
[1756906227.082590] [eos0117:3273436:0]           async.c:248  UCX  DEBUG added async handler 0x5555567b94c0 [id=70 ref 1] uct_ib_async_event_handler() to hash
[1756906227.082594] [eos0117:3273436:0]           async.c:522  UCX  DEBUG listening to async event fd 70 events 0x1 mode thread_spinlock
[1756906227.082595] [eos0117:3273436:0]       ib_device.c:597  UCX  DEBUG initialized device 'mlx5_11' (InfiniBand channel adapter) with 1 ports
[1756906227.082597] [eos0117:3273436:0]           ib_md.c:1177 UCX  DEBUG mlx5_11: cuda GPUDirect RDMA is detected by checking /sys/kernel/mm/memory_peers/nv_mem/version
[1756906227.082599] [eos0117:3273436:0]           ib_md.c:1177 UCX  DEBUG mlx5_11: rocm GPUDirect RDMA is not detected by checking /dev/kfd
[1756906227.082602] [eos0117:3273436:0]           ib_md.c:1202 UCX  DEBUG mlx5_11: dmabuf is supported
[1756906227.082603] [eos0117:3273436:0]           mpool.c:138  UCX  DEBUG mpool devx dbrec: align 64, maxelems 4294967295, elemsize 40
[1756906227.082779] [eos0117:3273436:0]    ib_mlx5dv_md.c:2423 UCX  DEBUG mlx5_11: opened DEVX md log_max_qp=17
[1756906227.083180] [eos0117:3273436:0]    ib_mlx5dv_md.c:126  UCX  DEBUG mlx5_11: KSM dm memory registration status "Success" range 0x7fffca60d000..0x7fffca60d020 iova 0x0 mkey_index 0x0
[1756906227.083461] [eos0117:3273436:0]    ib_mlx5dv_md.c:96   UCX  DEBUG mlx5_11: mlx5dv_devx_obj_create(CREATE_MKEY, mode=KSM, start_addr=0x7fffca60d000 length=32) failed, syndrome 0x45d3a4: Remote I/O error
[1756906227.083463] [eos0117:3273436:0]    ib_mlx5dv_md.c:126  UCX  DEBUG mlx5_11: KSM atomic-key memory registration status "Unsupported operation" range (nil)..0x20 iova 0x7fffca60d000 atomic mkey_index 0x0
[1756906227.083825] [eos0117:3273436:0]           ib_md.c:1161 UCX  DEBUG mlx5_11: relaxed order memory access is disabled
[1756906227.084050] [eos0117:3273436:0]    ib_mlx5dv_md.c:126  UCX  DEBUG mlx5_11: KSM flush-mr memory registration status "Success" range 0x55555670c000..0x55555670c008 iova 0x0 mkey_index 0x0
[1756906227.084090] [eos0117:3273436:0]          uct_md.c:96   UCX  DEBUG failed to query gga_mlx5 resources: No such device
[1756906227.084091] [eos0117:3273436:0]     ucp_context.c:1188 UCX  DEBUG No tl resources found for md mlx5_11
[1756906227.084092] [eos0117:3273436:0]     ucp_context.c:1648 UCX  DEBUG closing md mlx5_11 because it has no selected transport resources
[1756906227.084095] [eos0117:3273436:0]    ib_mlx5dv_md.c:2496 UCX  DEBUG mlx5_11: md=0x5555567b9500 md->flags=0x3fb3f7f flush_rkey=0x200700
[1756906227.084334] [eos0117:3273436:0]           mpool.c:194  UCX  DEBUG mpool devx dbrec destroyed
[1756906227.084335] [eos0117:3273436:0]       ib_device.c:616  UCX  DEBUG destroying ib device mlx5_11
[1756906227.084336] [eos0117:3273436:0]           async.c:173  UCX  DEBUG removed async handler 0x5555567b94c0 [id=70 ref 1] uct_ib_async_event_handler() from hash
[1756906227.084337] [eos0117:3273436:0]           async.c:576  UCX  DEBUG removing async handler 0x5555567b94c0 [id=70 ref 1] uct_ib_async_event_handler()
[1756906227.084339] [eos0117:3273436:0]           async.c:188  UCX  DEBUG release async handler 0x5555567b94c0 [id=70 ref 0] uct_ib_async_event_handler()
[1756906227.084697] [eos0117:3273436:0]     ucp_context.c:1713 UCX  DEBUG register host memory on: self, tcp, cuda_cpy, mlx5_0, mlx5_3, mlx5_4, mlx5_5, mlx5_6, mlx5_9, mlx5_10, mlx5_11, cma
[1756906227.084699] [eos0117:3273436:0]     ucp_context.c:1713 UCX  DEBUG register cuda memory on: cuda_cpy, cuda_ipc, gdr_copy, mlx5_0, mlx5_3, mlx5_4, mlx5_5, mlx5_6, mlx5_9, mlx5_10, mlx5_11
[1756906227.084700] [eos0117:3273436:0]     ucp_context.c:1713 UCX  DEBUG register cuda-managed memory on: cuda_cpy
[1756906227.084701] [eos0117:3273436:0]     ucp_context.c:1701 UCX  DEBUG no memory domain supports registering rocm memory
[1756906227.084701] [eos0117:3273436:0]     ucp_context.c:1701 UCX  DEBUG no memory domain supports registering rocm-managed memory
[1756906227.084702] [eos0117:3273436:0]     ucp_context.c:1701 UCX  DEBUG no memory domain supports registering rdma memory
[1756906227.084703] [eos0117:3273436:0]     ucp_context.c:1701 UCX  DEBUG no memory domain supports registering ze-host memory
[1756906227.084703] [eos0117:3273436:0]     ucp_context.c:1701 UCX  DEBUG no memory domain supports registering ze-device memory
[1756906227.084704] [eos0117:3273436:0]     ucp_context.c:1701 UCX  DEBUG no memory domain supports registering ze-managed memory
[1756906227.084726] [eos0117:3273436:0]           mpool.c:138  UCX  DEBUG mpool rcache_mp: align 8, maxelems 4294967295, elemsize 144
[1756906227.084791] [eos0117:3273436:0]     ucp_context.c:2332 UCX  DEBUG created ucp context ucp_context_0 0x5555563dacf0 [16 mds 60 tls] features 0x1 tl bitmap 0xfffffffffffffff 0x0
[1756906227.087234] [eos0117:3273436:0]      ucp_worker.c:2510 UCX  DIAG  multi-threaded worker is requested, but library is built without multi-thread support
[1756906227.087263] [eos0117:3273436:0]           mpool.c:138  UCX  DEBUG mpool self_msg_desc: align 64, maxelems 4294967295, elemsize 8200
[1756906227.087265] [eos0117:3273436:0]            self.c:245  UCX  DEBUG created self iface id 0x104546804c30c1f4 send_size 8192
[1756906227.087273] [eos0117:3273436:0]      ucp_worker.c:1436 UCX  DEBUG created interface[0]=0x555556990370 using self/memory on worker 0x55555696d900
[1756906227.087291] [eos0117:3273436:0]           mpool.c:138  UCX  DEBUG mpool uct_tcp_iface_tx_buf_mp: align 64, maxelems 4294967295, elemsize 8205
[1756906227.087292] [eos0117:3273436:0]           mpool.c:138  UCX  DEBUG mpool uct_tcp_iface_rx_buf_mp: align 64, maxelems 4294967295, elemsize 131090
[1756906227.090410] [eos0117:3273436:0]           async.c:248  UCX  DEBUG added async handler 0x5555568a0390 [id=70 ref 1] uct_tcp_iface_connect_handler() to hash
[1756906227.090419] [eos0117:3273436:0]           async.c:522  UCX  DEBUG listening to async event fd 70 events 0x5 mode thread_spinlock
[1756906227.090427] [eos0117:3273436:0]       tcp_iface.c:596  UCX  DEBUG tcp_iface 0x555556990ee0: listening for connections (fd=70) on 169.254.0.18:50901 netif bmc-redfish0
[1756906227.090461] [eos0117:3273436:0]         tcp_net.c:61   UCX  DEBUG speed of bmc-redfish0 is UNKNOWN, assuming 100 Mbps
[1756906227.090525] [eos0117:3273436:0]            topo.c:895  UCX  DEBUG /sys/class/net/bmc-redfish0/lower_enx0a24f5048325: sysfs path undetected
[1756906227.090526] [eos0117:3273436:0]            topo.c:848  UCX  DEBUG bmc-redfish0: pci bandwidth undetected, using maximal value
[1756906227.090560] [eos0117:3273436:0]      ucp_worker.c:1436 UCX  DEBUG created interface[1]=0x555556990ee0 using tcp/bmc-redfish0 on worker 0x55555696d900
[1756906227.090579] [eos0117:3273436:0]           mpool.c:138  UCX  DEBUG mpool uct_tcp_iface_tx_buf_mp: align 64, maxelems 4294967295, elemsize 8205
[1756906227.090580] [eos0117:3273436:0]           mpool.c:138  UCX  DEBUG mpool uct_tcp_iface_rx_buf_mp: align 64, maxelems 4294967295, elemsize 131090
[1756906227.091518] [eos0117:3273436:0]           async.c:248  UCX  DEBUG added async handler 0x555556b203e0 [id=72 ref 1] uct_tcp_iface_connect_handler() to hash
[1756906227.091525] [eos0117:3273436:0]           async.c:522  UCX  DEBUG listening to async event fd 72 events 0x5 mode thread_spinlock
[1756906227.091527] [eos0117:3273436:0]       tcp_iface.c:596  UCX  DEBUG tcp_iface 0x555556b1cc10: listening for connections (fd=72) on 10.52.49.70:45645 netif eth3
[1756906227.091777] [eos0117:3273436:0]            topo.c:899  UCX  DEBUG /sys/class/net/eth3: PF sysfs path is '/sys/devices/pci0000:80/0000:80:05.0/0000:82:00.1'
[1756906227.093004] [eos0117:3273436:0]      ucp_worker.c:1436 UCX  DEBUG created interface[2]=0x555556b1cc10 using tcp/eth3 on worker 0x55555696d900
[1756906227.093020] [eos0117:3273436:0]           mpool.c:138  UCX  DEBUG mpool uct_tcp_iface_tx_buf_mp: align 64, maxelems 4294967295, elemsize 8205
[1756906227.093021] [eos0117:3273436:0]           mpool.c:138  UCX  DEBUG mpool uct_tcp_iface_rx_buf_mp: align 64, maxelems 4294967295, elemsize 131090
[1756906227.093829] [eos0117:3273436:0]           async.c:248  UCX  DEBUG added async handler 0x555556b20460 [id=74 ref 1] uct_tcp_iface_connect_handler() to hash
[1756906227.093834] [eos0117:3273436:0]           async.c:522  UCX  DEBUG listening to async event fd 74 events 0x5 mode thread_spinlock
[1756906227.093835] [eos0117:3273436:0]       tcp_iface.c:596  UCX  DEBUG tcp_iface 0x5555566fccc0: listening for connections (fd=74) on 172.16.128.127:35453 netif ibp154s0
[1756906227.094096] [eos0117:3273436:0]            topo.c:899  UCX  DEBUG /sys/class/net/ibp154s0: PF sysfs path is '/sys/devices/pci0000:97/0000:97:01.0/0000:98:00.0/0000:99:00.0/0000:9a:00.0'
[1756906227.094149] [eos0117:3273436:0]      ucp_worker.c:1436 UCX  DEBUG created interface[3]=0x5555566fccc0 using tcp/ibp154s0 on worker 0x55555696d900
[1756906227.094162] [eos0117:3273436:0]           mpool.c:138  UCX  DEBUG mpool uct_tcp_iface_tx_buf_mp: align 64, maxelems 4294967295, elemsize 8205
[1756906227.094163] [eos0117:3273436:0]           mpool.c:138  UCX  DEBUG mpool uct_tcp_iface_rx_buf_mp: align 64, maxelems 4294967295, elemsize 131090
[1756906227.094992] [eos0117:3273436:0]           async.c:248  UCX  DEBUG added async handler 0x555556b20420 [id=76 ref 1] uct_tcp_iface_connect_handler() to hash
[1756906227.094996] [eos0117:3273436:0]           async.c:522  UCX  DEBUG listening to async event fd 76 events 0x5 mode thread_spinlock
[1756906227.094998] [eos0117:3273436:0]       tcp_iface.c:596  UCX  DEBUG tcp_iface 0x5555566e4f40: listening for connections (fd=76) on 172.16.16.127:46249 netif ibp170s0f0
[1756906227.095163] [eos0117:3273436:0]            topo.c:899  UCX  DEBUG /sys/class/net/ibp170s0f0: PF sysfs path is '/sys/devices/pci0000:a5/0000:a5:01.0/0000:a6:00.0/0000:a7:00.0/0000:a8:00.0/0000:a9:00.0/0000:aa:00.0'
[1756906227.095208] [eos0117:3273436:0]      ucp_worker.c:1436 UCX  DEBUG created interface[4]=0x5555566e4f40 using tcp/ibp170s0f0 on worker 0x55555696d900
[1756906227.095220] [eos0117:3273436:0]           mpool.c:138  UCX  DEBUG mpool uct_tcp_iface_tx_buf_mp: align 64, maxelems 4294967295, elemsize 8205
[1756906227.095221] [eos0117:3273436:0]           mpool.c:138  UCX  DEBUG mpool uct_tcp_iface_rx_buf_mp: align 64, maxelems 4294967295, elemsize 131090
[1756906227.096046] [eos0117:3273436:0]           async.c:248  UCX  DEBUG added async handler 0x555556b204a0 [id=78 ref 1] uct_tcp_iface_connect_handler() to hash
[1756906227.096050] [eos0117:3273436:0]           async.c:522  UCX  DEBUG listening to async event fd 78 events 0x5 mode thread_spinlock
[1756906227.096051] [eos0117:3273436:0]       tcp_iface.c:596  UCX  DEBUG tcp_iface 0x5555566e56c0: listening for connections (fd=78) on 172.16.144.127:47645 netif ibp192s0
[1756906227.096308] [eos0117:3273436:0]            topo.c:899  UCX  DEBUG /sys/class/net/ibp192s0: PF sysfs path is '/sys/devices/pci0000:bd/0000:bd:01.0/0000:be:00.0/0000:bf:00.0/0000:c0:00.0'
[1756906227.096356] [eos0117:3273436:0]      ucp_worker.c:1436 UCX  DEBUG created interface[5]=0x5555566e56c0 using tcp/ibp192s0 on worker 0x55555696d900
[1756906227.096368] [eos0117:3273436:0]           mpool.c:138  UCX  DEBUG mpool uct_tcp_iface_tx_buf_mp: align 64, maxelems 4294967295, elemsize 8205
[1756906227.096369] [eos0117:3273436:0]           mpool.c:138  UCX  DEBUG mpool uct_tcp_iface_rx_buf_mp: align 64, maxelems 4294967295, elemsize 131090
[1756906227.097189] [eos0117:3273436:0]           async.c:248  UCX  DEBUG added async handler 0x555556b204e0 [id=80 ref 1] uct_tcp_iface_connect_handler() to hash
[1756906227.097193] [eos0117:3273436:0]           async.c:522  UCX  DEBUG listening to async event fd 80 events 0x5 mode thread_spinlock
[1756906227.097194] [eos0117:3273436:0]       tcp_iface.c:596  UCX  DEBUG tcp_iface 0x555556b1afa0: listening for connections (fd=80) on 172.16.160.127:38681 netif ibp206s0
[1756906227.097295] [eos0117:3273436:0]            topo.c:899  UCX  DEBUG /sys/class/net/ibp206s0: PF sysfs path is '/sys/devices/pci0000:cb/0000:cb:01.0/0000:cc:00.0/0000:cd:00.0/0000:ce:00.0'
[1756906227.097342] [eos0117:3273436:0]      ucp_worker.c:1436 UCX  DEBUG created interface[6]=0x555556b1afa0 using tcp/ibp206s0 on worker 0x55555696d900
[1756906227.097355] [eos0117:3273436:0]           mpool.c:138  UCX  DEBUG mpool uct_tcp_iface_tx_buf_mp: align 64, maxelems 4294967295, elemsize 8205
[1756906227.097356] [eos0117:3273436:0]           mpool.c:138  UCX  DEBUG mpool uct_tcp_iface_rx_buf_mp: align 64, maxelems 4294967295, elemsize 131090
[1756906227.097811] [eos0117:3273436:0]           async.c:248  UCX  DEBUG added async handler 0x555556b220f0 [id=82 ref 1] uct_tcp_iface_connect_handler() to hash
[1756906227.097815] [eos0117:3273436:0]           async.c:522  UCX  DEBUG listening to async event fd 82 events 0x5 mode thread_spinlock
[1756906227.097816] [eos0117:3273436:0]       tcp_iface.c:596  UCX  DEBUG tcp_iface 0x555556b1b720: listening for connections (fd=82) on 172.16.176.127:35977 netif ibp220s0
[1756906227.097915] [eos0117:3273436:0]            topo.c:899  UCX  DEBUG /sys/class/net/ibp220s0: PF sysfs path is '/sys/devices/pci0000:d9/0000:d9:01.0/0000:da:00.0/0000:db:00.0/0000:dc:00.0'
[1756906227.097964] [eos0117:3273436:0]      ucp_worker.c:1436 UCX  DEBUG created interface[7]=0x555556b1b720 using tcp/ibp220s0 on worker 0x55555696d900
[1756906227.097976] [eos0117:3273436:0]           mpool.c:138  UCX  DEBUG mpool uct_tcp_iface_tx_buf_mp: align 64, maxelems 4294967295, elemsize 8205
[1756906227.097977] [eos0117:3273436:0]           mpool.c:138  UCX  DEBUG mpool uct_tcp_iface_rx_buf_mp: align 64, maxelems 4294967295, elemsize 131090
[1756906227.098441] [eos0117:3273436:0]           async.c:248  UCX  DEBUG added async handler 0x5555568cfbb0 [id=84 ref 1] uct_tcp_iface_connect_handler() to hash
[1756906227.098445] [eos0117:3273436:0]           async.c:522  UCX  DEBUG listening to async event fd 84 events 0x5 mode thread_spinlock
[1756906227.098447] [eos0117:3273436:0]       tcp_iface.c:596  UCX  DEBUG tcp_iface 0x555556b1bea0: listening for connections (fd=84) on 172.16.64.127:54659 netif ibp24s0
[1756906227.098543] [eos0117:3273436:0]            topo.c:899  UCX  DEBUG /sys/class/net/ibp24s0: PF sysfs path is '/sys/devices/pci0000:15/0000:15:01.0/0000:16:00.0/0000:17:00.0/0000:18:00.0'
[1756906227.098593] [eos0117:3273436:0]      ucp_worker.c:1436 UCX  DEBUG created interface[8]=0x555556b1bea0 using tcp/ibp24s0 on worker 0x55555696d900
[1756906227.098616] [eos0117:3273436:0]           mpool.c:138  UCX  DEBUG mpool uct_tcp_iface_tx_buf_mp: align 64, maxelems 4294967295, elemsize 8205
[1756906227.098616] [eos0117:3273436:0]           mpool.c:138  UCX  DEBUG mpool uct_tcp_iface_rx_buf_mp: align 64, maxelems 4294967295, elemsize 131090
[1756906227.099080] [eos0117:3273436:0]           async.c:248  UCX  DEBUG added async handler 0x5555568a4400 [id=86 ref 1] uct_tcp_iface_connect_handler() to hash
[1756906227.099084] [eos0117:3273436:0]           async.c:522  UCX  DEBUG listening to async event fd 86 events 0x5 mode thread_spinlock
[1756906227.099085] [eos0117:3273436:0]       tcp_iface.c:596  UCX  DEBUG tcp_iface 0x555556b20520: listening for connections (fd=86) on 172.16.0.127:60839 netif ibp41s0f0
[1756906227.099181] [eos0117:3273436:0]            topo.c:899  UCX  DEBUG /sys/class/net/ibp41s0f0: PF sysfs path is '/sys/devices/pci0000:24/0000:24:01.0/0000:25:00.0/0000:26:00.0/0000:27:00.0/0000:28:00.0/0000:29:00.0'
[1756906227.099225] [eos0117:3273436:0]      ucp_worker.c:1436 UCX  DEBUG created interface[9]=0x555556b20520 using tcp/ibp41s0f0 on worker 0x55555696d900
[1756906227.099236] [eos0117:3273436:0]           mpool.c:138  UCX  DEBUG mpool uct_tcp_iface_tx_buf_mp: align 64, maxelems 4294967295, elemsize 8205
[1756906227.099237] [eos0117:3273436:0]           mpool.c:138  UCX  DEBUG mpool uct_tcp_iface_rx_buf_mp: align 64, maxelems 4294967295, elemsize 131090
[1756906227.099691] [eos0117:3273436:0]           async.c:248  UCX  DEBUG added async handler 0x5555568a4390 [id=88 ref 1] uct_tcp_iface_connect_handler() to hash
[1756906227.099696] [eos0117:3273436:0]           async.c:522  UCX  DEBUG listening to async event fd 88 events 0x5 mode thread_spinlock
[1756906227.099698] [eos0117:3273436:0]       tcp_iface.c:596  UCX  DEBUG tcp_iface 0x555556b21180: listening for connections (fd=88) on 172.16.80.127:43483 netif ibp64s0
[1756906227.099789] [eos0117:3273436:0]            topo.c:899  UCX  DEBUG /sys/class/net/ibp64s0: PF sysfs path is '/sys/devices/pci0000:3d/0000:3d:01.0/0000:3e:00.0/0000:3f:00.0/0000:40:00.0'
[1756906227.099834] [eos0117:3273436:0]      ucp_worker.c:1436 UCX  DEBUG created interface[10]=0x555556b21180 using tcp/ibp64s0 on worker 0x55555696d900
[1756906227.099845] [eos0117:3273436:0]           mpool.c:138  UCX  DEBUG mpool uct_tcp_iface_tx_buf_mp: align 64, maxelems 4294967295, elemsize 8205
[1756906227.099846] [eos0117:3273436:0]           mpool.c:138  UCX  DEBUG mpool uct_tcp_iface_rx_buf_mp: align 64, maxelems 4294967295, elemsize 131090
[1756906227.100340] [eos0117:3273436:0]           async.c:248  UCX  DEBUG added async handler 0x5555568a5f00 [id=90 ref 1] uct_tcp_iface_connect_handler() to hash
[1756906227.100345] [eos0117:3273436:0]           async.c:522  UCX  DEBUG listening to async event fd 90 events 0x5 mode thread_spinlock
[1756906227.100346] [eos0117:3273436:0]       tcp_iface.c:596  UCX  DEBUG tcp_iface 0x555556b1d4e0: listening for connections (fd=90) on 172.16.96.127:34803 netif ibp79s0
[1756906227.100439] [eos0117:3273436:0]            topo.c:899  UCX  DEBUG /sys/class/net/ibp79s0: PF sysfs path is '/sys/devices/pci0000:4c/0000:4c:01.0/0000:4d:00.0/0000:4e:00.0/0000:4f:00.0'
[1756906227.100484] [eos0117:3273436:0]      ucp_worker.c:1436 UCX  DEBUG created interface[11]=0x555556b1d4e0 using tcp/ibp79s0 on worker 0x55555696d900
[1756906227.100495] [eos0117:3273436:0]           mpool.c:138  UCX  DEBUG mpool uct_tcp_iface_tx_buf_mp: align 64, maxelems 4294967295, elemsize 8205
[1756906227.100496] [eos0117:3273436:0]           mpool.c:138  UCX  DEBUG mpool uct_tcp_iface_rx_buf_mp: align 64, maxelems 4294967295, elemsize 131090
[1756906227.101320] [eos0117:3273436:0]           async.c:248  UCX  DEBUG added async handler 0x5555568a0470 [id=92 ref 1] uct_tcp_iface_connect_handler() to hash
[1756906227.101324] [eos0117:3273436:0]           async.c:522  UCX  DEBUG listening to async event fd 92 events 0x5 mode thread_spinlock
[1756906227.101326] [eos0117:3273436:0]       tcp_iface.c:596  UCX  DEBUG tcp_iface 0x555556b1ded0: listening for connections (fd=92) on 172.16.112.127:49611 netif ibp94s0
[1756906227.101485] [eos0117:3273436:0]            topo.c:899  UCX  DEBUG /sys/class/net/ibp94s0: PF sysfs path is '/sys/devices/pci0000:5b/0000:5b:01.0/0000:5c:00.0/0000:5d:00.0/0000:5e:00.0'
[1756906227.101531] [eos0117:3273436:0]      ucp_worker.c:1436 UCX  DEBUG created interface[12]=0x555556b1ded0 using tcp/ibp94s0 on worker 0x55555696d900
[1756906227.101542] [eos0117:3273436:0]           mpool.c:138  UCX  DEBUG mpool uct_tcp_iface_tx_buf_mp: align 64, maxelems 4294967295, elemsize 8205
[1756906227.101543] [eos0117:3273436:0]           mpool.c:138  UCX  DEBUG mpool uct_tcp_iface_rx_buf_mp: align 64, maxelems 4294967295, elemsize 131090
[1756906227.102807] [eos0117:3273436:0]           async.c:248  UCX  DEBUG added async handler 0x55555689f0e0 [id=94 ref 1] uct_tcp_iface_connect_handler() to hash
[1756906227.102811] [eos0117:3273436:0]           async.c:522  UCX  DEBUG listening to async event fd 94 events 0x5 mode thread_spinlock
[1756906227.102813] [eos0117:3273436:0]       tcp_iface.c:596  UCX  DEBUG tcp_iface 0x555556b1ead0: listening for connections (fd=94) on 127.0.0.1:48361 netif lo
[1756906227.102821] [eos0117:3273436:0]            sock.c:90   UCX  DEBUG ioctl(req=35142, ifr_name=lo) failed: Operation not supported
[1756906227.102824] [eos0117:3273436:0]         tcp_net.c:61   UCX  DEBUG speed of lo is UNKNOWN, assuming 100 Mbps
[1756906227.102846] [eos0117:3273436:0]            topo.c:895  UCX  DEBUG /sys/class/net/lo: sysfs path undetected
[1756906227.102847] [eos0117:3273436:0]            topo.c:848  UCX  DEBUG lo: pci bandwidth undetected, using maximal value
[1756906227.102866] [eos0117:3273436:0]      ucp_worker.c:1436 UCX  DEBUG created interface[13]=0x555556b1ead0 using tcp/lo on worker 0x55555696d900
[1756906227.102910] [eos0117:3273436:0]         mm_sysv.c:97   UCX  DEBUG   mm failed to allocate 33023 bytes with hugetlb
[1756906227.102937] [eos0117:3273436:0]           mpool.c:138  UCX  DEBUG mpool mm_recv_desc: align 64, maxelems 4294967295, elemsize 8368
[1756906227.102947] [eos0117:3273436:0]         mm_sysv.c:97   UCX  DEBUG   mm failed to allocate 4292720 bytes with hugetlb
[1756906227.102962] [eos0117:3273436:0]           mpool.c:282  UCX  DEBUG mpool mm_recv_desc: allocated chunk 0x7ffd96fe7018 of 4296680 bytes with 512 elements
[1756906227.103752] [eos0117:3273436:0]        mm_iface.c:730  UCX  DEBUG created mm iface 0x5555567b2fe0 FIFO id 0x298012 va 0x7fffca379000 size 36864 (128 x 256 elems)
[1756906227.103768] [eos0117:3273436:0]      ucp_worker.c:1436 UCX  DEBUG created interface[14]=0x5555567b2fe0 using sysv/memory on worker 0x55555696d900
[1756906227.103824] [eos0117:3273436:0]        mm_posix.c:572  UCX  DEBUG   allocated posix shared memory at 0x7fffca370000 length 36864
[1756906227.103830] [eos0117:3273436:0]           mpool.c:138  UCX  DEBUG mpool mm_recv_desc: align 64, maxelems 4294967295, elemsize 8368
[1756906227.104906] [eos0117:3273436:0]        mm_posix.c:338  UCX  DEBUG   shared memory mmap(addr=(nil), length=6291456, flags= HUGETLB, fd=98) failed: Invalid argument
[1756906227.104911] [eos0117:3273436:0]        mm_posix.c:572  UCX  DEBUG   allocated posix shared memory at 0x7ffd96bce000 length 4296704
[1756906227.104915] [eos0117:3273436:0]           mpool.c:282  UCX  DEBUG mpool mm_recv_desc: allocated chunk 0x7ffd96bce018 of 4296680 bytes with 512 elements
[1756906227.105273] [eos0117:3273436:0]        mm_iface.c:730  UCX  DEBUG created mm iface 0x5555567b35d0 FIFO id 0xc00000180031f2dc va 0x7fffca370000 size 36864 (128 x 256 elems)
[1756906227.105278] [eos0117:3273436:0]      ucp_worker.c:1436 UCX  DEBUG created interface[15]=0x5555567b35d0 using posix/memory on worker 0x55555696d900
[1756906227.105294] [eos0117:3273436:0]           mpool.c:138  UCX  DEBUG mpool CUDA EVENT objects: align 64, maxelems 4294967295, elemsize 32
[1756906227.105299] [eos0117:3273436:0]      ucp_worker.c:1436 UCX  DEBUG creat